Component: ARM Compiler 5.06 update 7 (build 960) Tool: armlink [4d3601]

==============================================================================

Section Cross References

    adc.o(i.ADC_Current_Smooth) refers to pubfunc.o(i.ModulusSub) for ModulusSub
    adc.o(i.ADC_Current_Smooth) refers to adc.o(.data) for su8_ADcnt
    adc.o(i.ADC_Current_Smooth) refers to adc.o(.bss) for g_u32ADCValFilter2
    adc.o(i.ADC_Current_Smooth) refers to datadeal.o(.bss) for OtherElement
    adc.o(i.ADC_TTC) refers to pubfunc.o(i.GetEndValue) for GetEndValue
    adc.o(i.ADC_TTC) refers to adc.o(.bss) for g_u16ADCValFilter
    adc.o(i.ADC_TTC) refers to adc.o(.constdata) for iSheldTemp_10K
    adc.o(i.ADC_Vbc) refers to adc.o(.data) for s8ADcnt
    adc.o(i.ADC_Vbc) refers to adc.o(.bss) for g_u32ADCValFilter2
    adc.o(i.App_AnlogCal) refers to system_monitor.o(i.System_FUNC_StartUp) for System_FUNC_StartUp
    adc.o(i.App_AnlogCal) refers to adc.o(i.ADC_TTC) for ADC_TTC
    adc.o(i.App_AnlogCal) refers to system_init.o(.data) for g_st_SysTimeFlag
    adc.o(i.InitADC) refers to adc.o(i.InitADC_GPIO) for InitADC_GPIO
    adc.o(i.InitADC) refers to adc.o(i.InitADC_TIMER) for InitADC_TIMER
    adc.o(i.InitADC) refers to adc.o(i.InitADC_DMA) for InitADC_DMA
    adc.o(i.InitADC) refers to adc.o(i.InitADC_ADC1) for InitADC_ADC1
    adc.o(i.InitADC) refers to adc.o(.bss) for g_u16ADCValFilter
    adc.o(i.InitADC_ADC1) refers to stm32f10x_rcc.o(i.RCC_APB2PeriphClockCmd) for RCC_APB2PeriphClockCmd
    adc.o(i.InitADC_ADC1) refers to stm32f10x_adc.o(i.ADC_DeInit) for ADC_DeInit
    adc.o(i.InitADC_ADC1) refers to stm32f10x_adc.o(i.ADC_StructInit) for ADC_StructInit
    adc.o(i.InitADC_ADC1) refers to stm32f10x_adc.o(i.ADC_Init) for ADC_Init
    adc.o(i.InitADC_ADC1) refers to stm32f10x_rcc.o(i.RCC_ADCCLKConfig) for RCC_ADCCLKConfig
    adc.o(i.InitADC_ADC1) refers to stm32f10x_adc.o(i.ADC_RegularChannelConfig) for ADC_RegularChannelConfig
    adc.o(i.InitADC_ADC1) refers to stm32f10x_adc.o(i.ADC_Cmd) for ADC_Cmd
    adc.o(i.InitADC_ADC1) refers to stm32f10x_adc.o(i.ADC_DMACmd) for ADC_DMACmd
    adc.o(i.InitADC_ADC1) refers to stm32f10x_adc.o(i.ADC_ResetCalibration) for ADC_ResetCalibration
    adc.o(i.InitADC_ADC1) refers to stm32f10x_adc.o(i.ADC_GetResetCalibrationStatus) for ADC_GetResetCalibrationStatus
    adc.o(i.InitADC_ADC1) refers to stm32f10x_adc.o(i.ADC_StartCalibration) for ADC_StartCalibration
    adc.o(i.InitADC_ADC1) refers to stm32f10x_adc.o(i.ADC_GetCalibrationStatus) for ADC_GetCalibrationStatus
    adc.o(i.InitADC_ADC1) refers to stm32f10x_adc.o(i.ADC_ExternalTrigConvCmd) for ADC_ExternalTrigConvCmd
    adc.o(i.InitADC_DMA) refers to stm32f10x_rcc.o(i.RCC_AHBPeriphClockCmd) for RCC_AHBPeriphClockCmd
    adc.o(i.InitADC_DMA) refers to stm32f10x_dma.o(i.DMA_DeInit) for DMA_DeInit
    adc.o(i.InitADC_DMA) refers to stm32f10x_dma.o(i.DMA_StructInit) for DMA_StructInit
    adc.o(i.InitADC_DMA) refers to stm32f10x_dma.o(i.DMA_Init) for DMA_Init
    adc.o(i.InitADC_DMA) refers to stm32f10x_dma.o(i.DMA_Cmd) for DMA_Cmd
    adc.o(i.InitADC_DMA) refers to adc.o(.bss) for g_u16ADCValFilter
    adc.o(i.InitADC_GPIO) refers to stm32f10x_gpio.o(i.GPIO_Init) for GPIO_Init
    adc.o(i.InitADC_TIMER) refers to stm32f10x_rcc.o(i.RCC_APB1PeriphClockCmd) for RCC_APB1PeriphClockCmd
    adc.o(i.InitADC_TIMER) refers to stm32f10x_tim.o(i.TIM_Cmd) for TIM_Cmd
    adc.o(i.InitADC_TIMER) refers to stm32f10x_tim.o(i.TIM_TimeBaseInit) for TIM_TimeBaseInit
    adc.o(i.InitADC_TIMER) refers to stm32f10x_tim.o(i.TIM_OC2Init) for TIM_OC2Init
    adc.o(i.InitADC_TIMER) refers to system_monitor.o(.bss) for System_ErrFlag
    datadeal.o(i.App_AFEGet) refers to i2c_afe1.o(i.UpdateVoltageFromBqMaximo) for UpdateVoltageFromBqMaximo
    datadeal.o(i.App_AFEGet) refers to datadeal.o(i.MonitorAFE) for MonitorAFE
    datadeal.o(i.App_AFEGet) refers to datadeal.o(i.DataLoad_CellVolt) for DataLoad_CellVolt
    datadeal.o(i.App_AFEGet) refers to datadeal.o(i.DataLoad_CellVoltMaxMinFind) for DataLoad_CellVoltMaxMinFind
    datadeal.o(i.App_AFEGet) refers to datadeal.o(i.DataLoad_Temperature) for DataLoad_Temperature
    datadeal.o(i.App_AFEGet) refers to datadeal.o(i.DataLoad_TemperatureMaxMinFind) for DataLoad_TemperatureMaxMinFind
    datadeal.o(i.App_AFEGet) refers to datadeal.o(i.DataLoad_Current) for DataLoad_Current
    datadeal.o(i.App_AFEGet) refers to sh367309_func.o(i.App_SH367309) for App_SH367309
    datadeal.o(i.App_AFEGet) refers to io_control.o(i.App_MOS_Relay_Ctrl) for App_MOS_Relay_Ctrl
    datadeal.o(i.App_AFEGet) refers to system_init.o(.data) for gu8_200msAccClock_Flag2
    datadeal.o(i.App_AFEGet) refers to eeprom.o(.data) for u32E2P_Pro_VolCur_WriteFlag
    datadeal.o(i.DataLoad_CellVolt) refers to main.o(.data) for SeriesNum
    datadeal.o(i.DataLoad_CellVolt) refers to main.o(.constdata) for SeriesSelect_AFE1
    datadeal.o(i.DataLoad_CellVolt) refers to i2c_afe1.o(.bss) for SH367309_Read_AFE1
[...]
    SOC_RefreshData_Monitor                  0x0800d26d   Thumb Code    82  socenhance.o(i.SOC_RefreshData_Monitor)
    SOC_Result_Pass                          0x0800d2cd   Thumb Code   160  socenhance.o(i.SOC_Result_Pass)
    SOC_State_Transfer                       0x0800d379   Thumb Code   172  socenhance.o(i.SOC_State_Transfer)
    SOC_Update_StartUp                       0x0800d439   Thumb Code   134  socenhance.o(i.SOC_Update_StartUp)
    SVC_Handler                              0x0800d4cd   Thumb Code     2  stm32f10x_it.o(i.SVC_Handler)
    Sci1_CommonUpper_FaultChk                0x0800d4d1   Thumb Code   120  sci_upper.o(i.Sci1_CommonUpper_FaultChk)
    Sci1_CommonUpper_Rx_Deal                 0x0800d551   Thumb Code   266  sci_upper.o(i.Sci1_CommonUpper_Rx_Deal)
    Sci1_CommonUpper_Tx_Deal                 0x0800d661   Thumb Code   186  sci_upper.o(i.Sci1_CommonUpper_Tx_Deal)
    Sci_ACK_0x03                             0x0800d73d   Thumb Code   274  sci_upper.o(i.Sci_ACK_0x03)
    Sci_ACK_0x03_RW_AFE_Parameters           0x0800d855   Thumb Code    50  sh367309_datadeal.o(i.Sci_ACK_0x03_RW_AFE_Parameters)
    Sci_ACK_0x03_RW_Data_Cali                0x0800d88d   Thumb Code    70  sci_upper.o(i.Sci_ACK_0x03_RW_Data_Cali)
    Sci_ACK_0x03_RW_Data_Other               0x0800d8dd   Thumb Code   208  sci_upper.o(i.Sci_ACK_0x03_RW_Data_Other)
    Sci_ACK_0x03_RW_Data_OtherCanAdd         0x0800d9cd   Thumb Code    80  sci_upper.o(i.Sci_ACK_0x03_RW_Data_OtherCanAdd)
    Sci_ACK_0x03_RW_Data_Pro                 0x0800da25   Thumb Code    44  sci_upper.o(i.Sci_ACK_0x03_RW_Data_Pro)
    Sci_ACK_0x03_ReadRegs_Data               0x0800da55   Thumb Code  1052  sci_upper.o(i.Sci_ACK_0x03_ReadRegs_Data)
    Sci_ACK_0x03_ReadRegs_EventRecord        0x0800de71   Thumb Code    70  logrecord.o(i.Sci_ACK_0x03_ReadRegs_EventRecord)
    Sci_ACK_0x03_ReadRegs_LCD                0x0800dec1   Thumb Code   440  sci_upper.o(i.Sci_ACK_0x03_ReadRegs_LCD)
    Sci_ACK_0x06_0x10                        0x0800e08d   Thumb Code    90  sci_upper.o(i.Sci_ACK_0x06_0x10)
    Sci_CRC16RTU                             0x0800e0e7   Thumb Code    54  pubfunc.o(i.Sci_CRC16RTU)
    Sci_DataInit                             0x0800e11d   Thumb Code    54  sci_upper.o(i.Sci_DataInit)
    Sci_Deal_ReadRegs_0x03                   0x0800e159   Thumb Code   160  sci_upper.o(i.Sci_Deal_ReadRegs_0x03)
    Sci_Deal_WrReg_0x06                      0x0800e1f9   Thumb Code   182  sci_upper.o(i.Sci_Deal_WrReg_0x06)
    Sci_Deal_WrRegs_0x10                     0x0800e2af   Thumb Code   604  sci_upper.o(i.Sci_Deal_WrRegs_0x10)
    Sci_WrReg_0x06_BMS_FunctionOFF           0x0800e50d   Thumb Code    82  sci_upper.o(i.Sci_WrReg_0x06_BMS_FunctionOFF)
    Sci_WrReg_0x06_BMS_FunctionON            0x0800e565   Thumb Code   328  sci_upper.o(i.Sci_WrReg_0x06_BMS_FunctionON)
    Sci_WrReg_0x06_Reset_AFE_Parameters      0x0800e6bd   Thumb Code    40  sh367309_datadeal.o(i.Sci_WrReg_0x06_Reset_AFE_Parameters)
    Sci_WrReg_0x06_Reset_CalibCoef           0x0800e6e9   Thumb Code   432  sci_upper.o(i.Sci_WrReg_0x06_Reset_CalibCoef)
    Sci_WrReg_0x06_Reset_EventRecord         0x0800e8a1   Thumb Code    66  logrecord.o(i.Sci_WrReg_0x06_Reset_EventRecord)
    Sci_WrReg_0x06_Reset_HeatCool            0x0800e8f1   Thumb Code    74  sci_upper.o(i.Sci_WrReg_0x06_Reset_HeatCool)
    Sci_WrReg_0x06_Reset_OtherCanAdd         0x0800e949   Thumb Code   124  sci_upper.o(i.Sci_WrReg_0x06_Reset_OtherCanAdd)
    Sci_WrReg_0x06_Reset_ProtectElement      0x0800e9e1   Thumb Code    92  sci_upper.o(i.Sci_WrReg_0x06_Reset_ProtectElement)
    Sci_WrReg_0x06_Reset_ProtectRecord       0x0800ea51   Thumb Code    88  sci_upper.o(i.Sci_WrReg_0x06_Reset_ProtectRecord)
    Sci_WrReg_0x06_SetSocOnce                0x0800eacd   Thumb Code    38  sci_upper.o(i.Sci_WrReg_0x06_SetSocOnce)
    Sci_WrReg_0x06_SwitchOFF                 0x0800eaf9   Thumb Code    28  sci_upper.o(i.Sci_WrReg_0x06_SwitchOFF)
    Sci_WrReg_0x06_SwitchON                  0x0800eb15   Thumb Code    28  sci_upper.o(i.Sci_WrReg_0x06_SwitchON)
    Sci_WrRegs_0x10_AFE_Parameters           0x0800eb31   Thumb Code   164  sh367309_datadeal.o(i.Sci_WrRegs_0x10_AFE_Parameters)
    Sci_WrRegs_0x10_Balance                  0x0800ebdd   Thumb Code   148  sci_upper.o(i.Sci_WrRegs_0x10_Balance)
    Sci_WrRegs_0x10_CalibCoef                0x0800ec79   Thumb Code   160  sci_upper.o(i.Sci_WrRegs_0x10_CalibCoef)
    Sci_WrRegs_0x10_CopperLoss               0x0800ed2d   Thumb Code   106  sci_upper.o(i.Sci_WrRegs_0x10_CopperLoss)
    Sci_WrRegs_0x10_FlashConnect             0x0800eda5   Thumb Code    58  sci_upper.o(i.Sci_WrRegs_0x10_FlashConnect)
    Sci_WrRegs_0x10_HeatCoolElement          0x0800ede9   Thumb Code    78  sci_upper.o(i.Sci_WrRegs_0x10_HeatCoolElement)
    Sci_WrRegs_0x10_Protect                  0x0800ee41   Thumb Code   144  sci_upper.o(i.Sci_WrRegs_0x10_Protect)
    Sci_WrRegs_0x10_RTC                      0x0800eee1   Thumb Code    74  sci_upper.o(i.Sci_WrRegs_0x10_RTC)
    Sci_WrRegs_0x10_SN_Version               0x0800ef35   Thumb Code   216  sci_upper.o(i.Sci_WrRegs_0x10_SN_Version)
    Sci_WrRegs_0x10_SleepElement             0x0800f011   Thumb Code   150  sci_upper.o(i.Sci_WrRegs_0x10_SleepElement)
    Sci_WrRegs_0x10_SocElement               0x0800f0b1   Thumb Code   124  sci_upper.o(i.Sci_WrRegs_0x10_SocElement)
    Sci_WrRegs_0x10_SocTable                 0x0800f139   Thumb Code    78  sci_upper.o(i.Sci_WrRegs_0x10_SocTable)
    Sci_WrRegs_0x10_SysOther                 0x0800f191   Thumb Code   156  sci_upper.o(i.Sci_WrRegs_0x10_SysOther)
    Sci_WrRegs_0x10_SystemElement            0x0800f239   Thumb Code   154  sci_upper.o(i.Sci_WrRegs_0x10_SystemElement)
    SleepDeal_Continue                       0x0800f399   Thumb Code   318  sleepdeal.o(i.SleepDeal_Continue)
    SleepDeal_Normal_L2                      0x0800f4e5   Thumb Code   292  sleepdeal.o(i.SleepDeal_Normal_L2)
    SleepDeal_Normal_L3                      0x0800f62d   Thumb Code   248  sleepdeal.o(i.SleepDeal_Normal_L3)
    SleepDeal_Normal_Select                  0x0800f741   Thumb Code   136  sleepdeal.o(i.SleepDeal_Normal_Select)
    SysTick_Handler                          0x0800f7d9   Thumb Code     2  stm32f10x_it.o(i.SysTick_Handler)
    Sys_StopMode                             0x0800f7db   Thumb Code    12  conf.o(i.Sys_StopMode)
    SystemInit                               0x0800f7e9   Thumb Code    76  system_stm32f10x.o(i.SystemInit)
    SystemMonitorResetData_EEPROM            0x0800f849   Thumb Code   132  system_monitor.o(i.SystemMonitorResetData_EEPROM)
    System_ERROR_UserCallback                0x0800f8d1   Thumb Code   760  system_monitor.o(i.System_ERROR_UserCallback)
    System_FUNC_StartUp                      0x0800fbcd   Thumb Code     6  system_monitor.o(i.System_FUNC_StartUp)
    TIM3_IRQHandler                          0x0800fbd5   Thumb Code   176  system_init.o(i.TIM3_IRQHandler)
    TIM_ClearITPendingBit                    0x0800fcad   Thumb Code     6  stm32f10x_tim.o(i.TIM_ClearITPendingBit)
    TIM_Cmd                                  0x0800fcb3   Thumb Code    24  stm32f10x_tim.o(i.TIM_Cmd)
    TIM_GetITStatus                          0x0800fccb   Thumb Code    34  stm32f10x_tim.o(i.TIM_GetITStatus)
    TIM_ITConfig                             0x0800fced   Thumb Code    18  stm32f10x_tim.o(i.TIM_ITConfig)
    TIM_OC2Init                              0x0800fd01   Thumb Code   154  stm32f10x_tim.o(i.TIM_OC2Init)
    TIM_TimeBaseInit                         0x0800fda5   Thumb Code   122  stm32f10x_tim.o(i.TIM_TimeBaseInit)
    TwiChkClkRelease                         0x0800fe49   Thumb Code    96  i2c_afe1.o(i.TwiChkClkRelease)
    TwiGetData                               0x0800feb1   Thumb Code   152  i2c_afe1.o(i.TwiGetData)
    TwiReStart                               0x0800ff55   Thumb Code    38  i2c_afe1.o(i.TwiReStart)
    TwiRead                                  0x0800ff85   Thumb Code   206  i2c_afe1.o(i.TwiRead)
    TwiSendData                              0x08010055   Thumb Code   258  i2c_afe1.o(i.TwiSendData)
    TwiStart                                 0x08010165   Thumb Code    76  i2c_afe1.o(i.TwiStart)
    TwiStop                                  0x080101bd   Thumb Code   100  i2c_afe1.o(i.TwiStop)
    TwiWrite                                 0x0801022d   Thumb Code   140  i2c_afe1.o(i.TwiWrite)
    U16_SwapEndian                           0x080102b9   Thumb Code    12  pubfunc.o(i.U16_SwapEndian)
    USART1_IRQHandler                        0x080102c5   Thumb Code    40  stm32f10x_it.o(i.USART1_IRQHandler)
    USART2_IRQHandler                        0x080102f9   Thumb Code    26  stm32f10x_it.o(i.USART2_IRQHandler)
    USART3_IRQHandler                        0x0801031d   Thumb Code    26  stm32f10x_it.o(i.USART3_IRQHandler)
    USART_Cmd                                0x08010341   Thumb Code    24  stm32f10x_usart.o(i.USART_Cmd)
    USART_GetFlagStatus                      0x08010359   Thumb Code    26  stm32f10x_usart.o(i.USART_GetFlagStatus)
    USART_GetITStatus                        0x08010373   Thumb Code    84  stm32f10x_usart.o(i.USART_GetITStatus)
    USART_ITConfig                           0x080103c7   Thumb Code    74  stm32f10x_usart.o(i.USART_ITConfig)
    USART_Init                               0x08010411   Thumb Code   210  stm32f10x_usart.o(i.USART_Init)
    USART_SendData                           0x080104e9   Thumb Code     8  stm32f10x_usart.o(i.USART_SendData)
    USB_LP_CAN1_RX0_IRQHandler               0x080104f1   Thumb Code    58  can_hdx.o(i.USB_LP_CAN1_RX0_IRQHandler)
    UpdateVoltageFromBqMaximo                0x0801053d   Thumb Code   304  i2c_afe1.o(i.UpdateVoltageFromBqMaximo)
    UsageFault_Handler                       0x08010681   Thumb Code     4  stm32f10x_it.o(i.UsageFault_Handler)
    WriteEEPROM_Byte                         0x08010685   Thumb Code   122  eeprom.o(i.WriteEEPROM_Byte)
    WriteEEPROM_ByteData_Circle              0x08010705   Thumb Code   522  eeprom.o(i.WriteEEPROM_ByteData_Circle)
    WriteEEPROM_Word_NoZone                  0x08010949   Thumb Code   102  eeprom.o(i.WriteEEPROM_Word_NoZone)
    WriteProID                               0x080109b1   Thumb Code   206  productionid.o(i.WriteProID)
    WriteProID_Default                       0x08010a85   Thumb Code    98  productionid.o(i.WriteProID_Default)
    Write_Parameters                         0x08010b0d   Thumb Code    70  sh367309_datadeal.o(i.Write_Parameters)
    __0printf                                0x08010b59   Thumb Code    22  printfa.o(i.__0printf)
    __1printf                                0x08010b59   Thumb Code     0  printfa.o(i.__0printf)
    __2printf                                0x08010b59   Thumb Code     0  printfa.o(i.__0printf)
    __c89printf                              0x08010b59   Thumb Code     0  printfa.o(i.__0printf)
    printf                                   0x08010b59   Thumb Code     0  printfa.o(i.__0printf)
    __delay_ms                               0x08010b79   Thumb Code    78  system_init.o(i.__delay_ms)
    __delay_us                               0x08010bcd   Thumb Code    72  system_init.o(i.__delay_us)
    __scatterload_copy                       0x08010c19   Thumb Code    14  handlers.o(i.__scatterload_copy)
    __scatterload_null                       0x08010c27   Thumb Code     2  handlers.o(i.__scatterload_null)
    __scatterload_zeroinit                   0x08010c29   Thumb Code    14  handlers.o(i.__scatterload_zeroinit)
    canardBroadcast                          0x080116a3   Thumb Code    64  canard.o(i.canardBroadcast)
    canardBroadcastObj                       0x080116e3   Thumb Code   186  canard.o(i.canardBroadcastObj)
    canardConvertNativeFloatToFloat16        0x0801179d   Thumb Code   138  canard.o(i.canardConvertNativeFloatToFloat16)
    canardEncodeScalar                       0x0801182d   Thumb Code   188  canard.o(i.canardEncodeScalar)
    canardGetLocalNodeID                     0x080118e9   Thumb Code     6  canard.o(i.canardGetLocalNodeID)
    canardInit                               0x080118ef   Thumb Code    70  canard.o(i.canardInit)
    canardPeekTxQueue                        0x08011935   Thumb Code    16  canard.o(i.canardPeekTxQueue)
    canardPopTxQueue                         0x08011945   Thumb Code    22  canard.o(i.canardPopTxQueue)
    canardSTM32Transmit                      0x0801195d   Thumb Code   216  canard_stm32.o(i.canardSTM32Transmit)
    canardSetLocalNodeID                     0x08011a41   Thumb Code    16  canard.o(i.canardSetLocalNodeID)
    dronecan_init                            0x08011c61   Thumb Code    88  main.o(i.dronecan_init)
    entersleep                               0x08011ea5   Thumb Code    86  rtc_sleep.o(i.entersleep)
    fputc                                    0x08011f09   Thumb Code    32  sci_upper.o(i.fputc)
    initAFE1_IIC                             0x08011f51   Thumb Code    70  i2c_afe1.o(i.initAFE1_IIC)
    isCHG                                    0x08011fe1   Thumb Code    18  socenhance.o(i.isCHG)
    jtag_disableAndConfIO                    0x0801213d   Thumb Code    28  pubfunc.o(i.jtag_disableAndConfIO)
    main                                     0x0801215d   Thumb Code    72  main.o(i.main)
    sendCanard                               0x08012241   Thumb Code    48  main.o(i.sendCanard)
    soc_cali                                 0x08012459   Thumb Code   110  socenhance.o(i.soc_cali)
    soc_factory_param_init_first             0x080124d5   Thumb Code    66  socenhance.o(i.soc_factory_param_init_first)
    soc_param_lib_init                       0x08012525   Thumb Code   204  socenhance.o(i.soc_param_lib_init)
    test_dronecan                            0x0801261d   Thumb Code    24  main.o(i.test_dronecan)
    uavcan_equipment_power_BatteryInfo_encode 0x08012639   Thumb Code    38  uavcan.equipment.power.batteryinfo.o(i.uavcan_equipment_power_BatteryInfo_encode)
    iSheldTemp_10K                           0x0801265e   Data         112  adc.o(.constdata)
    iSheldTemp_10K_AFE                       0x08012b64   Data         112  i2c_afe1.o(.constdata)
    CRC8Table                                0x08012bd4   Data         256  i2c_afe1.o(.constdata)
    SeriesSelect_AFE1                        0x08012cd4   Data         256  main.o(.constdata)
    SOC_Table_LiFePO                         0x08012ec8   Data          84  socenhance.o(.constdata)
    SocTable_TernaryLi                       0x08012f1c   Data          84  socenhance.o(.constdata)
    SocTable_LiFePO2                         0x08012f70   Data          84  socenhance.o(.constdata)
    AFE_OCD1V_OCCV                           0x08012fc4   Data          32  sh367309_datadeal.o(.constdata)
    AFE_SCV                                  0x08012fe4   Data          32  sh367309_datadeal.o(.constdata)
    AFE_OVT_UVT                              0x08013004   Data          32  sh367309_datadeal.o(.constdata)
    AFE_SCT                                  0x08013024   Data          32  sh367309_datadeal.o(.constdata)
    AFE_OCD1T                                0x08013044   Data          32  sh367309_datadeal.o(.constdata)
    AFE_OCCT_OCD2T                           0x08013064   Data          32  sh367309_datadeal.o(.constdata)
    Region$$Table$$Base                      0x080130c0   Number         0  anon$$obj.o(Region$$Table)
    Region$$Table$$Limit                     0x080130e0   Number         0  anon$$obj.o(Region$$Table)
    u8IICFaultcnt1                           0x20000000   Data           1  datadeal.o(.data)
    u8WakeCnt1                               0x20000001   Data           1  datadeal.o(.data)
    u8IICFaultcnt2                           0x20000002   Data           1  datadeal.o(.data)
    u8WakeCnt2                               0x20000003   Data           1  datadeal.o(.data)
    g_u32CS_Res_AFE                          0x20000004   Data           4  datadeal.o(.data)
    u32_ChgCur_mA                            0x20000008   Data           4  datadeal.o(.data)
    u32_DsgCur_mA                            0x2000000c   Data           4  datadeal.o(.data)
    u32E2P_Pro_VolCur_WriteFlag              0x20000020   Data           4  eeprom.o(.data)
    u32E2P_Pro_Temp_WriteFlag                0x20000024   Data           4  eeprom.o(.data)
    u32E2P_Pro_Other_WriteFlag               0x20000028   Data           4  eeprom.o(.data)
    u32E2P_RTC_Element_WriteFlag             0x2000002c   Data           4  eeprom.o(.data)
    u32E2P_OtherElement1_WriteFlag           0x20000030   Data           4  eeprom.o(.data)
    u32E2P_HeatCool_WriteFlag                0x20000034   Data           4  eeprom.o(.data)
    u8E2P_SocTable_WriteFlag                 0x20000038   Data           1  eeprom.o(.data)
    u8E2P_CopperLoss_WriteFlag               0x20000039   Data           1  eeprom.o(.data)
    u8E2P_KB_WriteFlag                       0x2000003a   Data           1  eeprom.o(.data)
    u8E2P_KB_WritePos                        0x2000003b   Data           1  eeprom.o(.data)
    curr_offset                              0x2000003c   Data           2  eeprom.o(.data)
    OffsetValue_CHG                          0x2000003e   Data           2  eeprom.o(.data)
    OffsetValue_DSG                          0x20000040   Data           2  eeprom.o(.data)
    Fault_Flag_Fisrt                         0x20000050   Data           2  fault.o(.data)
    Fault_Flag_Second                        0x20000052   Data           2  fault.o(.data)
    Fault_Flag_Third                         0x20000054   Data           2  fault.o(.data)
    FaultPoint_First                         0x20000056   Data           1  fault.o(.data)
    FaultPoint_Second                        0x20000057   Data           1  fault.o(.data)
    FaultPoint_Third                         0x20000058   Data           1  fault.o(.data)
    FaultPoint_First2                        0x20000059   Data           1  fault.o(.data)
    FaultPoint_Second2                       0x2000005a   Data           1  fault.o(.data)
    FaultPoint_Third2                        0x2000005b   Data           1  fault.o(.data)
    FaultCnt_StartUp_First                   0x2000005c   Data           2  fault.o(.data)
    FaultCnt_StartUp_Second                  0x2000005e   Data           2  fault.o(.data)
    FaultCnt_StartUp_Third                   0x20000060   Data           2  fault.o(.data)
    HeatCtrl_Command                         0x200000b0   Data           1  heat_cool.o(.data)
    CoolCtrl_Command                         0x200000b1   Data           1  heat_cool.o(.data)
    Heat_Cool_FaultFlag                      0x200000b2   Data           2  heat_cool.o(.data)
    SeriesNum                                0x20000100   Data           1  main.o(.data)
    TimeDisplay                              0x20000106   Data           1  rtc.o(.data)
    Systmtime                                0x20000108   Data          24  rtc.o(.data)
    month_days                               0x20000120   Data          12  rtc.o(.data)
    is_rtc_wakekup                           0x2000012c   Data           1  rtc.o(.data)
    rtc_cnt                                  0x2000012e   Data           2  rtc.o(.data)
    gu16_CommuErrCnt_SCI1                    0x20000130   Data           2  sci_upper.o(.data)
    gu8_TxEnable_SCI1                        0x20000132   Data           1  sci_upper.o(.data)
    gu8_TxFinishFlag_SCI1                    0x20000133   Data           1  sci_upper.o(.data)
    gu16_CommuErrCnt_SCI2                    0x20000134   Data           2  sci_upper.o(.data)
    gu8_TxEnable_SCI2                        0x20000136   Data           1  sci_upper.o(.data)
    gu8_TxFinishFlag_SCI2                    0x20000137   Data           1  sci_upper.o(.data)
    gu16_CommuErrCnt_SCI3                    0x20000138   Data           2  sci_upper.o(.data)
    gu8_TxEnable_SCI3                        0x2000013a   Data           1  sci_upper.o(.data)
    gu8_TxFinishFlag_SCI3                    0x2000013b   Data           1  sci_upper.o(.data)
    u8FlashUpdateFlag                        0x2000013c   Data           1  sci_upper.o(.data)
    u8FlashUpdateE2PROM                      0x2000013d   Data           1  sci_upper.o(.data)
    Sleep_Mode                               0x20000144   Data           2  sleepdeal.o(.data)
    Sleep_Status                             0x20000146   Data           1  sleepdeal.o(.data)
    gu8_SleepStatus                          0x20000147   Data           1  sleepdeal.o(.data)
    RTC_ExtComCnt                            0x20000148   Data           1  sleepdeal.o(.data)
    reset_sleep_state                        0x20000149   Data           1  sleepdeal.o(.data)
    g_st_SysTimeFlag                         0x20000194   Data           2  system_init.o(.data)
    CBC_Element                              0x20000196   Data           4  system_init.o(.data)
    g_u81msCnt                               0x2000019a   Data           1  system_init.o(.data)
    g_u810msClockCnt                         0x2000019b   Data           1  system_init.o(.data)
    g_u81msClockCnt                          0x2000019c   Data           1  system_init.o(.data)
    gu8_200msCnt                             0x2000019d   Data           1  system_init.o(.data)
    gu8_200msAccClock_Flag                   0x2000019e   Data           1  system_init.o(.data)
    gu8_200msAccClock_Flag2                  0x2000019f   Data           1  system_init.o(.data)
    gu8_1000msAccClock_Flag                  0x200001a0   Data           1  system_init.o(.data)
    System_OnOFF_Func                        0x200001b4   Data           4  system_monitor.o(.data)
    System_OnOFF_Func_StartUpRec             0x200001b8   Data           4  system_monitor.o(.data)
    SystemStatus                             0x200001bc   Data           4  system_monitor.o(.data)
    System_Func_StartUp                      0x200001c0   Data           4  system_monitor.o(.data)
    Can_Status_Flag                          0x200001c8   Data           1  can_hdx.o(.data)
    CanTxType_Flag                           0x200001cc   Data           4  can_hdx.o(.data)
    g_u16BusOff_InitTestCnt                  0x200001d0   Data           2  can_hdx.o(.data)
    g_u16BusOff_RecoverCnt                   0x200001d2   Data           2  can_hdx.o(.data)
    g_enBalanceState                         0x200001d6   Data           1  cell_balance.o(.data)
    CellBalFlag_AFE1                         0x200001d8   Data           2  cell_balance.o(.data)
    g_u8CBnMonitor                           0x200001da   Data           1  cell_balance.o(.data)
    g_u8CBn_StatusFlag                       0x200001db   Data           1  cell_balance.o(.data)
    ChargerLoad_Func                         0x200001ec   Data           2  chargerloadfunc.o(.data)
    BMS_LOG_POINT                            0x200001f4   Data           1  logrecord.o(.data)
    LogRecord_Flag                           0x200001f5   Data           1  logrecord.o(.data)
    gu8_Reset_EventRecord                    0x200001f6   Data           1  logrecord.o(.data)
    su32_Interval_S_Tcnt                     0x200001f8   Data           4  logrecord.o(.data)
    LedBar_Command                           0x200001fe   Data           1  ledbar.o(.data)
    RelayCtrl_Command                        0x2000021c   Data           1  io_control.o(.data)
    MOSCtrl_Command                          0x2000021d   Data           1  io_control.o(.data)
    Switch_OnOFF_Func                        0x20000220   Data           4  io_control.o(.data)
    gu8_DsgFirstOpen_Flag                    0x20000224   Data           1  io_control.o(.data)
    Relay_Command_SameDoor_HavePreChg        0x20000228   Data           1  iodrivers.o(.data)
    Relay_Command_DiffDoor_HavePreChg        0x20000229   Data           1  iodrivers.o(.data)
    MosCtrl_Command_SameDoor_HavePreChg      0x2000022a   Data           1  iodrivers.o(.data)
    MosCtrl_Command_BootStrap_Cir            0x2000022b   Data           1  iodrivers.o(.data)
    SOC_Cali_Flag                            0x20000330   Data           1  socenhance.o(.data)
    AFE_PARAM_WRITE_Flag                     0x20000358   Data           4  sh367309_datadeal.o(.data)
    AFE_ResetFlag                            0x2000035c   Data           4  sh367309_datadeal.o(.data)
    AFE_Parameters_RS485_Struction           0x20000360   Data         192  sh367309_datadeal.o(.data)
    gu8_DriverStartUpFlag                    0x20000420   Data           1  sh367309_func.o(.data)
    iSheldTemp_10K_NTC                       0x20000422   Data         282  sh367309_func.o(.data)
    ucMTPBuffer                              0x2000053c   Data          26  sh367309_func.o(.data)
    aaaaaa1                                  0x20000556   Data           2  sh367309_func.o(.data)
    aaaaaa2                                  0x20000558   Data           2  sh367309_func.o(.data)
    aaaaaa3                                  0x2000055a   Data           2  sh367309_func.o(.data)
    aaaaaa4                                  0x2000055c   Data           2  sh367309_func.o(.data)
    aaa11                                    0x2000055e   Data           1  sh367309_func.o(.data)
    g_irq_t                                  0x2000056c   Data           1  rtc_sleep.o(.data)
    g_Psoc                                   0x2000056d   Data           5  rtc_sleep.o(.data)
    is_wakeup                                0x2000057d   Data           1  rtc_sleep.o(.data)
    gu8_WakeUp_Type                          0x2000057e   Data           2  rtc_sleep.o(.data)
    SystemCoreClock                          0x200005a0   Data           4  system_stm32f10x.o(.data)
    AHBPrescTable                            0x200005a4   Data          16  system_stm32f10x.o(.data)
    sys_time                                 0x200005c8   Data         128  conf.o(.data)
    __stdout                                 0x20000648   Data           4  stdout.o(.data)
    g_u16ADCValFilter                        0x2000064c   Data          22  adc.o(.bss)
    g_u32ADCValFilter2                       0x20000664   Data          44  adc.o(.bss)
    g_i32ADCResult                           0x20000690   Data          44  adc.o(.bss)
    g_u16CalibCoefK                          0x200006bc   Data          94  datadeal.o(.bss)
    g_i16CalibCoefB                          0x2000071a   Data          94  datadeal.o(.bss)
    CopperLoss                               0x20000778   Data          32  datadeal.o(.bss)
    CopperLoss_Num                           0x20000798   Data          32  datadeal.o(.bss)
    OtherElement                             0x200007b8   Data          64  datadeal.o(.bss)
    PRT_E2ROMParas                           0x200007f8   Data         130  fault.o(.bss)
    Fault_record_First                       0x2000087a   Data          20  fault.o(.bss)
    Fault_record_Second                      0x2000088e   Data          20  fault.o(.bss)
    Fault_record_Third                       0x200008a2   Data          20  fault.o(.bss)
    RTC_Fault_record_Third                   0x200008b6   Data         120  fault.o(.bss)
    Fault_record_First2                      0x2000092e   Data          20  fault.o(.bss)
    Fault_record_Second2                     0x20000942   Data          20  fault.o(.bss)
    Fault_record_Third2                      0x20000956   Data          20  fault.o(.bss)
    Heat_Cool_Element                        0x2000096a   Data          48  heat_cool.o(.bss)
    Registers_AFE1                           0x2000099c   Data          42  i2c_afe1.o(.bss)
    SH367309_Read_AFE1                       0x200009c8   Data          48  i2c_afe1.o(.bss)
    RTC_time                                 0x20000c4c   Data          24  rtc.o(.bss)
    g_stCurrentMsgPtr_SCI1                   0x20000c64   Data         262  sci_upper.o(.bss)
    g_stCurrentMsgPtr_SCI2                   0x20000d6a   Data         262  sci_upper.o(.bss)
    g_stCurrentMsgPtr_SCI3                   0x20000e70   Data         262  sci_upper.o(.bss)
    g_u8SCITxBuff                            0x20000f76   Data         251  sci_upper.o(.bss)
    g_stCellInfoReport                       0x20001072   Data         126  sci_upper.o(.bss)
    SOC_Table_Set                            0x200010f0   Data          84  soc.o(.bss)
    System_ErrFlag                           0x20001144   Data          24  system_monitor.o(.bss)
    ProductionInfor                          0x2000115c   Data         112  productionid.o(.bss)
    TxMessage                                0x200011cc   Data          20  can_hdx.o(.bss)
    RxMessage                                0x200011e0   Data          20  can_hdx.o(.bss)
    g_enCellBalanceStatus                    0x200011f4   Data          16  cell_balance.o(.bss)
    g_u8CellBalanceFilterCnt                 0x20001204   Data          16  cell_balance.o(.bss)
    BMS_LOG_RECORD                           0x20001214   Data         200  logrecord.o(.bss)
    Driver_Element                           0x200012f4   Data          24  iodrivers.o(.bss)
    Driver_Element_last                      0x2000130c   Data          24  iodrivers.o(.bss)
    Driver_GPIO                              0x20001324   Data          32  iodrivers.o(.bss)
    SOC_Enhance_Element                      0x20001344   Data         162  socenhance.o(.bss)
    SOC_Calculate_Element                    0x200013e8   Data          40  socenhance.o(.bss)
    SOC_Calculate_Element_backup             0x20001410   Data          40  socenhance.o(.bss)
    AFE_ROM_PARAMETERS_Struction             0x20001438   Data          26  sh367309_datadeal.o(.bss)
    SH367309_Reg_Store                       0x20001452   Data          12  sh367309_func.o(.bss)
    __initial_sp                             0x20002070   Data           0  startup_stm32f10x_hd.o(STACK)



==============================================================================

Memory Map of the image

  Image Entry point : 0x08004931

  Load Region LR_IROM1 (Base: 0x08004800, Size: 0x0000ef2c, Max: 0x00020000, ABSOLUTE, COMPRESSED[0x0000eb08])

    Execution Region ER_IROM1 (Exec base: 0x08004800, Load base: 0x08004800, Size: 0x0000e8e0, Max: 0x00020000, ABSOLUTE)

    Exec Addr    Load Addr    Size         Type   Attr      Idx    E Section Name        Object

    0x08004800   0x08004800   0x00000130   Data   RO         3791    RESET               startup_stm32f10x_hd.o
    0x08004930   0x08004930   0x00000000   Code   RO         7297  * .ARM.Collect$$$$00000000  mc_w.l(entry.o)
    0x08004930   0x08004930   0x00000004   Code   RO         7595    .ARM.Collect$$$$00000001  mc_w.l(entry2.o)
    0x08004934   0x08004934   0x00000004   Code   RO         7598    .ARM.Collect$$$$00000004  mc_w.l(entry5.o)
    0x08004938   0x08004938   0x00000000   Code   RO         7600    .ARM.Collect$$$$00000008  mc_w.l(entry7b.o)
    0x08004938   0x08004938   0x00000000   Code   RO         7602    .ARM.Collect$$$$0000000A  mc_w.l(entry8b.o)
    0x08004938   0x08004938   0x00000008   Code   RO         7603    .ARM.Collect$$$$0000000B  mc_w.l(entry9a.o)
    0x08004940   0x08004940   0x00000004   Code   RO         7610    .ARM.Collect$$$$0000000E  mc_w.l(entry12b.o)
    0x08004944   0x08004944   0x00000000   Code   RO         7605    .ARM.Collect$$$$0000000F  mc_w.l(entry10a.o)
    0x08004944   0x08004944   0x00000000   Code   RO         7607    .ARM.Collect$$$$00000011  mc_w.l(entry11a.o)
    0x08004944   0x08004944   0x00000004   Code   RO         7596    .ARM.Collect$$$$00002712  mc_w.l(entry2.o)
    0x08004948   0x08004948   0x00000002   Code   RO         3796    .emb_text           stm32f10x_it.o
    0x0800494a   0x0800494a   0x00000002   PAD
    0x0800494c   0x0800494c   0x00000024   Code   RO         3792    .text               startup_stm32f10x_hd.o
    0x08004970   0x08004970   0x0000001e   Code   RO         7300    .text               mc_w.l(llshl.o)
    0x0800498e   0x0800498e   0x00000020   Code   RO         7302    .text               mc_w.l(llushr.o)
    0x080049ae   0x080049ae   0x00000024   Code   RO         7304    .text               mc_w.l(memcpya.o)
    0x080049d2   0x080049d2   0x00000024   Code   RO         7306    .text               mc_w.l(memseta.o)
    0x080049f6   0x080049f6   0x00000018   Code   RO         7310    .text               mc_w.l(strncpy.o)
    0x08004a0e   0x08004a0e   0x000000b0   Code   RO         7581    .text               mf_w.l(fadd.o)
    0x08004abe   0x08004abe   0x00000064   Code   RO         7583    .text               mf_w.l(fmul.o)
    0x08004b22   0x08004b22   0x0000007c   Code   RO         7585    .text               mf_w.l(fdiv.o)
    0x08004b9e   0x08004b9e   0x00000012   Code   RO         7587    .text               mf_w.l(fflti.o)
    0x08004bb0   0x08004bb0   0x0000000a   Code   RO         7589    .text               mf_w.l(ffltui.o)
    0x08004bba   0x08004bba   0x00000028   Code   RO         7591    .text               mf_w.l(ffixui.o)
    0x08004be2   0x08004be2   0x00000002   PAD
    0x08004be4   0x08004be4   0x00000014   Code   RO         7593    .text               mf_w.l(cfrcmple.o)
    0x08004bf8   0x08004bf8   0x0000002c   Code   RO         7612    .text               mc_w.l(uidiv.o)
    0x08004c24   0x08004c24   0x00000062   Code   RO         7614    .text               mc_w.l(uldiv.o)
    0x08004c86   0x08004c86   0x00000000   Code   RO         7616    .text               mc_w.l(iusefp.o)
    0x08004c86   0x08004c86   0x0000006e   Code   RO         7617    .text               mf_w.l(fepilogue.o)
    0x08004cf4   0x08004cf4   0x0000014e   Code   RO         7619    .text               mf_w.l(dadd.o)
    0x08004e42   0x08004e42   0x000000e4   Code   RO         7621    .text               mf_w.l(dmul.o)
    0x08004f26   0x08004f26   0x000000de   Code   RO         7623    .text               mf_w.l(ddiv.o)
    0x08005004   0x08005004   0x00000030   Code   RO         7625    .text               mf_w.l(dfixul.o)
    0x08005034   0x08005034   0x00000030   Code   RO         7627    .text               mf_w.l(cdrcmple.o)
    0x08005064   0x08005064   0x00000024   Code   RO         7629    .text               mc_w.l(init.o)
    0x08005088   0x08005088   0x00000024   Code   RO         7631    .text               mc_w.l(llsshr.o)
    0x080050ac   0x080050ac   0x000000ba   Code   RO         7633    .text               mf_w.l(depilogue.o)
    0x08005166   0x08005166   0x00000056   Code   RO         7643    .text               mc_w.l(__dczerorl2.o)
    0x080051bc   0x080051bc   0x00000016   Code   RO         3992    i.ADC_Cmd           stm32f10x_adc.o
    0x080051d2   0x080051d2   0x00000016   Code   RO         3993    i.ADC_DMACmd        stm32f10x_adc.o
    0x080051e8   0x080051e8   0x0000005c   Code   RO         3994    i.ADC_DeInit        stm32f10x_adc.o
    0x08005244   0x08005244   0x00000016   Code   RO         3997    i.ADC_ExternalTrigConvCmd  stm32f10x_adc.o
    0x0800525a   0x0800525a   0x00000014   Code   RO         4000    i.ADC_GetCalibrationStatus  stm32f10x_adc.o
    0x0800526e   0x0800526e   0x00000014   Code   RO         4006    i.ADC_GetResetCalibrationStatus  stm32f10x_adc.o
    0x08005282   0x08005282   0x00000002   PAD
    0x08005284   0x08005284   0x00000050   Code   RO         4010    i.ADC_Init          stm32f10x_adc.o
    0x080052d4   0x080052d4   0x000000b8   Code   RO         4014    i.ADC_RegularChannelConfig  stm32f10x_adc.o
    0x0800538c   0x0800538c   0x0000000a   Code   RO         4015    i.ADC_ResetCalibration  stm32f10x_adc.o
    0x08005396   0x08005396   0x0000000a   Code   RO         4019    i.ADC_StartCalibration  stm32f10x_adc.o
    0x080053a0   0x080053a0   0x00000012   Code   RO         4020    i.ADC_StructInit    stm32f10x_adc.o
    0x080053b2   0x080053b2   0x00000002   PAD
    0x080053b4   0x080053b4   0x000000b4   Code   RO            2    i.ADC_TTC           adc.o
    0x08005468   0x08005468   0x00000046   Code   RO         3080    i.AFE_IsReady       sh367309_func.o
    0x080054ae   0x080054ae   0x0000002e   Code   RO         3081    i.AFE_Reset         sh367309_func.o
    0x080054dc   0x080054dc   0x00000020   Code   RO         3083    i.AFE_Sleep         sh367309_func.o
    0x080054fc   0x080054fc   0x0000005c   Code   RO         2487    i.APP_LedBar        ledbar.o
    0x08005558   0x08005558   0x00000144   Code   RO         2353    i.AllSeriesDeal_Charger_ON  chargerloadfunc.o
    0x0800569c   0x0800569c   0x00000094   Code   RO          303    i.App_AFEGet        datadeal.o
    0x08005730   0x08005730   0x00000020   Code   RO            4    i.App_AnlogCal      adc.o
    0x08005750   0x08005750   0x000000c0   Code   RO          539    i.App_BatOvp_SecondCheck  fault.o
    0x08005810   0x08005810   0x000000c0   Code   RO          540    i.App_BatOvp_ThirdCheck  fault.o
    0x080058d0   0x080058d0   0x000000c0   Code   RO          542    i.App_BatUvp_SecondCheck  fault.o
    0x08005990   0x08005990   0x000000c0   Code   RO          543    i.App_BatUvp_ThirdCheck  fault.o
    0x08005a50   0x08005a50   0x00000078   Code   RO         2280    i.App_CellBalance   cell_balance.o
    0x08005ac8   0x08005ac8   0x00000144   Code   RO          545    i.App_CellChgOtp_SecondCheck  fault.o
    0x08005c0c   0x08005c0c   0x00000148   Code   RO          546    i.App_CellChgOtp_ThirdCheck  fault.o
    0x08005d54   0x08005d54   0x00000148   Code   RO          548    i.App_CellChgUtp_SecondCheck  fault.o
    0x08005e9c   0x08005e9c   0x00000148   Code   RO          549    i.App_CellChgUtp_ThirdCheck  fault.o
    0x08005fe4   0x08005fe4   0x00000148   Code   RO          551    i.App_CellDisChgOtp_SecondCheck  fault.o
    0x0800612c   0x0800612c   0x00000148   Code   RO          552    i.App_CellDisChgOtp_ThirdCheck  fault.o
    0x08006274   0x08006274   0x00000148   Code   RO          554    i.App_CellDischgUtp_SecondCheck  fault.o
    0x080063bc   0x080063bc   0x00000148   Code   RO          555    i.App_CellDischgUtp_ThirdCheck  fault.o
    0x08006504   0x08006504   0x000000c0   Code   RO          557    i.App_CellOvp_SecondCheck  fault.o
    0x080065c4   0x080065c4   0x000000c0   Code   RO          558    i.App_CellOvp_ThirdCheck  fault.o
    0x08006684   0x08006684   0x000000c8   Code   RO          560    i.App_CellSocUp_SecondCheck  fault.o
    0x0800674c   0x0800674c   0x000000c8   Code   RO          561    i.App_CellSocUp_ThirdCheck  fault.o
    0x08006814   0x08006814   0x000000c0   Code   RO          563    i.App_CellUvp_SecondCheck  fault.o
    0x080068d4   0x080068d4   0x000000c0   Code   RO          564    i.App_CellUvp_ThirdCheck  fault.o
    0x08006994   0x08006994   0x00000010   Code   RO         1446    i.App_CommonUpper   sci_upper.o
    0x080069a4   0x080069a4   0x00000100   Code   RO         1447    i.App_CommonUpperSCI1  sci_upper.o
    0x08006aa4   0x08006aa4   0x00000034   Code   RO         2593    i.App_DI1_Switch    io_control.o
    0x08006ad8   0x08006ad8   0x00000070   Code   RO          391    i.App_E2promDeal    eeprom.o
    0x08006b48   0x08006b48   0x00000054   Code   RO          814    i.App_FlashUpdate   flash.o
    0x08006b9c   0x08006b9c   0x000000c4   Code   RO          566    i.App_IchgOcp_SecondCheck  fault.o
    0x08006c60   0x08006c60   0x000000c4   Code   RO          567    i.App_IchgOcp_ThirdCheck  fault.o
    0x08006d24   0x08006d24   0x000000c4   Code   RO          569    i.App_IdischgOcp_SecondCheck  fault.o
    0x08006de8   0x08006de8   0x000000c4   Code   RO          570    i.App_IdischgOcp_ThirdCheck  fault.o
    0x08006eac   0x08006eac   0x0000017c   Code   RO         2422    i.App_LogRecord     logrecord.o
    0x08007028   0x08007028   0x00000028   Code   RO         2594    i.App_MOS_Relay_Ctrl  io_control.o
    0x08007050   0x08007050   0x000000c8   Code   RO          572    i.App_MosOtp_SecondCheck  fault.o
    0x08007118   0x08007118   0x000000c8   Code   RO          573    i.App_MosOtp_ThirdCheck  fault.o
    0x080071e0   0x080071e0   0x00000030   Code   RO         2021    i.App_ProID_Deal    productionid.o
    0x08007210   0x08007210   0x0000009a   Code   RO         1256    i.App_PubOPUPChk    pubfunc.o
    0x080072aa   0x080072aa   0x0000000c   Code   RO         3084    i.App_SH367309      sh367309_func.o
    0x080072b6   0x080072b6   0x00000002   PAD
    0x080072b8   0x080072b8   0x00000154   Code   RO         3085    i.App_SH367309_Monitor  sh367309_func.o
    0x0800740c   0x0800740c   0x00000040   Code   RO         1863    i.App_SOC           soc.o
    0x0800744c   0x0800744c   0x00000008   Code   RO         1154    i.App_Sci           main.o
    0x08007454   0x08007454   0x00000100   Code   RO         1728    i.App_SleepDeal     sleepdeal.o
    0x08007554   0x08007554   0x00000304   Code   RO         1904    i.App_SysTime       system_init.o
    0x08007858   0x08007858   0x000000c8   Code   RO          575    i.App_VdeltaOp_SecondCheck  fault.o
    0x08007920   0x08007920   0x000000d4   Code   RO          576    i.App_VdeltaOp_ThirdCheck  fault.o
    0x080079f4   0x080079f4   0x00000084   Code   RO          577    i.App_WarnCtrl      fault.o
    0x08007a78   0x08007a78   0x00000004   Code   RO         3797    i.BusFault_Handler  stm32f10x_it.o
    0x08007a7c   0x08007a7c   0x00000038   Code   RO         4290    i.CAN_DeInit        stm32f10x_can.o
    0x08007ab4   0x08007ab4   0x00000108   Code   RO         4292    i.CAN_FilterInit    stm32f10x_can.o
    0x08007bbc   0x08007bbc   0x00000012   Code   RO         4298    i.CAN_ITConfig      stm32f10x_can.o
    0x08007bce   0x08007bce   0x00000114   Code   RO         4299    i.CAN_Init          stm32f10x_can.o
    0x08007ce2   0x08007ce2   0x000000f0   Code   RO         4302    i.CAN_Receive       stm32f10x_can.o
    0x08007dd2   0x08007dd2   0x00000020   Code   RO         4305    i.CAN_StructInit    stm32f10x_can.o
    0x08007df2   0x08007df2   0x00000002   PAD
    0x08007df4   0x08007df4   0x000000ac   Code   RO         2281    i.CB_AFERegistersCtrl  cell_balance.o
    0x08007ea0   0x08007ea0   0x000000e4   Code   RO         2282    i.CB_ChangeUpperFlag  cell_balance.o
    0x08007f84   0x08007f84   0x00000140   Code   RO         2283    i.CB_StateCalculate  cell_balance.o
    0x080080c4   0x080080c4   0x00000020   Code   RO          963    i.CRC8cal           i2c_afe1.o
    0x080080e4   0x080080e4   0x0000003c   Code   RO         1448    i.CRC_verify        sci_upper.o
    0x08008120   0x08008120   0x00000064   Code   RO         2284    i.CellBalance_DataInit  cell_balance.o
    0x08008184   0x08008184   0x00000108   Code   RO         2285    i.CellBalance_Monitor  cell_balance.o
    0x0800828c   0x0800828c   0x00000098   Code   RO         2286    i.CellBalance_StateEvenOn  cell_balance.o
    0x08008324   0x08008324   0x0000007c   Code   RO         2287    i.CellBalance_StateOFF  cell_balance.o
    0x080083a0   0x080083a0   0x00000098   Code   RO         2288    i.CellBalance_StateOddOn  cell_balance.o
    0x08008438   0x08008438   0x0000001c   Code   RO         2991    i.Choose_Right_Value  sh367309_datadeal.o
    0x08008454   0x08008454   0x00000002   Code   RO         2853    i.CorrectionTerminal_CC  socenhance.o
    0x08008456   0x08008456   0x00000002   PAD
    0x08008458   0x08008458   0x0000031c   Code   RO         2854    i.CorrectionTerminal_CV  socenhance.o
    0x08008774   0x08008774   0x00000060   Code   RO         2855    i.Correction_Terminal  socenhance.o
    0x080087d4   0x080087d4   0x00000018   Code   RO         4677    i.DMA_Cmd           stm32f10x_dma.o
    0x080087ec   0x080087ec   0x0000014c   Code   RO         4678    i.DMA_DeInit        stm32f10x_dma.o
    0x08008938   0x08008938   0x0000003c   Code   RO         4683    i.DMA_Init          stm32f10x_dma.o
    0x08008974   0x08008974   0x0000001a   Code   RO         4685    i.DMA_StructInit    stm32f10x_dma.o
    0x0800898e   0x0800898e   0x00000002   PAD
    0x08008990   0x08008990   0x00000168   Code   RO          304    i.DataLoad_CellVolt  datadeal.o
    0x08008af8   0x08008af8   0x0000009c   Code   RO          305    i.DataLoad_CellVoltMaxMinFind  datadeal.o
    0x08008b94   0x08008b94   0x00000154   Code   RO          307    i.DataLoad_Current  datadeal.o
    0x08008ce8   0x08008ce8   0x000000ac   Code   RO          308    i.DataLoad_CurrentCali  datadeal.o
    0x08008d94   0x08008d94   0x000000c4   Code   RO          392    i.DataLoad_CurrentCali_startup  eeprom.o
    0x08008e58   0x08008e58   0x00000124   Code   RO          309    i.DataLoad_Temperature  datadeal.o
    0x08008f7c   0x08008f7c   0x00000044   Code   RO          310    i.DataLoad_TemperatureMaxMinFind  datadeal.o
    0x08008fc0   0x08008fc0   0x00000002   Code   RO         3798    i.DebugMon_Handler  stm32f10x_it.o
    0x08008fc2   0x08008fc2   0x0000002a   Code   RO         1258    i.Delay1ms          pubfunc.o
    0x08008fec   0x08008fec   0x0000001a   Code   RO          964    i.Delay4us          i2c_afe1.o
    0x08009006   0x08009006   0x00000002   PAD
    0x08009008   0x08009008   0x000000c8   Code   RO         2662    i.DriversOnOFF      iodrivers.o
    0x080090d0   0x080090d0   0x00000018   Code   RO         2663    i.Drivers_Ctrl      iodrivers.o
    0x080090e8   0x080090e8   0x00000078   Code   RO         2595    i.Drivers_External_Ctrl  io_control.o
    0x08009160   0x08009160   0x00000040   Code   RO         2992    i.EEPROM_ResetData_AFE_ParametersToDefault  sh367309_datadeal.o
    0x080091a0   0x080091a0   0x000000f4   Code   RO          393    i.EEPROM_ResetData_AllToDefault  eeprom.o
    0x08009294   0x08009294   0x00000054   Code   RO         2423    i.EEPROM_ResetData_EventRecord_ToDefault  logrecord.o
    0x080092e8   0x080092e8   0x00000010   Code   RO          394    i.EEPROM_ResetData_OtherToDefault  eeprom.o
    0x080092f8   0x080092f8   0x00000040   Code   RO         3799    i.EXTI0_IRQHandler  stm32f10x_it.o
    0x08009338   0x08009338   0x00000016   Code   RO         3800    i.EXTI15_10_IRQHandler  stm32f10x_it.o
    0x0800934e   0x0800934e   0x00000012   Code   RO         3801    i.EXTI2_IRQHandler  stm32f10x_it.o
    0x08009360   0x08009360   0x00000012   Code   RO         3802    i.EXTI3_IRQHandler  stm32f10x_it.o
    0x08009372   0x08009372   0x00000002   PAD
    0x08009374   0x08009374   0x0000005c   Code   RO         3803    i.EXTI9_5_IRQHandler  stm32f10x_it.o
    0x080093d0   0x080093d0   0x0000000c   Code   RO         4748    i.EXTI_ClearITPendingBit  stm32f10x_exti.o
    0x080093dc   0x080093dc   0x00000028   Code   RO         4752    i.EXTI_GetITStatus  stm32f10x_exti.o
    0x08009404   0x08009404   0x00000094   Code   RO         4753    i.EXTI_Init         stm32f10x_exti.o
    0x08009498   0x08009498   0x0000000c   Code   RO         4801    i.FLASH_ClearFlag   stm32f10x_flash.o
    0x080094a4   0x080094a4   0x0000004c   Code   RO         4806    i.FLASH_ErasePage   stm32f10x_flash.o
    0x080094f0   0x080094f0   0x00000034   Code   RO         4807    i.FLASH_GetBank1Status  stm32f10x_flash.o
    0x08009524   0x08009524   0x00000014   Code   RO         4816    i.FLASH_Lock        stm32f10x_flash.o
    0x08009538   0x08009538   0x00000040   Code   RO         4819    i.FLASH_ProgramHalfWord  stm32f10x_flash.o
    0x08009578   0x08009578   0x00000018   Code   RO         4824    i.FLASH_Unlock      stm32f10x_flash.o
    0x08009590   0x08009590   0x00000026   Code   RO         4828    i.FLASH_WaitForLastOperation  stm32f10x_flash.o
    0x080095b6   0x080095b6   0x00000002   Code   RO          578    i.FaultWarnRecord   fault.o
    0x080095b8   0x080095b8   0x00000090   Code   RO          579    i.FaultWarnRecord2  fault.o
    0x08009648   0x08009648   0x00000238   Code   RO         3086    i.Fault_ChangeToMCU  sh367309_func.o
    0x08009880   0x08009880   0x00000006   Code   RO          815    i.FlashReadOneHalfWord  flash.o
    0x08009886   0x08009886   0x0000002e   Code   RO          817    i.FlashWriteOneHalfWord  flash.o
    0x080098b4   0x080098b4   0x00000040   Code   RO         5098    i.GPIO_EXTILineConfig  stm32f10x_gpio.o
    0x080098f4   0x080098f4   0x00000116   Code   RO         5101    i.GPIO_Init         stm32f10x_gpio.o
    0x08009a0a   0x08009a0a   0x00000002   PAD
    0x08009a0c   0x08009a0c   0x00000090   Code   RO         5103    i.GPIO_PinRemapConfig  stm32f10x_gpio.o
    0x08009a9c   0x08009a9c   0x00000012   Code   RO         5105    i.GPIO_ReadInputDataBit  stm32f10x_gpio.o
    0x08009aae   0x08009aae   0x00000004   Code   RO         5108    i.GPIO_ResetBits    stm32f10x_gpio.o
    0x08009ab2   0x08009ab2   0x00000004   Code   RO         5109    i.GPIO_SetBits      stm32f10x_gpio.o
    0x08009ab6   0x08009ab6   0x0000000a   Code   RO         5112    i.GPIO_WriteBit     stm32f10x_gpio.o
    0x08009ac0   0x08009ac0   0x00000002   Code   RO         2596    i.GetData_Drivers   io_control.o
    0x08009ac2   0x08009ac2   0x00000002   PAD
    0x08009ac4   0x08009ac4   0x00000088   Code   RO         1864    i.GetData_SOC       soc.o
    0x08009b4c   0x08009b4c   0x0000010a   Code   RO         1260    i.GetEndValue       pubfunc.o
    0x08009c56   0x08009c56   0x0000002e   Code   RO         2488    i.GetSocLevel       ledbar.o
    0x08009c84   0x08009c84   0x00000088   Code   RO         2856    i.Get_OpenCircuit_Value  socenhance.o
    0x08009d0c   0x08009d0c   0x00000008   Code   RO         3804    i.HardFault_Handler  stm32f10x_it.o
    0x08009d14   0x08009d14   0x00000050   Code   RO          395    i.IIC_Ack_SEE       eeprom.o
    0x08009d64   0x08009d64   0x00000050   Code   RO          396    i.IIC_NAck_SEE      eeprom.o
    0x08009db4   0x08009db4   0x00000070   Code   RO          397    i.IIC_Read_Byte_SEE  eeprom.o
    0x08009e24   0x08009e24   0x00000074   Code   RO          398    i.IIC_Send_Byte_SEE  eeprom.o
    0x08009e98   0x08009e98   0x0000004c   Code   RO          399    i.IIC_Start_SEE     eeprom.o
    0x08009ee4   0x08009ee4   0x00000054   Code   RO          400    i.IIC_Stop_SEE      eeprom.o
    0x08009f38   0x08009f38   0x00000058   Code   RO          401    i.IIC_Wait_Ack_SEE  eeprom.o
    0x08009f90   0x08009f90   0x00000004   Code   RO         6917    i.IORecover_DeepMode  conf.o
    0x08009f94   0x08009f94   0x00000004   Code   RO         6918    i.IORecover_NormalMode  conf.o
    0x08009f98   0x08009f98   0x00000004   Code   RO         6919    i.IORecover_RTCMode  conf.o
    0x08009f9c   0x08009f9c   0x000000b8   Code   RO         6920    i.IOstatus_Base     conf.o
    0x0800a054   0x0800a054   0x00000008   Code   RO         6921    i.IOstatus_DeepMode  conf.o
    0x0800a05c   0x0800a05c   0x00000008   Code   RO         6922    i.IOstatus_NormalMode  conf.o
    0x0800a064   0x0800a064   0x000000fc   Code   RO         6923    i.IOstatus_RTCMode  conf.o
    0x0800a160   0x0800a160   0x00000010   Code   RO         5413    i.IWDG_Enable       stm32f10x_iwdg.o
    0x0800a170   0x0800a170   0x00000008   Code   RO         1905    i.IWDG_Feed         system_init.o
    0x0800a178   0x0800a178   0x00000010   Code   RO         5415    i.IWDG_ReloadCounter  stm32f10x_iwdg.o
    0x0800a188   0x0800a188   0x0000000c   Code   RO         5416    i.IWDG_SetPrescaler  stm32f10x_iwdg.o
    0x0800a194   0x0800a194   0x0000000c   Code   RO         5417    i.IWDG_SetReload    stm32f10x_iwdg.o
    0x0800a1a0   0x0800a1a0   0x0000000c   Code   RO         5418    i.IWDG_WriteAccessCmd  stm32f10x_iwdg.o
    0x0800a1ac   0x0800a1ac   0x00000040   Code   RO            5    i.InitADC           adc.o
    0x0800a1ec   0x0800a1ec   0x00000098   Code   RO            6    i.InitADC_ADC1      adc.o
    0x0800a284   0x0800a284   0x00000064   Code   RO            7    i.InitADC_DMA       adc.o
    0x0800a2e8   0x0800a2e8   0x0000001c   Code   RO            8    i.InitADC_GPIO      adc.o
    0x0800a304   0x0800a304   0x00000078   Code   RO            9    i.InitADC_TIMER     adc.o
    0x0800a37c   0x0800a37c   0x00000050   Code   RO          975    i.InitAFE1          i2c_afe1.o
    0x0800a3cc   0x0800a3cc   0x0000003c   Code   RO          976    i.InitAFE1_Sleep    i2c_afe1.o
    0x0800a408   0x0800a408   0x00000028   Code   RO         2090    i.InitCan           can_hdx.o
    0x0800a430   0x0800a430   0x00000064   Code   RO         2091    i.InitCan_CAN1      can_hdx.o
    0x0800a494   0x0800a494   0x00000040   Code   RO         2092    i.InitCan_Filter    can_hdx.o
    0x0800a4d4   0x0800a4d4   0x00000048   Code   RO         2093    i.InitCan_GPIO      can_hdx.o
    0x0800a51c   0x0800a51c   0x0000001e   Code   RO         2094    i.InitCan_NVIC      can_hdx.o
    0x0800a53a   0x0800a53a   0x00000002   PAD
    0x0800a53c   0x0800a53c   0x00000024   Code   RO         2597    i.InitData_Drivers  io_control.o
    0x0800a560   0x0800a560   0x00000174   Code   RO          402    i.InitData_E2prom   eeprom.o
    0x0800a6d4   0x0800a6d4   0x00000064   Code   RO         1865    i.InitData_SOC      soc.o
    0x0800a738   0x0800a738   0x00000048   Code   RO         1906    i.InitDelay         system_init.o
    0x0800a780   0x0800a780   0x00000070   Code   RO         1156    i.InitDevice        main.o
    0x0800a7f0   0x0800a7f0   0x00000068   Code   RO          403    i.InitE2PROM        eeprom.o
    0x0800a858   0x0800a858   0x00000130   Code   RO         6925    i.InitIO            conf.o
    0x0800a988   0x0800a988   0x00000008   Code   RO         2598    i.InitMosRelay_DOx  io_control.o
    0x0800a990   0x0800a990   0x0000000c   Code   RO         1907    i.InitNVIC          system_init.o
    0x0800a99c   0x0800a99c   0x000000a4   Code   RO         2022    i.InitProID         productionid.o
    0x0800aa40   0x0800aa40   0x000000c0   Code   RO         1449    i.InitSCI1_CommonUpper  sci_upper.o
    0x0800ab00   0x0800ab00   0x00000008   Code   RO         1157    i.InitSci           main.o
    0x0800ab08   0x0800ab08   0x000000e0   Code   RO         2576    i.InitShortCur      shortfunc.o
    0x0800abe8   0x0800abe8   0x000001b4   Code   RO         1974    i.InitSystemMonitorData_EEPROM  system_monitor.o
    0x0800ad9c   0x0800ad9c   0x00000002   Code   RO         1158    i.InitSystemWakeUp  main.o
    0x0800ad9e   0x0800ad9e   0x00000002   PAD
    0x0800ada0   0x0800ada0   0x00000078   Code   RO         1908    i.InitTimer         system_init.o
    0x0800ae18   0x0800ae18   0x00000008   Code   RO         1450    i.InitUSART_CommonUpper  sci_upper.o
    0x0800ae20   0x0800ae20   0x00000064   Code   RO         1159    i.InitVar           main.o
    0x0800ae84   0x0800ae84   0x0000012c   Code   RO         6926    i.InitWakeUp_Base   conf.o
    0x0800afb0   0x0800afb0   0x00000008   Code   RO         6927    i.InitWakeUp_DeepMode  conf.o
    0x0800afb8   0x0800afb8   0x00000018   Code   RO         6928    i.InitWakeUp_NormalMode  conf.o
    0x0800afd0   0x0800afd0   0x0000000c   Code   RO         6929    i.InitWakeUp_RTCMode  conf.o
    0x0800afdc   0x0800afdc   0x00000080   Code   RO         2358    i.Init_Charger_AllSeries  chargerloadfunc.o
    0x0800b05c   0x0800b05c   0x00000044   Code   RO         1909    i.Init_IWDG         system_init.o
    0x0800b0a0   0x0800b0a0   0x0000002c   Code   RO          311    i.Init_Registers    datadeal.o
    0x0800b0cc   0x0800b0cc   0x00000090   Code   RO         1732    i.IsSleepStartUp    sleepdeal.o
    0x0800b15c   0x0800b15c   0x00000030   Code   RO         2489    i.LedBar_Blink      ledbar.o
    0x0800b18c   0x0800b18c   0x00000054   Code   RO         2490    i.LedBar_Init       ledbar.o
    0x0800b1e0   0x0800b1e0   0x000000c4   Code   RO         2491    i.LedBar_Show_CHG   ledbar.o
    0x0800b2a4   0x0800b2a4   0x000001d4   Code   RO         2494    i.LedBar_Show_Normal  ledbar.o
    0x0800b478   0x0800b478   0x00000250   Code   RO         2496    i.LedBar_StartUp    ledbar.o
    0x0800b6c8   0x0800b6c8   0x0000017c   Code   RO         2499    i.LedBar_sleep      ledbar.o
    0x0800b844   0x0800b844   0x0000009c   Code   RO         2424    i.LogEvent_EEPROM   logrecord.o
    0x0800b8e0   0x0800b8e0   0x000000b8   Code   RO         2425    i.LogEvent_Record   logrecord.o
    0x0800b998   0x0800b998   0x0000004c   Code   RO         2426    i.LogTime_Map       logrecord.o
    0x0800b9e4   0x0800b9e4   0x0000003c   Code   RO          977    i.MTPRead           i2c_afe1.o
    0x0800ba20   0x0800ba20   0x00000064   Code   RO          978    i.MTPWrite          i2c_afe1.o
    0x0800ba84   0x0800ba84   0x00000064   Code   RO          979    i.MTPWriteROM       i2c_afe1.o
    0x0800bae8   0x0800bae8   0x00000004   Code   RO         3805    i.MemManage_Handler  stm32f10x_it.o
    0x0800baec   0x0800baec   0x000001d0   Code   RO          312    i.MonitorAFE        datadeal.o
    0x0800bcbc   0x0800bcbc   0x000000a4   Code   RO         1263    i.Monitor_TempBreak  pubfunc.o
    0x0800bd60   0x0800bd60   0x00000428   Code   RO         2672    i.MosCtrl_SameDoor_NoPreChg  iodrivers.o
    0x0800c188   0x0800c188   0x00000002   Code   RO         3806    i.NMI_Handler       stm32f10x_it.o
    0x0800c18a   0x0800c18a   0x00000002   PAD
    0x0800c18c   0x0800c18c   0x00000070   Code   RO         3950    i.NVIC_Init         misc.o
    0x0800c1fc   0x0800c1fc   0x00000014   Code   RO         3951    i.NVIC_PriorityGroupConfig  misc.o
    0x0800c210   0x0800c210   0x00000024   Code   RO         1733    i.NVIC_SystemReset  sleepdeal.o
    0x0800c234   0x0800c234   0x00000024   Code   RO         6930    i.NVIC_SystemReset  conf.o
    0x0800c258   0x0800c258   0x0000000c   Code   RO         5455    i.PWR_BackupAccessCmd  stm32f10x_pwr.o
    0x0800c264   0x0800c264   0x00000040   Code   RO         5459    i.PWR_EnterSTOPMode  stm32f10x_pwr.o
    0x0800c2a4   0x0800c2a4   0x00000002   Code   RO         3807    i.PendSV_Handler    stm32f10x_it.o
    0x0800c2a6   0x0800c2a6   0x00000002   PAD
    0x0800c2a8   0x0800c2a8   0x00000018   Code   RO         5515    i.RCC_ADCCLKConfig  stm32f10x_rcc.o
    0x0800c2c0   0x0800c2c0   0x00000020   Code   RO         5516    i.RCC_AHBPeriphClockCmd  stm32f10x_rcc.o
    0x0800c2e0   0x0800c2e0   0x00000020   Code   RO         5517    i.RCC_APB1PeriphClockCmd  stm32f10x_rcc.o
    0x0800c300   0x0800c300   0x00000020   Code   RO         5518    i.RCC_APB1PeriphResetCmd  stm32f10x_rcc.o
    0x0800c320   0x0800c320   0x00000020   Code   RO         5519    i.RCC_APB2PeriphClockCmd  stm32f10x_rcc.o
    0x0800c340   0x0800c340   0x00000020   Code   RO         5520    i.RCC_APB2PeriphResetCmd  stm32f10x_rcc.o
    0x0800c360   0x0800c360   0x000000d4   Code   RO         5527    i.RCC_GetClocksFreq  stm32f10x_rcc.o
    0x0800c434   0x0800c434   0x0000000c   Code   RO         1354    i.RTCAlarm_IRQHandler  rtc.o
    0x0800c440   0x0800c440   0x00000010   Code   RO         5716    i.RTC_ClearITPendingBit  stm32f10x_rtc.o
    0x0800c450   0x0800c450   0x00000014   Code   RO         5717    i.RTC_EnterConfigMode  stm32f10x_rtc.o
    0x0800c464   0x0800c464   0x00000014   Code   RO         5718    i.RTC_ExitConfigMode  stm32f10x_rtc.o
    0x0800c478   0x0800c478   0x00000014   Code   RO         5719    i.RTC_GetCounter    stm32f10x_rtc.o
    0x0800c48c   0x0800c48c   0x00000024   Code   RO         5722    i.RTC_GetITStatus   stm32f10x_rtc.o
    0x0800c4b0   0x0800c4b0   0x0000004c   Code   RO         1357    i.RTC_IRQHandler    rtc.o
    0x0800c4fc   0x0800c4fc   0x00000020   Code   RO         5723    i.RTC_ITConfig      stm32f10x_rtc.o
    0x0800c51c   0x0800c51c   0x0000001c   Code   RO         5724    i.RTC_SetAlarm      stm32f10x_rtc.o
    0x0800c538   0x0800c538   0x0000002a   Code   RO         1360    i.RTC_WKTimeConfig  rtc.o
    0x0800c562   0x0800c562   0x00000002   PAD
    0x0800c564   0x0800c564   0x00000014   Code   RO         5727    i.RTC_WaitForLastTask  stm32f10x_rtc.o
    0x0800c578   0x0800c578   0x00000060   Code   RO         2993    i.ReadEEPROM_AFE_Parameters  sh367309_datadeal.o
    0x0800c5d8   0x0800c5d8   0x00000094   Code   RO          405    i.ReadEEPROM_Byte   eeprom.o
    0x0800c66c   0x0800c66c   0x000001c0   Code   RO          407    i.ReadEEPROM_ByteData_StartUp  eeprom.o
    0x0800c82c   0x0800c82c   0x00000090   Code   RO         2427    i.ReadEEPROM_EventRecord_Parameters  logrecord.o
    0x0800c8bc   0x0800c8bc   0x00000024   Code   RO          408    i.ReadEEPROM_Word_NoZone  eeprom.o
    0x0800c8e0   0x0800c8e0   0x000001b4   Code   RO         2599    i.RefreshData_Drivers  io_control.o
    0x0800ca94   0x0800ca94   0x00000034   Code   RO         1866    i.RefreshData_SOC   soc.o
    0x0800cac8   0x0800cac8   0x000002a0   Code   RO         2994    i.Refresh_Parameters  sh367309_datadeal.o
    0x0800cd68   0x0800cd68   0x00000054   Code   RO         3087    i.SH367309_DriverMos_Ctrl  sh367309_func.o
    0x0800cdbc   0x0800cdbc   0x00000034   Code   RO         3088    i.SH367309_Enable_AFE_Wdt_Cadc_Drivers  sh367309_func.o
    0x0800cdf0   0x0800cdf0   0x000000b4   Code   RO         2995    i.SH367309_UpdataAfeConfig  sh367309_datadeal.o
    0x0800cea4   0x0800cea4   0x0000011c   Code   RO         2858    i.SOC_Cont_AH_Int_CHG  socenhance.o
    0x0800cfc0   0x0800cfc0   0x0000012c   Code   RO         2859    i.SOC_Cont_AH_Int_DSG  socenhance.o
    0x0800d0ec   0x0800d0ec   0x00000098   Code   RO         2861    i.SOC_DealEEPROM_Data  socenhance.o
    0x0800d184   0x0800d184   0x000000a4   Code   RO         2862    i.SOC_EEPROM_Deal_Monitor  socenhance.o
    0x0800d228   0x0800d228   0x00000044   Code   RO         2863    i.SOC_IntEnhance_Ctrl  socenhance.o
    0x0800d26c   0x0800d26c   0x00000060   Code   RO         2864    i.SOC_RefreshData_Monitor  socenhance.o
    0x0800d2cc   0x0800d2cc   0x000000ac   Code   RO         2865    i.SOC_Result_Pass   socenhance.o
    0x0800d378   0x0800d378   0x000000c0   Code   RO         2866    i.SOC_State_Transfer  socenhance.o
    0x0800d438   0x0800d438   0x00000094   Code   RO         2867    i.SOC_Update_StartUp  socenhance.o
    0x0800d4cc   0x0800d4cc   0x00000002   Code   RO         3808    i.SVC_Handler       stm32f10x_it.o
    0x0800d4ce   0x0800d4ce   0x00000002   PAD
    0x0800d4d0   0x0800d4d0   0x00000080   Code   RO         1451    i.Sci1_CommonUpper_FaultChk  sci_upper.o
    0x0800d550   0x0800d550   0x00000110   Code   RO         1452    i.Sci1_CommonUpper_Rx_Deal  sci_upper.o
    0x0800d660   0x0800d660   0x000000dc   Code   RO         1453    i.Sci1_CommonUpper_Tx_Deal  sci_upper.o
    0x0800d73c   0x0800d73c   0x00000118   Code   RO         1454    i.Sci_ACK_0x03      sci_upper.o
    0x0800d854   0x0800d854   0x00000038   Code   RO         2996    i.Sci_ACK_0x03_RW_AFE_Parameters  sh367309_datadeal.o
    0x0800d88c   0x0800d88c   0x00000050   Code   RO         1455    i.Sci_ACK_0x03_RW_Data_Cali  sci_upper.o
    0x0800d8dc   0x0800d8dc   0x000000f0   Code   RO         1456    i.Sci_ACK_0x03_RW_Data_Other  sci_upper.o
    0x0800d9cc   0x0800d9cc   0x00000058   Code   RO         1457    i.Sci_ACK_0x03_RW_Data_OtherCanAdd  sci_upper.o
    0x0800da24   0x0800da24   0x00000030   Code   RO         1458    i.Sci_ACK_0x03_RW_Data_Pro  sci_upper.o
    0x0800da54   0x0800da54   0x0000041c   Code   RO         1459    i.Sci_ACK_0x03_ReadRegs_Data  sci_upper.o
    0x0800de70   0x0800de70   0x00000050   Code   RO         2428    i.Sci_ACK_0x03_ReadRegs_EventRecord  logrecord.o
    0x0800dec0   0x0800dec0   0x000001cc   Code   RO         1460    i.Sci_ACK_0x03_ReadRegs_LCD  sci_upper.o
    0x0800e08c   0x0800e08c   0x0000005a   Code   RO         1461    i.Sci_ACK_0x06_0x10  sci_upper.o
    0x0800e0e6   0x0800e0e6   0x00000036   Code   RO         1265    i.Sci_CRC16RTU      pubfunc.o
    0x0800e11c   0x0800e11c   0x0000003c   Code   RO         1462    i.Sci_DataInit      sci_upper.o
    0x0800e158   0x0800e158   0x000000a0   Code   RO         1463    i.Sci_Deal_ReadRegs_0x03  sci_upper.o
    0x0800e1f8   0x0800e1f8   0x000000b6   Code   RO         1464    i.Sci_Deal_WrReg_0x06  sci_upper.o
    0x0800e2ae   0x0800e2ae   0x0000025c   Code   RO         1465    i.Sci_Deal_WrRegs_0x10  sci_upper.o
    0x0800e50a   0x0800e50a   0x00000002   PAD
    0x0800e50c   0x0800e50c   0x00000058   Code   RO         1466    i.Sci_WrReg_0x06_BMS_FunctionOFF  sci_upper.o
    0x0800e564   0x0800e564   0x00000158   Code   RO         1467    i.Sci_WrReg_0x06_BMS_FunctionON  sci_upper.o
    0x0800e6bc   0x0800e6bc   0x0000002c   Code   RO         2997    i.Sci_WrReg_0x06_Reset_AFE_Parameters  sh367309_datadeal.o
    0x0800e6e8   0x0800e6e8   0x000001b8   Code   RO         1468    i.Sci_WrReg_0x06_Reset_CalibCoef  sci_upper.o
    0x0800e8a0   0x0800e8a0   0x00000050   Code   RO         2429    i.Sci_WrReg_0x06_Reset_EventRecord  logrecord.o
    0x0800e8f0   0x0800e8f0   0x00000058   Code   RO         1469    i.Sci_WrReg_0x06_Reset_HeatCool  sci_upper.o
    0x0800e948   0x0800e948   0x00000098   Code   RO         1470    i.Sci_WrReg_0x06_Reset_OtherCanAdd  sci_upper.o
    0x0800e9e0   0x0800e9e0   0x00000070   Code   RO         1471    i.Sci_WrReg_0x06_Reset_ProtectElement  sci_upper.o
    0x0800ea50   0x0800ea50   0x0000007c   Code   RO         1472    i.Sci_WrReg_0x06_Reset_ProtectRecord  sci_upper.o
    0x0800eacc   0x0800eacc   0x0000002c   Code   RO         1473    i.Sci_WrReg_0x06_SetSocOnce  sci_upper.o
    0x0800eaf8   0x0800eaf8   0x0000001c   Code   RO         1474    i.Sci_WrReg_0x06_SwitchOFF  sci_upper.o
    0x0800eb14   0x0800eb14   0x0000001c   Code   RO         1475    i.Sci_WrReg_0x06_SwitchON  sci_upper.o
    0x0800eb30   0x0800eb30   0x000000ac   Code   RO         2998    i.Sci_WrRegs_0x10_AFE_Parameters  sh367309_datadeal.o
    0x0800ebdc   0x0800ebdc   0x0000009c   Code   RO         1476    i.Sci_WrRegs_0x10_Balance  sci_upper.o
    0x0800ec78   0x0800ec78   0x000000b4   Code   RO         1477    i.Sci_WrRegs_0x10_CalibCoef  sci_upper.o
    0x0800ed2c   0x0800ed2c   0x00000078   Code   RO         1478    i.Sci_WrRegs_0x10_CopperLoss  sci_upper.o
    0x0800eda4   0x0800eda4   0x00000044   Code   RO         1479    i.Sci_WrRegs_0x10_FlashConnect  sci_upper.o
    0x0800ede8   0x0800ede8   0x00000058   Code   RO         1480    i.Sci_WrRegs_0x10_HeatCoolElement  sci_upper.o
    0x0800ee40   0x0800ee40   0x000000a0   Code   RO         1481    i.Sci_WrRegs_0x10_Protect  sci_upper.o
    0x0800eee0   0x0800eee0   0x00000054   Code   RO         1482    i.Sci_WrRegs_0x10_RTC  sci_upper.o
    0x0800ef34   0x0800ef34   0x000000dc   Code   RO         1483    i.Sci_WrRegs_0x10_SN_Version  sci_upper.o
    0x0800f010   0x0800f010   0x000000a0   Code   RO         1484    i.Sci_WrRegs_0x10_SleepElement  sci_upper.o
    0x0800f0b0   0x0800f0b0   0x00000088   Code   RO         1485    i.Sci_WrRegs_0x10_SocElement  sci_upper.o
    0x0800f138   0x0800f138   0x00000058   Code   RO         1486    i.Sci_WrRegs_0x10_SocTable  sci_upper.o
    0x0800f190   0x0800f190   0x000000a8   Code   RO         1487    i.Sci_WrRegs_0x10_SysOther  sci_upper.o
    0x0800f238   0x0800f238   0x000000b0   Code   RO         1488    i.Sci_WrRegs_0x10_SystemElement  sci_upper.o
    0x0800f2e8   0x0800f2e8   0x00000008   Code   RO         3912    i.SetSysClock       system_stm32f10x.o
    0x0800f2f0   0x0800f2f0   0x000000a8   Code   RO         3913    i.SetSysClockToHSE  system_stm32f10x.o
    0x0800f398   0x0800f398   0x0000014c   Code   RO         1735    i.SleepDeal_Continue  sleepdeal.o
    0x0800f4e4   0x0800f4e4   0x00000148   Code   RO         1738    i.SleepDeal_Normal_L2  sleepdeal.o
    0x0800f62c   0x0800f62c   0x00000114   Code   RO         1739    i.SleepDeal_Normal_L3  sleepdeal.o
    0x0800f740   0x0800f740   0x00000098   Code   RO         1740    i.SleepDeal_Normal_Select  sleepdeal.o
    0x0800f7d8   0x0800f7d8   0x00000002   Code   RO         3809    i.SysTick_Handler   stm32f10x_it.o
    0x0800f7da   0x0800f7da   0x0000000c   Code   RO         6931    i.Sys_StopMode      conf.o
    0x0800f7e6   0x0800f7e6   0x00000002   PAD
    0x0800f7e8   0x0800f7e8   0x00000060   Code   RO         3915    i.SystemInit        system_stm32f10x.o
    0x0800f848   0x0800f848   0x00000088   Code   RO         1976    i.SystemMonitorResetData_EEPROM  system_monitor.o
    0x0800f8d0   0x0800f8d0   0x000002fc   Code   RO         1977    i.System_ERROR_UserCallback  system_monitor.o
    0x0800fbcc   0x0800fbcc   0x00000006   Code   RO         1978    i.System_FUNC_StartUp  system_monitor.o
    0x0800fbd2   0x0800fbd2   0x00000002   PAD
    0x0800fbd4   0x0800fbd4   0x000000d8   Code   RO         1910    i.TIM3_IRQHandler   system_init.o
    0x0800fcac   0x0800fcac   0x00000006   Code   RO         6146    i.TIM_ClearITPendingBit  stm32f10x_tim.o
    0x0800fcb2   0x0800fcb2   0x00000018   Code   RO         6151    i.TIM_Cmd           stm32f10x_tim.o
    0x0800fcca   0x0800fcca   0x00000022   Code   RO         6172    i.TIM_GetITStatus   stm32f10x_tim.o
    0x0800fcec   0x0800fcec   0x00000012   Code   RO         6176    i.TIM_ITConfig      stm32f10x_tim.o
    0x0800fcfe   0x0800fcfe   0x00000002   PAD
    0x0800fd00   0x0800fd00   0x000000a4   Code   RO         6185    i.TIM_OC2Init       stm32f10x_tim.o
    0x0800fda4   0x0800fda4   0x000000a4   Code   RO         6222    i.TIM_TimeBaseInit  stm32f10x_tim.o
    0x0800fe48   0x0800fe48   0x00000068   Code   RO          980    i.TwiChkClkRelease  i2c_afe1.o
    0x0800feb0   0x0800feb0   0x000000a4   Code   RO          981    i.TwiGetData        i2c_afe1.o
    0x0800ff54   0x0800ff54   0x00000030   Code   RO          982    i.TwiReStart        i2c_afe1.o
    0x0800ff84   0x0800ff84   0x000000ce   Code   RO          983    i.TwiRead           i2c_afe1.o
    0x08010052   0x08010052   0x00000002   PAD
    0x08010054   0x08010054   0x00000110   Code   RO          985    i.TwiSendData       i2c_afe1.o
    0x08010164   0x08010164   0x00000058   Code   RO          986    i.TwiStart          i2c_afe1.o
    0x080101bc   0x080101bc   0x00000070   Code   RO          987    i.TwiStop           i2c_afe1.o
    0x0801022c   0x0801022c   0x0000008c   Code   RO          988    i.TwiWrite          i2c_afe1.o
    0x080102b8   0x080102b8   0x0000000c   Code   RO         1266    i.U16_SwapEndian    pubfunc.o
    0x080102c4   0x080102c4   0x00000034   Code   RO         3810    i.USART1_IRQHandler  stm32f10x_it.o
    0x080102f8   0x080102f8   0x00000024   Code   RO         3811    i.USART2_IRQHandler  stm32f10x_it.o
    0x0801031c   0x0801031c   0x00000024   Code   RO         3812    i.USART3_IRQHandler  stm32f10x_it.o
    0x08010340   0x08010340   0x00000018   Code   RO         6687    i.USART_Cmd         stm32f10x_usart.o
    0x08010358   0x08010358   0x0000001a   Code   RO         6690    i.USART_GetFlagStatus  stm32f10x_usart.o
    0x08010372   0x08010372   0x00000054   Code   RO         6691    i.USART_GetITStatus  stm32f10x_usart.o
    0x080103c6   0x080103c6   0x0000004a   Code   RO         6693    i.USART_ITConfig    stm32f10x_usart.o
    0x08010410   0x08010410   0x000000d8   Code   RO         6694    i.USART_Init        stm32f10x_usart.o
    0x080104e8   0x080104e8   0x00000008   Code   RO         6704    i.USART_SendData    stm32f10x_usart.o
    0x080104f0   0x080104f0   0x0000004c   Code   RO         2095    i.USB_LP_CAN1_RX0_IRQHandler  can_hdx.o
    0x0801053c   0x0801053c   0x00000144   Code   RO          990    i.UpdateVoltageFromBqMaximo  i2c_afe1.o
    0x08010680   0x08010680   0x00000004   Code   RO         3813    i.UsageFault_Handler  stm32f10x_it.o
    0x08010684   0x08010684   0x00000080   Code   RO          409    i.WriteEEPROM_Byte  eeprom.o
    0x08010704   0x08010704   0x00000244   Code   RO          410    i.WriteEEPROM_ByteData_Circle  eeprom.o
    0x08010948   0x08010948   0x00000066   Code   RO          411    i.WriteEEPROM_Word_NoZone  eeprom.o
    0x080109ae   0x080109ae   0x00000002   PAD
    0x080109b0   0x080109b0   0x000000d4   Code   RO         2023    i.WriteProID        productionid.o
    0x08010a84   0x08010a84   0x00000088   Code   RO         2024    i.WriteProID_Default  productionid.o
    0x08010b0c   0x08010b0c   0x0000004c   Code   RO         2999    i.Write_Parameters  sh367309_datadeal.o
    0x08010b58   0x08010b58   0x00000020   Code   RO         7553    i.__0printf         mc_w.l(printfa.o)
    0x08010b78   0x08010b78   0x00000054   Code   RO         1911    i.__delay_ms        system_init.o
    0x08010bcc   0x08010bcc   0x0000004c   Code   RO         1912    i.__delay_us        system_init.o
    0x08010c18   0x08010c18   0x0000000e   Code   RO         7637    i.__scatterload_copy  mc_w.l(handlers.o)
    0x08010c26   0x08010c26   0x00000002   Code   RO         7638    i.__scatterload_null  mc_w.l(handlers.o)
    0x08010c28   0x08010c28   0x0000000e   Code   RO         7639    i.__scatterload_zeroinit  mc_w.l(handlers.o)
    0x08010c36   0x08010c36   0x00000002   PAD
    0x08010c38   0x08010c38   0x00000184   Code   RO         7560    i._fp_digits        mc_w.l(printfa.o)
    0x08010dbc   0x08010dbc   0x000006b4   Code   RO         7561    i._printf_core      mc_w.l(printfa.o)
    0x08011470   0x08011470   0x00000024   Code   RO         7562    i._printf_post_padding  mc_w.l(printfa.o)
    0x08011494   0x08011494   0x0000002e   Code   RO         7563    i._printf_pre_padding  mc_w.l(printfa.o)
    0x080114c2   0x080114c2   0x00000188   Code   RO         3748    i._uavcan_equipment_power_BatteryInfo_encode  uavcan.equipment.power.batteryinfo.o
    0x0801164a   0x0801164a   0x00000028   Code   RO         3365    i.allocateBlock     canard.o
    0x08011672   0x08011672   0x00000030   Code   RO         3367    i.calculateCRC      canard.o
    0x080116a2   0x080116a2   0x00000040   Code   RO         3368    i.canardBroadcast   canard.o
    0x080116e2   0x080116e2   0x000000ba   Code   RO         3369    i.canardBroadcastObj  canard.o
    0x0801179c   0x0801179c   0x00000090   Code   RO         3374    i.canardConvertNativeFloatToFloat16  canard.o
    0x0801182c   0x0801182c   0x000000bc   Code   RO         3376    i.canardEncodeScalar  canard.o
    0x080118e8   0x080118e8   0x00000006   Code   RO         3378    i.canardGetLocalNodeID  canard.o
    0x080118ee   0x080118ee   0x00000046   Code   RO         3382    i.canardInit        canard.o
    0x08011934   0x08011934   0x00000010   Code   RO         3384    i.canardPeekTxQueue  canard.o
    0x08011944   0x08011944   0x00000016   Code   RO         3385    i.canardPopTxQueue  canard.o
    0x0801195a   0x0801195a   0x00000002   PAD
    0x0801195c   0x0801195c   0x000000e4   Code   RO         3675    i.canardSTM32Transmit  canard_stm32.o
    0x08011a40   0x08011a40   0x00000010   Code   RO         3391    i.canardSetLocalNodeID  canard.o
    0x08011a50   0x08011a50   0x00000020   Code   RO         3676    i.convertFrameIDCanardToRegister  canard_stm32.o
    0x08011a70   0x08011a70   0x0000002c   Code   RO         3677    i.convertFrameIDRegisterToCanard  canard_stm32.o
    0x08011a9c   0x08011a9c   0x00000098   Code   RO         3393    i.copyBitArray      canard.o
    0x08011b34   0x08011b34   0x00000022   Code   RO         3394    i.crcAdd            canard.o
    0x08011b56   0x08011b56   0x00000034   Code   RO         3395    i.crcAddByte        canard.o
    0x08011b8a   0x08011b8a   0x0000003a   Code   RO         3396    i.crcAddSignature   canard.o
    0x08011bc4   0x08011bc4   0x0000001e   Code   RO         3399    i.createTxItem      canard.o
    0x08011be2   0x08011be2   0x0000003e   Code   RO         3400    i.dataLengthToDlc   canard.o
    0x08011c20   0x08011c20   0x0000003e   Code   RO         3402    i.dlcToDataLength   canard.o
    0x08011c5e   0x08011c5e   0x00000002   PAD
    0x08011c60   0x08011c60   0x000000a4   Code   RO         1160    i.dronecan_init     main.o
    0x08011d04   0x08011d04   0x0000019e   Code   RO         3403    i.enqueueTxFrames   canard.o
    0x08011ea2   0x08011ea2   0x00000002   PAD
    0x08011ea4   0x08011ea4   0x00000064   Code   RO         3194    i.entersleep        rtc_sleep.o
    0x08011f08   0x08011f08   0x00000024   Code   RO         1489    i.fputc             sci_upper.o
    0x08011f2c   0x08011f2c   0x00000012   Code   RO         3407    i.freeBlock         canard.o
    0x08011f3e   0x08011f3e   0x00000012   Code   RO         3408    i.incrementTransferID  canard.o
    0x08011f50   0x08011f50   0x00000050   Code   RO          991    i.initAFE1_IIC      i2c_afe1.o
    0x08011fa0   0x08011fa0   0x0000002a   Code   RO         3409    i.initPoolAllocator  canard.o
    0x08011fca   0x08011fca   0x00000014   Code   RO         3410    i.isBigEndian       canard.o
    0x08011fde   0x08011fde   0x00000002   PAD
    0x08011fe0   0x08011fe0   0x00000018   Code   RO         2868    i.isCHG             socenhance.o
    0x08011ff8   0x08011ff8   0x00000060   Code   RO         3678    i.isFramePriorityHigher  canard_stm32.o
    0x08012058   0x08012058   0x00000060   Code   RO         3411    i.isPriorityHigher  canard.o
    0x080120b8   0x080120b8   0x00000084   Code   RO         2600    i.isforceClose      io_control.o
    0x0801213c   0x0801213c   0x00000020   Code   RO         1269    i.jtag_disableAndConfIO  pubfunc.o
    0x0801215c   0x0801215c   0x00000048   Code   RO         1161    i.main              main.o
    0x080121a4   0x080121a4   0x00000002   Code   RO         1162    i.onTransferReceived  main.o
    0x080121a6   0x080121a6   0x00000002   PAD
    0x080121a8   0x080121a8   0x00000050   Code   RO         3679    i.processErrorStatus  canard_stm32.o
    0x080121f8   0x080121f8   0x00000048   Code   RO         3414    i.pushTxQueue       canard.o
    0x08012240   0x08012240   0x00000034   Code   RO         1164    i.sendCanard        main.o
    0x08012274   0x08012274   0x000001dc   Code   RO         1165    i.send_BatteryInfo  main.o
    0x08012450   0x08012450   0x00000008   Code   RO         1166    i.shouldAcceptTransfer  main.o
    0x08012458   0x08012458   0x0000007c   Code   RO         2870    i.soc_cali          socenhance.o
    0x080124d4   0x080124d4   0x00000050   Code   RO         2871    i.soc_factory_param_init_first  socenhance.o
    0x08012524   0x08012524   0x000000d4   Code   RO         2872    i.soc_param_lib_init  socenhance.o
    0x080125f8   0x080125f8   0x00000022   Code   RO         3416    i.swapByteOrder     canard.o
    0x0801261a   0x0801261a   0x00000002   PAD
    0x0801261c   0x0801261c   0x0000001c   Code   RO         1167    i.test_dronecan     main.o
    0x08012638   0x08012638   0x00000026   Code   RO         3750    i.uavcan_equipment_power_BatteryInfo_encode  uavcan.equipment.power.batteryinfo.o
    0x0801265e   0x0801265e   0x00000070   Data   RO           11    .constdata          adc.o
    0x080126ce   0x080126ce   0x00000002   PAD
    0x080126d0   0x080126d0   0x00000494   Data   RO          412    .constdata          eeprom.o
    0x08012b64   0x08012b64   0x00000170   Data   RO          993    .constdata          i2c_afe1.o
    0x08012cd4   0x08012cd4   0x00000100   Data   RO         1169    .constdata          main.o
    0x08012dd4   0x08012dd4   0x000000f4   Data   RO         1491    .constdata          sci_upper.o
    0x08012ec8   0x08012ec8   0x000000fc   Data   RO         2874    .constdata          socenhance.o
    0x08012fc4   0x08012fc4   0x000000c0   Data   RO         3003    .constdata          sh367309_datadeal.o
    0x08013084   0x08013084   0x00000014   Data   RO         3418    .constdata          canard.o
    0x08013098   0x08013098   0x00000026   Data   RO         1170    .conststring        main.o
    0x080130be   0x080130be   0x00000002   PAD
    0x080130c0   0x080130c0   0x00000020   Data   RO         7635    Region$$Table       anon$$obj.o


    Execution Region RW_IRAM1 (Exec base: 0x20000000, Load base: 0x080130e0, Size: 0x00002070, Max: 0x00005000, ABSOLUTE, COMPRESSED[0x00000228])

    Exec Addr    Load Addr    Size         Type   Attr      Idx    E Section Name        Object

    0x20000000   COMPRESSED   0x0000001e   Data   RW          315    .data               datadeal.o
    0x2000001e   COMPRESSED   0x00000002   PAD
    0x20000020   COMPRESSED   0x00000030   Data   RW          413    .data               eeprom.o
    0x20000050   COMPRESSED   0x00000060   Data   RW          582    .data               fault.o
    0x200000b0   COMPRESSED   0x00000011   Data   RW          877    .data               heat_cool.o
    0x200000c1   COMPRESSED   0x00000003   PAD
    0x200000c4   COMPRESSED   0x0000003e   Data   RW         1171    .data               main.o
    0x20000102   COMPRESSED   0x00000003   Data   RW         1270    .data               pubfunc.o
    0x20000105   COMPRESSED   0x00000001   PAD
    0x20000106   COMPRESSED   0x0000002a   Data   RW         1365    .data               rtc.o
    0x20000130   COMPRESSED   0x00000014   Data   RW         1492    .data               sci_upper.o
    0x20000144   COMPRESSED   0x0000004f   Data   RW         1748    .data               sleepdeal.o
    0x20000193   COMPRESSED   0x00000001   PAD
    0x20000194   COMPRESSED   0x0000001e   Data   RW         1913    .data               system_init.o
    0x200001b2   COMPRESSED   0x00000002   PAD
    0x200001b4   COMPRESSED   0x00000012   Data   RW         1980    .data               system_monitor.o
    0x200001c6   COMPRESSED   0x00000001   Data   RW         2026    .data               productionid.o
    0x200001c7   COMPRESSED   0x00000001   PAD
    0x200001c8   COMPRESSED   0x0000000e   Data   RW         2097    .data               can_hdx.o
    0x200001d6   COMPRESSED   0x00000016   Data   RW         2290    .data               cell_balance.o
    0x200001ec   COMPRESSED   0x00000006   Data   RW         2361    .data               chargerloadfunc.o
    0x200001f2   COMPRESSED   0x00000002   PAD
    0x200001f4   COMPRESSED   0x00000009   Data   RW         2431    .data               logrecord.o
    0x200001fd   COMPRESSED   0x00000001   PAD
    0x200001fe   COMPRESSED   0x0000001e   Data   RW         2500    .data               ledbar.o
    0x2000021c   COMPRESSED   0x0000000c   Data   RW         2601    .data               io_control.o
    0x20000228   COMPRESSED   0x00000108   Data   RW         2687    .data               iodrivers.o
    0x20000330   COMPRESSED   0x00000025   Data   RW         2875    .data               socenhance.o
    0x20000355   COMPRESSED   0x00000003   PAD
    0x20000358   COMPRESSED   0x000000c8   Data   RW         3004    .data               sh367309_datadeal.o
    0x20000420   COMPRESSED   0x0000014b   Data   RW         3093    .data               sh367309_func.o
    0x2000056b   COMPRESSED   0x00000001   PAD
    0x2000056c   COMPRESSED   0x00000030   Data   RW         3218    .data               rtc_sleep.o
    0x2000059c   COMPRESSED   0x00000001   Data   RW         3683    .data               canard_stm32.o
    0x2000059d   COMPRESSED   0x00000003   PAD
    0x200005a0   COMPRESSED   0x00000014   Data   RW         3916    .data               system_stm32f10x.o
    0x200005b4   COMPRESSED   0x00000014   Data   RW         5547    .data               stm32f10x_rcc.o
    0x200005c8   COMPRESSED   0x00000080   Data   RW         6932    .data               conf.o
    0x20000648   COMPRESSED   0x00000004   Data   RW         7611    .data               mc_w.l(stdout.o)
    0x2000064c        -       0x00000070   Zero   RW           10    .bss                adc.o
    0x200006bc        -       0x0000013c   Zero   RW          314    .bss                datadeal.o
    0x200007f8        -       0x00000172   Zero   RW          581    .bss                fault.o
    0x2000096a        -       0x00000030   Zero   RW          876    .bss                heat_cool.o
    0x2000099a   COMPRESSED   0x00000002   PAD
    0x2000099c        -       0x0000005c   Zero   RW          992    .bss                i2c_afe1.o
    0x200009f8        -       0x00000254   Zero   RW         1168    .bss                main.o
    0x20000c4c        -       0x00000018   Zero   RW         1364    .bss                rtc.o
    0x20000c64        -       0x0000048c   Zero   RW         1490    .bss                sci_upper.o
    0x200010f0        -       0x00000054   Zero   RW         1867    .bss                soc.o
    0x20001144        -       0x00000018   Zero   RW         1979    .bss                system_monitor.o
    0x2000115c        -       0x00000070   Zero   RW         2025    .bss                productionid.o
    0x200011cc        -       0x00000028   Zero   RW         2096    .bss                can_hdx.o
    0x200011f4        -       0x00000020   Zero   RW         2289    .bss                cell_balance.o
    0x20001214        -       0x000000dd   Zero   RW         2430    .bss                logrecord.o
    0x200012f1   COMPRESSED   0x00000003   PAD
    0x200012f4        -       0x00000050   Zero   RW         2686    .bss                iodrivers.o
    0x20001344        -       0x000000f4   Zero   RW         2873    .bss                socenhance.o
    0x20001438        -       0x0000001a   Zero   RW         3002    .bss                sh367309_datadeal.o
    0x20001452        -       0x0000000c   Zero   RW         3092    .bss                sh367309_func.o
    0x2000145e   COMPRESSED   0x00000002   PAD
    0x20001460        -       0x00000010   Zero   RW         3681    .bss                canard_stm32.o
    0x20001470        -       0x00000c00   Zero   RW         3789    STACK               startup_stm32f10x_hd.o


==============================================================================

Image component sizes


      Code (inc. data)   RO Data    RW Data    ZI Data      Debug   Object Name

       676         58        112          0        112     329953   adc.o
       382         38          0         14         40       4792   can_hdx.o
      1964          6         20          0          0      24302   canard.o
       480         30          0          1         16      10706   canard_stm32.o
      1632        192          0         22         32       7657   cell_balance.o
       452         24          0          6          0       2677   chargerloadfunc.o
      1160         82          0        128          0       8825   conf.o
         0          0          0          0          0         32   core_cm3.o
      2044        196          0         30        316      10483   datadeal.o
      3122        380       1172         48          0      28437   eeprom.o
      6430        480          0         96        370      31807   fault.o
       136         14          0          0          0       1621   flash.o
         0          0          0         17         48       4014   heat_cool.o
      1996        116        368          0         92      12733   i2c_afe1.o
       826         70          0         12          0       6416   io_control.o
      1288         86          0        264         80      24804   iodrivers.o
      1906        194          0         30          0       5515   ledbar.o
      1184        106          0          9        221       6475   logrecord.o
      1032        158        294         62        596       9452   main.o
       132         22          0          0          0       1691   misc.o
       560         54          0          1        112       3105   productionid.o
       724         20          0          3          0       5346   pubfunc.o
       130         14          0         42         24       3173   rtc.o
       100         14          0         48          0       4076   rtc_sleep.o
      7784        628        244         20       1164      43946   sci_upper.o
      1388        104        192        200         26      11501   sh367309_datadeal.o
      1204         76          0        331         12       9633   sh367309_func.o
       224         22          0          0          0        487   shortfunc.o
      1524        138          0         79          0       8663   sleepdeal.o
       352         50          0          0         84       2423   soc.o
      3046        240        252         37        244      13611   socenhance.o
        36          8        304          0       3072        840   startup_stm32f10x_hd.o
       500         24          0          0          0       8690   stm32f10x_adc.o
       886         12          0          0          0       4911   stm32f10x_can.o
       442          8          0          0          0       4111   stm32f10x_dma.o
       200         18          0          0          0       2272   stm32f10x_exti.o
       286         36          0          0          0       3992   stm32f10x_flash.o
       522         10          0          0          0       5892   stm32f10x_gpio.o
       370         52          0          0          0       8835   stm32f10x_it.o
        68         30          0          0          0       2494   stm32f10x_iwdg.o
        76         16          0          0          0       1170   stm32f10x_pwr.o
       396         56          0         20          0       6875   stm32f10x_rcc.o
       192         36          0          0          0       4158   stm32f10x_rtc.o
       410         52          0          0          0       4448   stm32f10x_tim.o
       432          6          0          0          0       5825   stm32f10x_usart.o
      1428        146          0         30          0       8512   system_init.o
      1342         94          0         18         24       8405   system_monitor.o
       272         28          0         20          0       2517   system_stm32f10x.o
       430          0          0          0          0       4232   uavcan.equipment.power.batteryinfo.o

    ----------------------------------------------------------------------
     52224       4244       2994       1608       6692     726535   Object Totals
         0          0         32          0          0          0   (incl. Generated)
        58          0          4         20          7          0   (incl. Padding)

    ----------------------------------------------------------------------

      Code (inc. data)   RO Data    RW Data    ZI Data      Debug   Library Member Name

        86          0          0          0          0          0   __dczerorl2.o
         0          0          0          0          0          0   entry.o
         0          0          0          0          0          0   entry10a.o
         0          0          0          0          0          0   entry11a.o
         4          0          0          0          0          0   entry12b.o
         8          4          0          0          0          0   entry2.o
         4          0          0          0          0          0   entry5.o
         0          0          0          0          0          0   entry7b.o
         0          0          0          0          0          0   entry8b.o
         8          4          0          0          0          0   entry9a.o
        30          0          0          0          0          0   handlers.o
        36          8          0          0          0         68   init.o
         0          0          0          0          0          0   iusefp.o
        30          0          0          0          0         68   llshl.o
        36          0          0          0          0         68   llsshr.o
        32          0          0          0          0         68   llushr.o
        36          0          0          0          0         68   memcpya.o
        36          0          0          0          0        108   memseta.o
      2218         90          0          0          0        464   printfa.o
         0          0          0          4          0          0   stdout.o
        24          0          0          0          0         76   strncpy.o
        44          0          0          0          0         80   uidiv.o
        98          0          0          0          0         92   uldiv.o
        48          0          0          0          0         68   cdrcmple.o
        20          0          0          0          0         68   cfrcmple.o
       334          0          0          0          0        148   dadd.o
       222          0          0          0          0        100   ddiv.o
       186          0          0          0          0        176   depilogue.o
        48          0          0          0          0         68   dfixul.o
       228          0          0          0          0         96   dmul.o
       176          0          0          0          0        140   fadd.o
       124          0          0          0          0         88   fdiv.o
       110          0          0          0          0        168   fepilogue.o
        40          0          0          0          0         68   ffixui.o
        18          0          0          0          0         68   fflti.o
        10          0          0          0          0         68   ffltui.o
       100          0          0          0          0         76   fmul.o

    ----------------------------------------------------------------------
      4398        106          0          4          0       2560   Library Totals
         4          0          0          0          0          0   (incl. Padding)

    ----------------------------------------------------------------------

      Code (inc. data)   RO Data    RW Data    ZI Data      Debug   Library Name

      2730        106          0          4          0       1160   mc_w.l
      1664          0          0          0          0       1400   mf_w.l

    ----------------------------------------------------------------------
      4398        106          0          4          0       2560   Library Totals

    ----------------------------------------------------------------------

==============================================================================


      Code (inc. data)   RO Data    RW Data    ZI Data      Debug   

     56622       4350       2994       1612       6692     707383   Grand Totals
     56622       4350       2994        552       6692     707383   ELF Image Totals (compressed)
     56622       4350       2994        552          0          0   ROM Totals

==============================================================================

    Total RO  Size (Code + RO Data)                59616 (  58.22kB)
    Total RW  Size (RW Data + ZI Data)              8304 (   8.11kB)
    Total ROM Size (Code + RO Data + RW Data)      60168 (  58.76kB)

==============================================================================

