Component: ARM Compiler 5.06 update 7 (build 960) Tool: armlink [4d3601]

==============================================================================

Section Cross References

    adc.o(i.ADC_GetRaw) refers to adc.o(.bss) for .bss
    adc.o(i.ADC_GetResult) refers to adc.o(.bss) for .bss
    adc.o(i.ADC_GetTypeCOutCurrentMilliAmp) refers to conf.o(.data) for sys_time
    adc.o(i.ADC_GetTypeCOutCurrentMilliAmp) refers to adc.o(.bss) for .bss
    adc.o(i.ADC_GetVbatMilliVolt) refers to adc.o(.bss) for .bss
    adc.o(i.ADC_IsReady) refers to adc.o(.bss) for .bss
    adc.o(i.ADC_ResetAnlogCalSchedule) refers to system_init.o(i.SysTime_Get10msTickCount) for SysTime_Get10msTickCount
    adc.o(i.ADC_ResetAnlogCalSchedule) refers to adc.o(.bss) for .bss
    adc.o(i.ADC_StopForLowPower) refers to stm32f10x_rcc.o(i.RCC_AHBPeriphClockCmd) for RCC_AHBPeriphClockCmd
    adc.o(i.ADC_StopForLowPower) refers to stm32f10x_rcc.o(i.RCC_APB1PeriphClockCmd) for RCC_APB1PeriphClockCmd
    adc.o(i.ADC_StopForLowPower) refers to stm32f10x_rcc.o(i.RCC_APB2PeriphClockCmd) for RCC_APB2PeriphClockCmd
    adc.o(i.ADC_StopForLowPower) refers to stm32f10x_tim.o(i.TIM_Cmd) for TIM_Cmd
    adc.o(i.ADC_StopForLowPower) refers to stm32f10x_adc.o(i.ADC_ExternalTrigConvCmd) for ADC_ExternalTrigConvCmd
    adc.o(i.ADC_StopForLowPower) refers to stm32f10x_adc.o(i.ADC_DMACmd) for ADC_DMACmd
    adc.o(i.ADC_StopForLowPower) refers to stm32f10x_adc.o(i.ADC_Cmd) for ADC_Cmd
    adc.o(i.ADC_StopForLowPower) refers to stm32f10x_dma.o(i.DMA_Cmd) for DMA_Cmd
    adc.o(i.ADC_StopForLowPower) refers to stm32f10x_dma.o(i.DMA_DeInit) for DMA_DeInit
    adc.o(i.ADC_StopForLowPower) refers to stm32f10x_adc.o(i.ADC_DeInit) for ADC_DeInit
    adc.o(i.ADC_StopForLowPower) refers to adc.o(.bss) for .bss
    adc.o(i.App_AnlogCal) refers to system_init.o(i.SysTime_Get10msTickCount) for SysTime_Get10msTickCount
    adc.o(i.App_AnlogCal) refers to pubfunc.o(i.GetEndValue) for GetEndValue
    adc.o(i.App_AnlogCal) refers to adc.o(.bss) for .bss
    adc.o(i.App_AnlogCal) refers to adc.o(.constdata) for .constdata
    adc.o(i.InitADC) refers to adc.o(i.ADC_ResetAnlogCalSchedule) for ADC_ResetAnlogCalSchedule
    adc.o(i.InitADC) refers to adc.o(i.InitADC_GPIO) for InitADC_GPIO
    adc.o(i.InitADC) refers to adc.o(i.InitADC_TIMER) for InitADC_TIMER
    adc.o(i.InitADC) refers to adc.o(i.InitADC_DMA) for InitADC_DMA
    adc.o(i.InitADC) refers to adc.o(i.InitADC_ADC1) for InitADC_ADC1
    adc.o(i.InitADC) refers to adc.o(.bss) for .bss
    adc.o(i.InitADC_ADC1) refers to stm32f10x_rcc.o(i.RCC_APB2PeriphClockCmd) for RCC_APB2PeriphClockCmd
    adc.o(i.InitADC_ADC1) refers to stm32f10x_adc.o(i.ADC_DeInit) for ADC_DeInit
    adc.o(i.InitADC_ADC1) refers to stm32f10x_adc.o(i.ADC_StructInit) for ADC_StructInit
    adc.o(i.InitADC_ADC1) refers to stm32f10x_adc.o(i.ADC_Init) for ADC_Init
    adc.o(i.InitADC_ADC1) refers to stm32f10x_rcc.o(i.RCC_ADCCLKConfig) for RCC_ADCCLKConfig
    adc.o(i.InitADC_ADC1) refers to stm32f10x_adc.o(i.ADC_RegularChannelConfig) for ADC_RegularChannelConfig
    adc.o(i.InitADC_ADC1) refers to stm32f10x_adc.o(i.ADC_Cmd) for ADC_Cmd
    adc.o(i.InitADC_ADC1) refers to stm32f10x_adc.o(i.ADC_DMACmd) for ADC_DMACmd
    adc.o(i.InitADC_ADC1) refers to stm32f10x_adc.o(i.ADC_ResetCalibration) for ADC_ResetCalibration
    adc.o(i.InitADC_ADC1) refers to system_init.o(i.IWDG_Feed) for IWDG_Feed
    adc.o(i.InitADC_ADC1) refers to stm32f10x_adc.o(i.ADC_GetResetCalibrationStatus) for ADC_GetResetCalibrationStatus
    adc.o(i.InitADC_ADC1) refers to stm32f10x_adc.o(i.ADC_StartCalibration) for ADC_StartCalibration
    adc.o(i.InitADC_ADC1) refers to system_monitor.o(i.System_ERROR_UserCallback) for System_ERROR_UserCallback
    adc.o(i.InitADC_ADC1) refers to stm32f10x_adc.o(i.ADC_GetCalibrationStatus) for ADC_GetCalibrationStatus
    adc.o(i.InitADC_ADC1) refers to stm32f10x_adc.o(i.ADC_ExternalTrigConvCmd) for ADC_ExternalTrigConvCmd
    adc.o(i.InitADC_DMA) refers to stm32f10x_rcc.o(i.RCC_AHBPeriphClockCmd) for RCC_AHBPeriphClockCmd
    adc.o(i.InitADC_DMA) refers to stm32f10x_dma.o(i.DMA_DeInit) for DMA_DeInit
    adc.o(i.InitADC_DMA) refers to stm32f10x_dma.o(i.DMA_StructInit) for DMA_StructInit
    adc.o(i.InitADC_DMA) refers to stm32f10x_dma.o(i.DMA_Init) for DMA_Init
    adc.o(i.InitADC_DMA) refers to stm32f10x_dma.o(i.DMA_Cmd) for DMA_Cmd
    adc.o(i.InitADC_DMA) refers to adc.o(.bss) for .bss
    adc.o(i.InitADC_GPIO) refers to stm32f10x_gpio.o(i.GPIO_Init) for GPIO_Init
    adc.o(i.InitADC_TIMER) refers to stm32f10x_rcc.o(i.RCC_APB1PeriphClockCmd) for RCC_APB1PeriphClockCmd
    adc.o(i.InitADC_TIMER) refers to stm32f10x_tim.o(i.TIM_Cmd) for TIM_Cmd
    adc.o(i.InitADC_TIMER) refers to stm32f10x_tim.o(i.TIM_TimeBaseInit) for TIM_TimeBaseInit
    adc.o(i.InitADC_TIMER) refers to stm32f10x_tim.o(i.TIM_OC2Init) for TIM_OC2Init
    adc.o(i.InitADC_TIMER) refers to system_stm32f10x.o(.data) for SystemCoreClock
[...]
    EXTI9_5_IRQHandler                       0x0800755d   Thumb Code    88  stm32f10x_it.o(i.EXTI9_5_IRQHandler)
    EXTI_ClearITPendingBit                   0x080075bd   Thumb Code     6  stm32f10x_exti.o(i.EXTI_ClearITPendingBit)
    EXTI_GetITStatus                         0x080075c9   Thumb Code    28  stm32f10x_exti.o(i.EXTI_GetITStatus)
    EXTI_Init                                0x080075e9   Thumb Code   108  stm32f10x_exti.o(i.EXTI_Init)
    EnableLowPowerDebug                      0x08007659   Thumb Code    14  system_init.o(i.EnableLowPowerDebug)
    FLASH_ClearFlag                          0x0800766d   Thumb Code     6  stm32f10x_flash.o(i.FLASH_ClearFlag)
    FLASH_ErasePage                          0x08007679   Thumb Code    56  stm32f10x_flash.o(i.FLASH_ErasePage)
    FLASH_GetBank1Status                     0x080076b5   Thumb Code    34  stm32f10x_flash.o(i.FLASH_GetBank1Status)
    FLASH_Lock                               0x080076dd   Thumb Code    12  stm32f10x_flash.o(i.FLASH_Lock)
    FLASH_ProgramHalfWord                    0x080076ed   Thumb Code    48  stm32f10x_flash.o(i.FLASH_ProgramHalfWord)
    FLASH_Unlock                             0x08007721   Thumb Code    12  stm32f10x_flash.o(i.FLASH_Unlock)
    FLASH_WaitForLastOperation               0x08007739   Thumb Code    34  stm32f10x_flash.o(i.FLASH_WaitForLastOperation)
    FaultWarnRecord2                         0x0800775d   Thumb Code    26  fault.o(i.FaultWarnRecord2)
    FlashReadOneHalfWord                     0x08007855   Thumb Code     4  flash.o(i.FlashReadOneHalfWord)
    GPIO_EXTILineConfig                      0x08007859   Thumb Code    34  stm32f10x_gpio.o(i.GPIO_EXTILineConfig)
    GPIO_Init                                0x08007881   Thumb Code   156  stm32f10x_gpio.o(i.GPIO_Init)
    GPIO_PinRemapConfig                      0x0800791d   Thumb Code    82  stm32f10x_gpio.o(i.GPIO_PinRemapConfig)
    GPIO_ReadInputDataBit                    0x08007975   Thumb Code    14  stm32f10x_gpio.o(i.GPIO_ReadInputDataBit)
    GPIO_ResetBits                           0x08007983   Thumb Code     4  stm32f10x_gpio.o(i.GPIO_ResetBits)
    GPIO_SetBits                             0x08007987   Thumb Code     4  stm32f10x_gpio.o(i.GPIO_SetBits)
    GPIO_WriteBit                            0x0800798b   Thumb Code    10  stm32f10x_gpio.o(i.GPIO_WriteBit)
    GetEndValue                              0x08007995   Thumb Code   186  pubfunc.o(i.GetEndValue)
    HardFault_Handler                        0x08007a4f   Thumb Code     8  stm32f10x_it.o(i.HardFault_Handler)
    IOstatus_Base                            0x08007a59   Thumb Code    72  conf.o(i.IOstatus_Base)
    IOstatus_DeepMode                        0x08007ab5   Thumb Code     4  conf.o(i.IOstatus_DeepMode)
    IWDG_Feed                                0x08007ab9   Thumb Code     4  system_init.o(i.IWDG_Feed)
    IWDG_ReloadCounter                       0x08007abd   Thumb Code    10  stm32f10x_iwdg.o(i.IWDG_ReloadCounter)
    InitADC                                  0x08007acd   Thumb Code    58  adc.o(i.InitADC)
    InitADC_ADC1                             0x08007b0d   Thumb Code   196  adc.o(i.InitADC_ADC1)
    InitADC_DMA                              0x08007bd9   Thumb Code    86  adc.o(i.InitADC_DMA)
    InitADC_GPIO                             0x08007c3d   Thumb Code    36  adc.o(i.InitADC_GPIO)
    InitADC_TIMER                            0x08007c69   Thumb Code   126  adc.o(i.InitADC_TIMER)
    InitAFE1                                 0x08007cf1   Thumb Code    64  i2c_afe1.o(i.InitAFE1)
    InitCan                                  0x08007d31   Thumb Code   198  can_hdx.o(i.InitCan)
    InitData_SOC                             0x08007e7d   Thumb Code     4  soc.o(i.InitData_SOC)
    InitDelay                                0x08007e81   Thumb Code    48  system_init.o(i.InitDelay)
    InitE2PROM                               0x08007ebd   Thumb Code   114  eeprom.o(i.InitE2PROM)
    InitIO                                   0x08007f41   Thumb Code    84  conf.o(i.InitIO)
    InitNVIC                                 0x08007fa1   Thumb Code     8  system_init.o(i.InitNVIC)
    InitProID                                0x08007fa9   Thumb Code     4  productionid.o(i.InitProID)
    InitSCI1_CommonUpper                     0x08008011   Thumb Code    38  sci_upper.o(i.InitSCI1_CommonUpper)
    InitSCI2_CommonUpper                     0x08008041   Thumb Code    38  sci_upper.o(i.InitSCI2_CommonUpper)
    InitSystemMonitorData_EEPROM             0x08008071   Thumb Code     8  system_monitor.o(i.InitSystemMonitorData_EEPROM)
    InitTimer                                0x0800807d   Thumb Code   204  system_init.o(i.InitTimer)
    InitUSART_CommonUpper                    0x08008159   Thumb Code    14  sci_upper.o(i.InitUSART_CommonUpper)
    InitWakeUp_Base                          0x08008169   Thumb Code    62  conf.o(i.InitWakeUp_Base)
    InitWakeUp_DeepMode                      0x080081b1   Thumb Code     4  conf.o(i.InitWakeUp_DeepMode)
    Init_RTC                                 0x080081b5   Thumb Code   102  rtc.o(i.Init_RTC)
    Init_Registers                           0x0800821d   Thumb Code    14  datadeal.o(i.Init_Registers)
    IrqDebug_RecordUnhandledVector           0x08008231   Thumb Code     2  startupdefaulthandler.o(i.IrqDebug_RecordUnhandledVector)
    LogEvent_Record                          0x080082c5   Thumb Code   146  logrecord.o(i.LogEvent_Record)
    LogRecord_RequestStartup                 0x0800835d   Thumb Code    16  logrecord.o(i.LogRecord_RequestStartup)
    LowPower_ClearWakeupPending              0x0800884d   Thumb Code    60  conf.o(i.LowPower_ClearWakeupPending)
    LowPower_Request                         0x08008889   Thumb Code    22  rtc_sleep.o(i.LowPower_Request)
    MemManage_Handler                        0x080088a5   Thumb Code     8  stm32f10x_it.o(i.MemManage_Handler)
    MonitorAFE                               0x080088ad   Thumb Code    80  datadeal.o(i.MonitorAFE)
    Monitor_TempBreak                        0x08008a01   Thumb Code   112  pubfunc.o(i.Monitor_TempBreak)
    NMI_Handler                              0x08008b0d   Thumb Code     2  stm32f10x_it.o(i.NMI_Handler)
    NVIC_Init                                0x08008b3d   Thumb Code    94  misc.o(i.NVIC_Init)
    NVIC_PriorityGroupConfig                 0x08008ba1   Thumb Code    10  misc.o(i.NVIC_PriorityGroupConfig)
    PWR_BackupAccessCmd                      0x08008bd1   Thumb Code     6  stm32f10x_pwr.o(i.PWR_BackupAccessCmd)
    PWR_EnterSTOPMode                        0x08008bdd   Thumb Code    42  stm32f10x_pwr.o(i.PWR_EnterSTOPMode)
    PendSV_Handler                           0x08008c11   Thumb Code     2  stm32f10x_it.o(i.PendSV_Handler)
    RCC_ADCCLKConfig                         0x08008d31   Thumb Code    14  stm32f10x_rcc.o(i.RCC_ADCCLKConfig)
    RCC_AHBPeriphClockCmd                    0x08008d45   Thumb Code    18  stm32f10x_rcc.o(i.RCC_AHBPeriphClockCmd)
    RCC_APB1PeriphClockCmd                   0x08008d5d   Thumb Code    18  stm32f10x_rcc.o(i.RCC_APB1PeriphClockCmd)
    RCC_APB1PeriphResetCmd                   0x08008d75   Thumb Code    18  stm32f10x_rcc.o(i.RCC_APB1PeriphResetCmd)
    RCC_APB2PeriphClockCmd                   0x08008d8d   Thumb Code    18  stm32f10x_rcc.o(i.RCC_APB2PeriphClockCmd)
    RCC_APB2PeriphResetCmd                   0x08008da5   Thumb Code    18  stm32f10x_rcc.o(i.RCC_APB2PeriphResetCmd)
    RCC_BackupResetCmd                       0x08008dbd   Thumb Code     6  stm32f10x_rcc.o(i.RCC_BackupResetCmd)
    RCC_ClearFlag                            0x08008dc9   Thumb Code    12  stm32f10x_rcc.o(i.RCC_ClearFlag)
    RCC_GetClocksFreq                        0x08008dd9   Thumb Code   132  stm32f10x_rcc.o(i.RCC_GetClocksFreq)
    RCC_GetFlagStatus                        0x08008e6d   Thumb Code    42  stm32f10x_rcc.o(i.RCC_GetFlagStatus)
    RCC_LSEConfig                            0x08008e9d   Thumb Code    28  stm32f10x_rcc.o(i.RCC_LSEConfig)
    RCC_LSICmd                               0x08008ebd   Thumb Code     6  stm32f10x_rcc.o(i.RCC_LSICmd)
    RCC_RTCCLKCmd                            0x08008ec9   Thumb Code     6  stm32f10x_rcc.o(i.RCC_RTCCLKCmd)
    RCC_RTCCLKConfig                         0x08008ed5   Thumb Code    10  stm32f10x_rcc.o(i.RCC_RTCCLKConfig)
    RTCAlarm_IRQHandler                      0x08008ee5   Thumb Code     4  rtc.o(i.RTCAlarm_IRQHandler)
    RTC_AlarmConfig                          0x08008ee9   Thumb Code    58  rtc.o(i.RTC_AlarmConfig)
    RTC_ClearFlag                            0x08008f49   Thumb Code    10  stm32f10x_rtc.o(i.RTC_ClearFlag)
    RTC_ClearITPendingBit                    0x08008f59   Thumb Code    10  stm32f10x_rtc.o(i.RTC_ClearITPendingBit)
    RTC_EnterConfigMode                      0x080090dd   Thumb Code    12  stm32f10x_rtc.o(i.RTC_EnterConfigMode)
    RTC_ExitConfigMode                       0x080090ed   Thumb Code    12  stm32f10x_rtc.o(i.RTC_ExitConfigMode)
    RTC_GetITStatus                          0x080090fd   Thumb Code    28  stm32f10x_rtc.o(i.RTC_GetITStatus)
    RTC_IRQHandler                           0x08009171   Thumb Code    46  rtc.o(i.RTC_IRQHandler)
    RTC_ITConfig                             0x080091a5   Thumb Code    18  stm32f10x_rtc.o(i.RTC_ITConfig)
    RTC_IsStopWakeup                         0x080091bd   Thumb Code    12  rtc.o(i.RTC_IsStopWakeup)
    RTC_NVIC_Config                          0x080091cd   Thumb Code    40  rtc.o(i.RTC_NVIC_Config)
    RTC_SetCounter                           0x08009211   Thumb Code    26  stm32f10x_rtc.o(i.RTC_SetCounter)
    RTC_SetPrescaler                         0x08009231   Thumb Code    28  stm32f10x_rtc.o(i.RTC_SetPrescaler)
    RTC_TimeConfig                           0x08009251   Thumb Code    36  rtc.o(i.RTC_TimeConfig)
    ReadEEPROM_EventRecord_Parameters        0x080092c1   Thumb Code    30  logrecord.o(i.ReadEEPROM_EventRecord_Parameters)
    Runtime_Boot                             0x080092df   Thumb Code    86  runtime.o(i.Runtime_Boot)
    Runtime_RunOnce                          0x08009335   Thumb Code    38  runtime.o(i.Runtime_RunOnce)
    SH367309_DriverMos_Ctrl                  0x0800935b   Thumb Code     4  sh367309_func.o(i.SH367309_DriverMos_Ctrl)
    SH367309_Enable_AFE_Wdt_Cadc_Drivers     0x0800935f   Thumb Code     4  sh367309_func.o(i.SH367309_Enable_AFE_Wdt_Cadc_Drivers)
    SOC_IntEnhance_Ctrl                      0x08009365   Thumb Code   168  socenhance.o(i.SOC_IntEnhance_Ctrl)
    SOC_PublishReportData                    0x08009425   Thumb Code    74  socenhance.o(i.SOC_PublishReportData)
    SOC_RequestCapacityReset                 0x08009479   Thumb Code    54  socenhance.o(i.SOC_RequestCapacityReset)
    SOC_RequestSetOnce                       0x080094b9   Thumb Code    18  socenhance.o(i.SOC_RequestSetOnce)
    SOC_ResetStoredSnapshotToDefault         0x080094cd   Thumb Code    86  socenhance.o(i.SOC_ResetStoredSnapshotToDefault)
    SPI_Cmd                                  0x08009529   Thumb Code    20  stm32f10x_spi.o(i.SPI_Cmd)
    SPI_I2S_DeInit                           0x0800953d   Thumb Code    72  stm32f10x_spi.o(i.SPI_I2S_DeInit)
    SPI_Init                                 0x08009591   Thumb Code    56  stm32f10x_spi.o(i.SPI_Init)
    SVC_Handler                              0x080095c9   Thumb Code     2  stm32f10x_it.o(i.SVC_Handler)
    Sci1_CommonUpper_IRQHandler              0x080095cd   Thumb Code     6  sci_upper.o(i.Sci1_CommonUpper_IRQHandler)
    Sci2_CommonUpper_IRQHandler              0x080095d9   Thumb Code     6  sci_upper.o(i.Sci2_CommonUpper_IRQHandler)
    Sci_ACK_0x03                             0x080095e5   Thumb Code   134  sci_upper.o(i.Sci_ACK_0x03)
    Sci_ACK_0x03_RW_AFE_Parameters           0x08009671   Thumb Code    32  sh367309_datadeal.o(i.Sci_ACK_0x03_RW_AFE_Parameters)
    Sci_ACK_0x03_RW_Data_Cali                0x08009695   Thumb Code    50  sci_upper.o(i.Sci_ACK_0x03_RW_Data_Cali)
    Sci_ACK_0x03_RW_Data_Other               0x080096d1   Thumb Code    84  sci_upper.o(i.Sci_ACK_0x03_RW_Data_Other)
    Sci_ACK_0x03_RW_Data_OtherCanAdd         0x0800972d   Thumb Code    40  sci_upper.o(i.Sci_ACK_0x03_RW_Data_OtherCanAdd)
    Sci_ACK_0x03_RW_Data_Pro                 0x08009759   Thumb Code    40  sci_upper.o(i.Sci_ACK_0x03_RW_Data_Pro)
    Sci_ACK_0x03_ReadRegs_Data               0x08009785   Thumb Code   342  sci_upper.o(i.Sci_ACK_0x03_ReadRegs_Data)
    Sci_ACK_0x03_ReadRegs_EventRecord        0x080098f1   Thumb Code    62  logrecord.o(i.Sci_ACK_0x03_ReadRegs_EventRecord)
    Sci_ACK_0x06_0x10                        0x08009935   Thumb Code    64  sci_upper.o(i.Sci_ACK_0x06_0x10)
    Sci_CRC16RTU                             0x08009a55   Thumb Code    46  pubfunc.o(i.Sci_CRC16RTU)
    Sci_DataInit                             0x08009aa1   Thumb Code    50  sci_upper.o(i.Sci_DataInit)
    Sci_Deal_ReadRegs_0x03                   0x08009ad9   Thumb Code   246  sci_upper.o(i.Sci_Deal_ReadRegs_0x03)
    Sci_Deal_WrReg_0x06                      0x08009bcf   Thumb Code   108  sci_upper.o(i.Sci_Deal_WrReg_0x06)
    Sci_Deal_WrRegs_0x10                     0x08009c3b   Thumb Code   172  sci_upper.o(i.Sci_Deal_WrRegs_0x10)
    Sci_HostReadWords                        0x08009e31   Thumb Code   150  sci_upper.o(i.Sci_HostReadWords)
    Sci_HostWriteWords                       0x08009ecd   Thumb Code   164  sci_upper.o(i.Sci_HostWriteWords)
    Sci_WrReg_0x06_BMS_FunctionOFF           0x0800a4b1   Thumb Code    32  sci_upper.o(i.Sci_WrReg_0x06_BMS_FunctionOFF)
    Sci_WrReg_0x06_BMS_FunctionON            0x0800a4d1   Thumb Code    58  sci_upper.o(i.Sci_WrReg_0x06_BMS_FunctionON)
    Sci_WrReg_0x06_Reset_AFE_Parameters      0x0800a50b   Thumb Code    38  sh367309_datadeal.o(i.Sci_WrReg_0x06_Reset_AFE_Parameters)
    Sci_WrReg_0x06_Reset_CalibCoef           0x0800a531   Thumb Code    98  sci_upper.o(i.Sci_WrReg_0x06_Reset_CalibCoef)
    Sci_WrReg_0x06_Reset_EventRecord         0x0800a59d   Thumb Code    46  logrecord.o(i.Sci_WrReg_0x06_Reset_EventRecord)
    Sci_WrReg_0x06_Reset_OtherCanAdd         0x0800a5cd   Thumb Code    94  sci_upper.o(i.Sci_WrReg_0x06_Reset_OtherCanAdd)
    Sci_WrReg_0x06_Reset_ProtectElement      0x0800a635   Thumb Code    90  sci_upper.o(i.Sci_WrReg_0x06_Reset_ProtectElement)
    Sci_WrReg_0x06_Reset_ProtectRecord       0x0800a699   Thumb Code    60  sci_upper.o(i.Sci_WrReg_0x06_Reset_ProtectRecord)
    Sci_WrReg_0x06_SetSocOnce                0x0800a6e9   Thumb Code    30  sci_upper.o(i.Sci_WrReg_0x06_SetSocOnce)
    Sci_WrRegs_0x10_AFE_Parameters           0x0800a719   Thumb Code   248  sh367309_datadeal.o(i.Sci_WrRegs_0x10_AFE_Parameters)
    Sci_WrRegs_0x10_CalibCoef                0x0800a815   Thumb Code   226  sci_upper.o(i.Sci_WrRegs_0x10_CalibCoef)
    Sci_WrRegs_0x10_FlashConnect             0x0800a901   Thumb Code    40  sci_upper.o(i.Sci_WrRegs_0x10_FlashConnect)
    Sci_WrRegs_0x10_OtherElement             0x0800a92d   Thumb Code   184  sci_upper.o(i.Sci_WrRegs_0x10_OtherElement)
    Sci_WrRegs_0x10_Protect                  0x0800a9f1   Thumb Code   196  sci_upper.o(i.Sci_WrRegs_0x10_Protect)
    Sci_WrRegs_0x10_SN_Version               0x0800aac1   Thumb Code    88  sci_upper.o(i.Sci_WrRegs_0x10_SN_Version)
    Seccond_Cal                              0x0800ab5d   Thumb Code   114  rtc.o(i.Seccond_Cal)
    SleepDeal_HandleBootSleepStartup         0x0800ac59   Thumb Code   108  sleepdeal.o(i.SleepDeal_HandleBootSleepStartup)
    SleepDeal_IsWakeupValid                  0x0800acc9   Thumb Code    44  sleepdeal.o(i.SleepDeal_IsWakeupValid)
    SleepDeal_RecordExternalComm             0x0800ad01   Thumb Code    10  sleepdeal.o(i.SleepDeal_RecordExternalComm)
    StorageFlash_Crc16                       0x0800ad3b   Thumb Code    12  flash.o(i.StorageFlash_Crc16)
    StorageFlash_Crc16Update                 0x0800ad47   Thumb Code    54  flash.o(i.StorageFlash_Crc16Update)
    StorageFlash_EraseStoragePage            0x0800ad7d   Thumb Code    70  flash.o(i.StorageFlash_EraseStoragePage)
    StorageFlash_LoadConfigData              0x0800aded   Thumb Code    40  flash.o(i.StorageFlash_LoadConfigData)
    StorageFlash_LoadSocData                 0x0800af99   Thumb Code    38  flash.o(i.StorageFlash_LoadSocData)
    StorageFlash_ProgramStorageBytes         0x0800b029   Thumb Code   100  flash.o(i.StorageFlash_ProgramStorageBytes)
    StorageFlash_SaveConfigData              0x0800b109   Thumb Code    44  flash.o(i.StorageFlash_SaveConfigData)
    StorageFlash_SaveSocData                 0x0800b34d   Thumb Code    54  flash.o(i.StorageFlash_SaveSocData)
    SysTick_Handler                          0x0800b395   Thumb Code     2  stm32f10x_it.o(i.SysTick_Handler)
    SysTime_Get10msTickCount                 0x0800b399   Thumb Code    18  system_init.o(i.SysTime_Get10msTickCount)
    SysTime_LatchTaskFlags                   0x0800b3b1   Thumb Code    26  system_init.o(i.SysTime_LatchTaskFlags)
    SysTime_Take200msTaskPeriod              0x0800b465   Thumb Code    30  system_init.o(i.SysTime_Take200msTaskPeriod)
    Sys_StopMode                             0x0800b489   Thumb Code    64  conf.o(i.Sys_StopMode)
    SystemCoreClockUpdate                    0x0800b4cd   Thumb Code    86  system_stm32f10x.o(i.SystemCoreClockUpdate)
    SystemInit                               0x0800b535   Thumb Code    62  system_stm32f10x.o(i.SystemInit)
    SystemRuntime_GetStatusSnapshot          0x0800b589   Thumb Code     6  system_monitor.o(i.SystemRuntime_GetStatusSnapshot)
    SystemRuntime_IsChargeMosOpen            0x0800b595   Thumb Code    10  system_monitor.o(i.SystemRuntime_IsChargeMosOpen)
    SystemRuntime_IsDischargeMosOpen         0x0800b5a5   Thumb Code    10  system_monitor.o(i.SystemRuntime_IsDischargeMosOpen)
    SystemRuntime_MarkBootReady              0x0800b5b5   Thumb Code    20  system_monitor.o(i.SystemRuntime_MarkBootReady)
    SystemRuntime_SetAfeStatus               0x0800b5cd   Thumb Code    30  system_monitor.o(i.SystemRuntime_SetAfeStatus)
    SystemRuntime_SetMosStatus               0x0800b5f1   Thumb Code    38  system_monitor.o(i.SystemRuntime_SetMosStatus)
    SystemRuntime_SetProjectVersion          0x0800b61d   Thumb Code    12  system_monitor.o(i.SystemRuntime_SetProjectVersion)
    System_ERROR_UserCallback                0x0800b62d   Thumb Code    82  system_monitor.o(i.System_ERROR_UserCallback)
    TIM3_IRQHandler                          0x0800b741   Thumb Code    34  system_init.o(i.TIM3_IRQHandler)
    TIM_ClearITPendingBit                    0x0800b769   Thumb Code     6  stm32f10x_tim.o(i.TIM_ClearITPendingBit)
    TIM_Cmd                                  0x0800b76f   Thumb Code    20  stm32f10x_tim.o(i.TIM_Cmd)
    TIM_GetITStatus                          0x0800b783   Thumb Code    24  stm32f10x_tim.o(i.TIM_GetITStatus)
    TIM_ITConfig                             0x0800b79b   Thumb Code    16  stm32f10x_tim.o(i.TIM_ITConfig)
    TIM_OC2Init                              0x0800b7ad   Thumb Code   120  stm32f10x_tim.o(i.TIM_OC2Init)
    TIM_SetCounter                           0x0800b82d   Thumb Code     4  stm32f10x_tim.o(i.TIM_SetCounter)
    TIM_TimeBaseInit                         0x0800b831   Thumb Code   114  stm32f10x_tim.o(i.TIM_TimeBaseInit)
    USART1_IRQHandler                        0x0800b8cd   Thumb Code    12  stm32f10x_it.o(i.USART1_IRQHandler)
    USART2_IRQHandler                        0x0800b8dd   Thumb Code    12  stm32f10x_it.o(i.USART2_IRQHandler)
    USART_ClearFlag                          0x0800b8ed   Thumb Code     6  stm32f10x_usart.o(i.USART_ClearFlag)
    USART_Cmd                                0x0800b8f3   Thumb Code    20  stm32f10x_usart.o(i.USART_Cmd)
    USART_ITConfig                           0x0800b907   Thumb Code    48  stm32f10x_usart.o(i.USART_ITConfig)
    USART_Init                               0x0800b939   Thumb Code   166  stm32f10x_usart.o(i.USART_Init)
    USB_LP_CAN1_RX0_IRQHandler               0x0800b9e5   Thumb Code    48  can_hdx.o(i.USB_LP_CAN1_RX0_IRQHandler)
    UpdateVoltageFromBqMaximo                0x0800ba1d   Thumb Code   164  i2c_afe1.o(i.UpdateVoltageFromBqMaximo)
    UpgradeParamPolicy_ApplyOnce             0x0800bac5   Thumb Code   200  eeprom.o(i.UpgradeParamPolicy_ApplyOnce)
    UsageFault_Handler                       0x0800bba9   Thumb Code     8  stm32f10x_it.o(i.UsageFault_Handler)
    __delay_ms                               0x0800bbb1   Thumb Code    52  system_init.o(i.__delay_ms)
    __scatterload_copy                       0x0800bbe9   Thumb Code    14  handlers.o(i.__scatterload_copy)
    __scatterload_null                       0x0800bbf7   Thumb Code     2  handlers.o(i.__scatterload_null)
    __scatterload_zeroinit                   0x0800bbf9   Thumb Code    14  handlers.o(i.__scatterload_zeroinit)
    cpu_frequency_conf                       0x0800bc07   Thumb Code    18  rtc_sleep_port.o(i.cpu_frequency_conf)
    jtag_disableAndConfIO                    0x0800c1c5   Thumb Code    30  pubfunc.o(i.jtag_disableAndConfIO)
    main                                     0x0800c205   Thumb Code    10  main.o(i.main)
    soc_param_lib_init                       0x0800c6f1   Thumb Code    54  socenhance.o(i.soc_param_lib_init)
    g_u16ProtectParamMin                     0x0800cbe4   Data         130  eeprom.o(.constdata)
    g_u16ProtectParamDefault                 0x0800cc66   Data         130  eeprom.o(.constdata)
    g_u16ProtectParamMax                     0x0800cce8   Data         130  eeprom.o(.constdata)
    g_u16OtherParamMin                       0x0800cd6a   Data          64  eeprom.o(.constdata)
    g_u16OtherParamDefault                   0x0800cdaa   Data          64  eeprom.o(.constdata)
    g_u16OtherParamMax                       0x0800cdea   Data          64  eeprom.o(.constdata)
    iSheldTemp_10K_NTC                       0x0800ce2a   Data         282  i2c_afe1.o(.constdata)
    SOC_Table_LiFePO                         0x0800cfe8   Data          84  socenhance.o(.constdata)
    Region$$Table$$Base                      0x0800d130   Number         0  anon$$obj.o(Region$$Table)
    Region$$Table$$Limit                     0x0800d150   Number         0  anon$$obj.o(Region$$Table)
    g_u32CS_Res_AFE                          0x20000008   Data           4  datadeal.o(.data)
    Fault_Flag_Fisrt                         0x2000000e   Data           2  fault.o(.data)
    Fault_Flag_Second                        0x20000010   Data           2  fault.o(.data)
    Fault_Flag_Third                         0x20000012   Data           2  fault.o(.data)
    FaultPoint_Third                         0x20000014   Data           1  fault.o(.data)
    FaultPoint_Third2                        0x20000015   Data           1  fault.o(.data)
    SeriesNum                                0x2000001f   Data           1  runtime.o(.data)
    u8FlashUpdateFlag                        0x20000028   Data           1  sci_upper.o(.data)
    u8FlashUpdateE2PROM                      0x20000029   Data           1  sci_upper.o(.data)
    g_st_SysTimeFlag                         0x20000086   Data           2  system_init.o(.data)
    s_system_status                          0x20000090   Data           4  system_monitor.o(.data)
    su32_Interval_S_Tcnt                     0x20000094   Data           4  logrecord.o(.data)
    AFE_PARAM_WRITE_Flag                     0x200000a0   Data           4  sh367309_datadeal.o(.data)
    AFE_Parameters_RS485_Struction           0x200000a4   Data         192  sh367309_datadeal.o(.data)
    g_irq_t                                  0x20000174   Data           1  rtc_sleep.o(.data)
    g_stLowPowerRtcStatus                    0x20000178   Data          36  rtc_sleep.o(.data)
    SystemCoreClock                          0x2000019c   Data           4  system_stm32f10x.o(.data)
    AHBPrescTable                            0x200001a0   Data          16  system_stm32f10x.o(.data)
    sys_time                                 0x200001c8   Data          88  conf.o(.data)
    g_u16CalibCoefK                          0x20000284   Data          94  datadeal.o(.bss)
    g_i16CalibCoefB                          0x200002e2   Data          94  datadeal.o(.bss)
    OtherElement                             0x20000340   Data          64  datadeal.o(.bss)
    PRT_E2ROMParas                           0x20000562   Data         130  fault.o(.bss)
    Fault_record_Third                       0x200005e4   Data          20  fault.o(.bss)
    Fault_record_Third2                      0x200005f8   Data          20  fault.o(.bss)
    Registers_AFE1                           0x20000678   Data          52  i2c_afe1.o(.bss)
    SH367309_Read_AFE1                       0x200006ac   Data          56  i2c_afe1.o(.bss)
    RTC_time                                 0x200006fe   Data          24  rtc.o(.bss)
    g_stCellInfoReport                       0x20000d0a   Data         126  sci_upper.o(.bss)
    System_ErrFlag                           0x20000d88   Data          24  system_monitor.o(.bss)
    ProductionInfor                          0x20000da0   Data         108  productionid.o(.bss)
    SH367309_Reg_Store                       0x20001744   Data          12  sh367309_func.o(.bss)
    __initial_sp                             0x20002350   Data           0  startup_stm32f10x_hd.o(STACK)



==============================================================================

Memory Map of the image

  Image Entry point : 0x08004931

  Load Region LR_IROM1 (Base: 0x08004800, Size: 0x00008b70, Max: 0x0000a000, ABSOLUTE, COMPRESSED[0x00008a1c])

    Execution Region ER_IROM1 (Exec base: 0x08004800, Load base: 0x08004800, Size: 0x00008950, Max: 0x0000a000, ABSOLUTE)

    Exec Addr    Load Addr    Size         Type   Attr      Idx    E Section Name        Object

    0x08004800   0x08004800   0x00000130   Data   RO         3373    RESET               startup_stm32f10x_hd.o
    0x08004930   0x08004930   0x00000000   Code   RO         6606  * .ARM.Collect$$$$00000000  mc_w.l(entry.o)
    0x08004930   0x08004930   0x00000004   Code   RO         6878    .ARM.Collect$$$$00000001  mc_w.l(entry2.o)
    0x08004934   0x08004934   0x00000004   Code   RO         6881    .ARM.Collect$$$$00000004  mc_w.l(entry5.o)
    0x08004938   0x08004938   0x00000000   Code   RO         6883    .ARM.Collect$$$$00000008  mc_w.l(entry7b.o)
    0x08004938   0x08004938   0x00000000   Code   RO         6885    .ARM.Collect$$$$0000000A  mc_w.l(entry8b.o)
    0x08004938   0x08004938   0x00000008   Code   RO         6886    .ARM.Collect$$$$0000000B  mc_w.l(entry9a.o)
    0x08004940   0x08004940   0x00000004   Code   RO         6893    .ARM.Collect$$$$0000000E  mc_w.l(entry12b.o)
    0x08004944   0x08004944   0x00000000   Code   RO         6888    .ARM.Collect$$$$0000000F  mc_w.l(entry10a.o)
    0x08004944   0x08004944   0x00000000   Code   RO         6890    .ARM.Collect$$$$00000011  mc_w.l(entry11a.o)
    0x08004944   0x08004944   0x00000004   Code   RO         6879    .ARM.Collect$$$$00002712  mc_w.l(entry2.o)
    0x08004948   0x08004948   0x00000028   Code   RO         3374    .text               startup_stm32f10x_hd.o
    0x08004970   0x08004970   0x00000024   Code   RO         6609    .text               mc_w.l(memcpya.o)
    0x08004994   0x08004994   0x00000024   Code   RO         6611    .text               mc_w.l(memseta.o)
    0x080049b8   0x080049b8   0x0000001a   Code   RO         6613    .text               mc_w.l(memcmp.o)
    0x080049d2   0x080049d2   0x00000002   PAD
    0x080049d4   0x080049d4   0x00000024   Code   RO         6910    .text               mc_w.l(init.o)
    0x080049f8   0x080049f8   0x00000056   Code   RO         6928    .text               mc_w.l(__dczerorl2.o)
    0x08004a4e   0x08004a4e   0x00000014   Code   RO         3568    i.ADC_Cmd           stm32f10x_adc.o
    0x08004a62   0x08004a62   0x00000014   Code   RO         3569    i.ADC_DMACmd        stm32f10x_adc.o
    0x08004a76   0x08004a76   0x00000002   PAD
    0x08004a78   0x08004a78   0x00000044   Code   RO         3570    i.ADC_DeInit        stm32f10x_adc.o
    0x08004abc   0x08004abc   0x00000014   Code   RO         3573    i.ADC_ExternalTrigConvCmd  stm32f10x_adc.o
    0x08004ad0   0x08004ad0   0x0000000e   Code   RO         3576    i.ADC_GetCalibrationStatus  stm32f10x_adc.o
    0x08004ade   0x08004ade   0x0000000e   Code   RO         3582    i.ADC_GetResetCalibrationStatus  stm32f10x_adc.o
    0x08004aec   0x08004aec   0x00000018   Code   RO            2    i.ADC_GetResult     adc.o
    0x08004b04   0x08004b04   0x00000048   Code   RO         3586    i.ADC_Init          stm32f10x_adc.o
    0x08004b4c   0x08004b4c   0x00000074   Code   RO         3590    i.ADC_RegularChannelConfig  stm32f10x_adc.o
    0x08004bc0   0x08004bc0   0x0000001c   Code   RO            6    i.ADC_ResetAnlogCalSchedule  adc.o
    0x08004bdc   0x08004bdc   0x0000000a   Code   RO         3591    i.ADC_ResetCalibration  stm32f10x_adc.o
    0x08004be6   0x08004be6   0x0000000a   Code   RO         3595    i.ADC_StartCalibration  stm32f10x_adc.o
    0x08004bf0   0x08004bf0   0x00000084   Code   RO            7    i.ADC_StopForLowPower  adc.o
    0x08004c74   0x08004c74   0x00000012   Code   RO         3596    i.ADC_StructInit    stm32f10x_adc.o
    0x08004c86   0x08004c86   0x00000002   PAD
    0x08004c88   0x08004c88   0x0000002c   Code   RO         2926    i.AFE_CalcuVbat     sh367309_func.o
    0x08004cb4   0x08004cb4   0x00000064   Code   RO          824    i.Afe3520_ApplyConfig  i2c_afe1.o
    0x08004d18   0x08004d18   0x00000006   Code   RO          825    i.Afe3520_Be16      i2c_afe1.o
    0x08004d1e   0x08004d1e   0x00000002   PAD
    0x08004d20   0x08004d20   0x00000020   Code   RO          826    i.Afe3520_BeginFrame  i2c_afe1.o
    0x08004d40   0x08004d40   0x00000054   Code   RO          827    i.Afe3520_ClearFlags  i2c_afe1.o
    0x08004d94   0x08004d94   0x0000000c   Code   RO          828    i.Afe3520_ConfigDirty  i2c_afe1.o
    0x08004da0   0x08004da0   0x0000001c   Code   RO          829    i.Afe3520_Crc8      i2c_afe1.o
    0x08004dbc   0x08004dbc   0x0000001e   Code   RO          830    i.Afe3520_Crc8Update  i2c_afe1.o
    0x08004dda   0x08004dda   0x00000002   PAD
    0x08004ddc   0x08004ddc   0x0000000c   Code   RO          831    i.Afe3520_CsHigh    i2c_afe1.o
    0x08004de8   0x08004de8   0x00000022   Code   RO          832    i.Afe3520_EncodeOccUv  i2c_afe1.o
    0x08004e0a   0x08004e0a   0x0000001c   Code   RO          833    i.Afe3520_EncodeOcd1Mv  i2c_afe1.o
    0x08004e26   0x08004e26   0x0000001c   Code   RO          834    i.Afe3520_EncodeOcd2Mv  i2c_afe1.o
    0x08004e42   0x08004e42   0x00000028   Code   RO          835    i.Afe3520_EncodeOvUvMv  i2c_afe1.o
    0x08004e6a   0x08004e6a   0x00000014   Code   RO          836    i.Afe3520_EndFrame  i2c_afe1.o
    0x08004e7e   0x08004e7e   0x00000002   PAD
    0x08004e80   0x08004e80   0x00000008   Code   RO          841    i.Afe3520_GetSnapshot  i2c_afe1.o
    0x08004e88   0x08004e88   0x00000048   Code   RO          842    i.Afe3520_Init      i2c_afe1.o
    0x08004ed0   0x08004ed0   0x00000084   Code   RO          843    i.Afe3520_InitBoardControlPins  i2c_afe1.o
    0x08004f54   0x08004f54   0x0000000c   Code   RO          845    i.Afe3520_MarkConfigDirty  i2c_afe1.o
    0x08004f60   0x08004f60   0x00000010   Code   RO          846    i.Afe3520_NativeToLegacyCadc  i2c_afe1.o
    0x08004f70   0x08004f70   0x00000170   Code   RO          847    i.Afe3520_ParseSnapshot  i2c_afe1.o
    0x080050e0   0x080050e0   0x00000040   Code   RO          848    i.Afe3520_PickDelayCode  i2c_afe1.o
    0x08005120   0x08005120   0x000000ac   Code   RO          849    i.Afe3520_PortInit  i2c_afe1.o
    0x080051cc   0x080051cc   0x00000060   Code   RO          850    i.Afe3520_Read      i2c_afe1.o
    0x0800522c   0x0800522c   0x000000ac   Code   RO          851    i.Afe3520_ReadOnce  i2c_afe1.o
    0x080052d8   0x080052d8   0x00000040   Code   RO          852    i.Afe3520_Service   i2c_afe1.o
    0x08005318   0x08005318   0x00000038   Code   RO          854    i.Afe3520_SetMos    i2c_afe1.o
    0x08005350   0x08005350   0x0000003c   Code   RO          856    i.Afe3520_SpiByte   i2c_afe1.o
    0x0800538c   0x0800538c   0x00000014   Code   RO          857    i.Afe3520_TriggerOpenWire  i2c_afe1.o
    0x080053a0   0x080053a0   0x0000004c   Code   RO          858    i.Afe3520_VerifyConfig  i2c_afe1.o
    0x080053ec   0x080053ec   0x0000008c   Code   RO          859    i.Afe3520_Write     i2c_afe1.o
    0x08005478   0x08005478   0x0000009c   Code   RO          860    i.Afe3520_WriteOnceMode  i2c_afe1.o
    0x08005514   0x08005514   0x0000000c   Code   RO          294    i.AfeCurrent_GetSeq  datadeal.o
    0x08005520   0x08005520   0x00000044   Code   RO          608    i.AppUpgrade_IsIapRequested  flash.o
    0x08005564   0x08005564   0x0000000c   Code   RO          609    i.AppUpgrade_MailboxCrc  flash.o
    0x08005570   0x08005570   0x00000030   Code   RO          610    i.AppUpgrade_RequestIap  flash.o
    0x080055a0   0x080055a0   0x00000068   Code   RO          296    i.App_AFEGet        datadeal.o
    0x08005608   0x08005608   0x0000003c   Code   RO            8    i.App_AnlogCal      adc.o
    0x08005644   0x08005644   0x00000060   Code   RO         2211    i.App_Can           can_hdx.o
    0x080056a4   0x080056a4   0x00000018   Code   RO         1428    i.App_CommonUpper   sci_upper.o
    0x080056bc   0x080056bc   0x00000030   Code   RO          611    i.App_FlashUpdate   flash.o
    0x080056ec   0x080056ec   0x00000118   Code   RO         2452    i.App_LogRecord     logrecord.o
    0x08005804   0x08005804   0x00000004   Code   RO         2933    i.App_SH367309      sh367309_func.o
    0x08005808   0x08005808   0x00000054   Code   RO         1951    i.App_SOC           soc.o
    0x0800585c   0x0800585c   0x00000012   Code   RO         3786    i.BKP_DeInit        stm32f10x_bkp.o
    0x0800586e   0x0800586e   0x00000002   PAD
    0x08005870   0x08005870   0x00000010   Code   RO         3791    i.BKP_ReadBackupRegister  stm32f10x_bkp.o
    0x08005880   0x08005880   0x00000010   Code   RO         3795    i.BKP_WriteBackupRegister  stm32f10x_bkp.o
    0x08005890   0x08005890   0x0000003c   Code   RO         2934    i.Bms3520_ApplyAndVerifyAfeConfig  sh367309_func.o
    0x080058cc   0x080058cc   0x000000a0   Code   RO         2935    i.Bms3520_ApplyMosArbitration  sh367309_func.o
    0x0800596c   0x0800596c   0x000001cc   Code   RO         2936    i.Bms3520_BuildAfeConfig  sh367309_func.o
    0x08005b38   0x08005b38   0x00000016   Code   RO         2860    i.Bms3520_CopyRuntimeValues  sh367309_datadeal.o
    0x08005b4e   0x08005b4e   0x0000004a   Code   RO         2937    i.Bms3520_FilterHigh  sh367309_func.o
    0x08005b98   0x08005b98   0x0000004a   Code   RO         2938    i.Bms3520_FilterLow  sh367309_func.o
    0x08005be2   0x08005be2   0x00000018   Code   RO         2939    i.Bms3520_FilterTicks  sh367309_func.o
    0x08005bfa   0x08005bfa   0x00000002   PAD
    0x08005bfc   0x08005bfc   0x0000005c   Code   RO         2942    i.Bms3520_HardwareRecoverySafe  sh367309_func.o
    0x08005c58   0x08005c58   0x00000030   Code   RO         2943    i.Bms3520_MaxCell   sh367309_func.o
    0x08005c88   0x08005c88   0x00000024   Code   RO         2944    i.Bms3520_MaxTempEncoded  sh367309_func.o
    0x08005cac   0x08005cac   0x00000038   Code   RO         2945    i.Bms3520_MinCell   sh367309_func.o
    0x08005ce4   0x08005ce4   0x00000030   Code   RO         2946    i.Bms3520_MinTempEncoded  sh367309_func.o
    0x08005d14   0x08005d14   0x00000038   Code   RO         2947    i.Bms3520_NtcCodeFromEncoded  sh367309_func.o
    0x08005d4c   0x08005d4c   0x000000d2   Code   RO         2861    i.Bms3520_ParamImageValid  sh367309_datadeal.o
    0x08005e1e   0x08005e1e   0x00000002   PAD
    0x08005e20   0x08005e20   0x00000048   Code   RO         2948    i.Bms3520_ProtectionInit  sh367309_func.o
    0x08005e68   0x08005e68   0x00000090   Code   RO         2949    i.Bms3520_ProtectionService  sh367309_func.o
    0x08005ef8   0x08005ef8   0x0000014c   Code   RO         2950    i.Bms3520_PublishLegacyFaultView  sh367309_func.o
    0x08006044   0x08006044   0x0000002c   Code   RO         2951    i.Bms3520_RequestMos  sh367309_func.o
    0x08006070   0x08006070   0x0000000e   Code   RO         2952    i.Bms3520_SenseMvFromA10  sh367309_func.o
    0x0800607e   0x0800607e   0x00000002   PAD
    0x08006080   0x08006080   0x0000009c   Code   RO         2954    i.Bms3520_TryRecoverHardware  sh367309_func.o
    0x0800611c   0x0800611c   0x000000d4   Code   RO         2955    i.Bms3520_UpdateHardwareProtection  sh367309_func.o
    0x080061f0   0x080061f0   0x000001bc   Code   RO         2956    i.Bms3520_UpdateSoftwareProtection  sh367309_func.o
    0x080063ac   0x080063ac   0x0000003c   Code   RO          457    i.BmsParam_ApplyRuntime  eeprom.o
    0x080063e8   0x080063e8   0x00000016   Code   RO         1876    i.BootFlag_EnableAccess  sleepdeal.o
    0x080063fe   0x080063fe   0x0000004e   Code   RO         1877    i.BootFlag_Read     sleepdeal.o
    0x0800644c   0x0800644c   0x0000001e   Code   RO         1878    i.BootFlag_Write    sleepdeal.o
    0x0800646a   0x0800646a   0x00000008   Code   RO         3379    i.BusFault_Handler  stm32f10x_it.o
    0x08006472   0x08006472   0x00000024   Code   RO         3862    i.CAN_CancelTransmit  stm32f10x_can.o
    0x08006496   0x08006496   0x00000002   PAD
    0x08006498   0x08006498   0x00000030   Code   RO         3863    i.CAN_ClearFlag     stm32f10x_can.o
    0x080064c8   0x080064c8   0x0000002c   Code   RO         3866    i.CAN_DeInit        stm32f10x_can.o
    0x080064f4   0x080064f4   0x000000cc   Code   RO         3868    i.CAN_FilterInit    stm32f10x_can.o
    0x080065c0   0x080065c0   0x00000010   Code   RO         3874    i.CAN_ITConfig      stm32f10x_can.o
    0x080065d0   0x080065d0   0x000000e8   Code   RO         3875    i.CAN_Init          stm32f10x_can.o
    0x080066b8   0x080066b8   0x00000016   Code   RO         3876    i.CAN_MessagePending  stm32f10x_can.o
    0x080066ce   0x080066ce   0x0000008e   Code   RO         3878    i.CAN_Receive       stm32f10x_can.o
    0x0800675c   0x0800675c   0x00000020   Code   RO         3881    i.CAN_StructInit    stm32f10x_can.o
    0x0800677c   0x0800677c   0x000000be   Code   RO         3883    i.CAN_Transmit      stm32f10x_can.o
    0x0800683a   0x0800683a   0x00000002   PAD
    0x0800683c   0x0800683c   0x0000006c   Code   RO         3884    i.CAN_TransmitStatus  stm32f10x_can.o
    0x080068a8   0x080068a8   0x0000004c   Code   RO         1429    i.CRC_verify        sci_upper.o
    0x080068f4   0x080068f4   0x0000000a   Code   RO         2384    i.CanFeidao_PutU16Be  canfeidaoframes.o
    0x080068fe   0x080068fe   0x00000012   Code   RO         2385    i.CanFeidao_PutU32Be  canfeidaoframes.o
    0x08006910   0x08006910   0x00000058   Code   RO         2386    i.CanFeidao_SendCap5000ms  canfeidaoframes.o
    0x08006968   0x08006968   0x00000054   Code   RO         2387    i.CanFeidao_SendFactoryTime5000ms  canfeidaoframes.o
    0x080069bc   0x080069bc   0x00000040   Code   RO         2388    i.CanFeidao_SendFrame  canfeidaoframes.o
    0x080069fc   0x080069fc   0x00000034   Code   RO         2389    i.CanFeidao_SendNextPending  canfeidaoframes.o
    0x08006a30   0x08006a30   0x0000006c   Code   RO         2390    i.CanFeidao_SendSoc1000ms  canfeidaoframes.o
    0x08006a9c   0x08006a9c   0x0000002c   Code   RO         2391    i.CanFeidao_SendSoh5000ms  canfeidaoframes.o
    0x08006ac8   0x08006ac8   0x000000dc   Code   RO         2392    i.CanFeidao_SendStatus5000ms  canfeidaoframes.o
    0x08006ba4   0x08006ba4   0x0000001e   Code   RO         2393    i.CanFeidao_SendVersion5000ms  canfeidaoframes.o
    0x08006bc2   0x08006bc2   0x00000002   PAD
    0x08006bc4   0x08006bc4   0x0000004c   Code   RO         2394    i.CanFeidao_SendVoltageCurrent1000ms  canfeidaoframes.o
    0x08006c10   0x08006c10   0x00000006   Code   RO         2212    i.Can_HDX_Transmit  can_hdx.o
    0x08006c16   0x08006c16   0x00000006   Code   RO         2213    i.Can_HDX_TransmitPeriodic  can_hdx.o
    0x08006c1c   0x08006c1c   0x00000018   Code   RO         6475    i.Conf_InitGpioMode  conf.o
    0x08006c34   0x08006c34   0x00000084   Code   RO         6476    i.Conf_InitMainPowerRails  conf.o
    0x08006cb8   0x08006cb8   0x0000004e   Code   RO         6477    i.Conf_InitWakeupInputExti  conf.o
    0x08006d06   0x08006d06   0x00000016   Code   RO         4253    i.DMA_Cmd           stm32f10x_dma.o
    0x08006d1c   0x08006d1c   0x000000e4   Code   RO         4254    i.DMA_DeInit        stm32f10x_dma.o
    0x08006e00   0x08006e00   0x0000003a   Code   RO         4259    i.DMA_Init          stm32f10x_dma.o
    0x08006e3a   0x08006e3a   0x0000001a   Code   RO         4261    i.DMA_StructInit    stm32f10x_dma.o
    0x08006e54   0x08006e54   0x00000058   Code   RO          297    i.DataLoad_CellVolt  datadeal.o
    0x08006eac   0x08006eac   0x0000008c   Code   RO          298    i.DataLoad_CellVoltMaxMinFind  datadeal.o
    0x08006f38   0x08006f38   0x000000a0   Code   RO          299    i.DataLoad_Current  datadeal.o
    0x08006fd8   0x08006fd8   0x00000008   Code   RO          300    i.DataLoad_CurrentAbsI32  datadeal.o
    0x08006fe0   0x08006fe0   0x00000028   Code   RO          301    i.DataLoad_CurrentMilliAmpToA10  datadeal.o
    0x08007008   0x08007008   0x0000000a   Code   RO          302    i.DataLoad_CurrentRawToSigned  datadeal.o
    0x08007012   0x08007012   0x00000002   PAD
    0x08007014   0x08007014   0x000000d0   Code   RO          303    i.DataLoad_Temperature  datadeal.o
    0x080070e4   0x080070e4   0x00000038   Code   RO          304    i.DataLoad_TemperatureMaxMinFind  datadeal.o
    0x0800711c   0x0800711c   0x00000002   Code   RO         3380    i.DebugMon_Handler  stm32f10x_it.o
    0x0800711e   0x0800711e   0x0000000a   Code   RO         1167    i.Delay1ms          pubfunc.o
    0x08007128   0x08007128   0x00000084   Code   RO          458    i.EEPROM_ApplyConfig  eeprom.o
    0x080071ac   0x080071ac   0x00000084   Code   RO          459    i.EEPROM_BuildConfig  eeprom.o
    0x08007230   0x08007230   0x0000000c   Code   RO          460    i.EEPROM_ConfigEditBegin  eeprom.o
    0x0800723c   0x0800723c   0x00000030   Code   RO          461    i.EEPROM_ConfigEditCommit  eeprom.o
    0x0800726c   0x0800726c   0x00000018   Code   RO          462    i.EEPROM_ConfigEditSetAfeWord  eeprom.o
    0x08007284   0x08007284   0x00000020   Code   RO          463    i.EEPROM_ConfigEditSetCalibPair  eeprom.o
    0x080072a4   0x080072a4   0x0000001c   Code   RO          464    i.EEPROM_ConfigEditSetOtherWord  eeprom.o
    0x080072c0   0x080072c0   0x00000018   Code   RO          465    i.EEPROM_ConfigEditSetProtectWord  eeprom.o
    0x080072d8   0x080072d8   0x000000d4   Code   RO          466    i.EEPROM_ConfigIsValid  eeprom.o
    0x080073ac   0x080073ac   0x00000024   Code   RO          467    i.EEPROM_LoadDefaultAfe  eeprom.o
    0x080073d0   0x080073d0   0x0000001c   Code   RO          468    i.EEPROM_LoadDefaultOtherElement  eeprom.o
    0x080073ec   0x080073ec   0x00000014   Code   RO          469    i.EEPROM_LoadDefaultProtect  eeprom.o
    0x08007400   0x08007400   0x00000068   Code   RO         2862    i.EEPROM_ResetData_AFE_ParametersToDefault  sh367309_datadeal.o
    0x08007468   0x08007468   0x00000016   Code   RO         2453    i.EEPROM_ResetData_EventRecord_ToDefault  logrecord.o
    0x0800747e   0x0800747e   0x00000002   PAD
    0x08007480   0x08007480   0x00000014   Code   RO          470    i.EEPROM_SaveConfigToFlash  eeprom.o
    0x08007494   0x08007494   0x0000002a   Code   RO          471    i.EEPROM_WordBlockInRange  eeprom.o
    0x080074be   0x080074be   0x00000002   PAD
    0x080074c0   0x080074c0   0x00000030   Code   RO         3381    i.EXTI0_IRQHandler  stm32f10x_it.o
    0x080074f0   0x080074f0   0x0000003c   Code   RO         3382    i.EXTI15_10_IRQHandler  stm32f10x_it.o
    0x0800752c   0x0800752c   0x00000018   Code   RO         3383    i.EXTI2_IRQHandler  stm32f10x_it.o
    0x08007544   0x08007544   0x00000018   Code   RO         3384    i.EXTI3_IRQHandler  stm32f10x_it.o
    0x0800755c   0x0800755c   0x00000060   Code   RO         3385    i.EXTI9_5_IRQHandler  stm32f10x_it.o
    0x080075bc   0x080075bc   0x0000000c   Code   RO         4324    i.EXTI_ClearITPendingBit  stm32f10x_exti.o
    0x080075c8   0x080075c8   0x00000020   Code   RO         4328    i.EXTI_GetITStatus  stm32f10x_exti.o
    0x080075e8   0x080075e8   0x00000070   Code   RO         4329    i.EXTI_Init         stm32f10x_exti.o
    0x08007658   0x08007658   0x00000014   Code   RO         1985    i.EnableLowPowerDebug  system_init.o
    0x0800766c   0x0800766c   0x0000000c   Code   RO         4377    i.FLASH_ClearFlag   stm32f10x_flash.o
    0x08007678   0x08007678   0x0000003c   Code   RO         4382    i.FLASH_ErasePage   stm32f10x_flash.o
    0x080076b4   0x080076b4   0x00000028   Code   RO         4383    i.FLASH_GetBank1Status  stm32f10x_flash.o
    0x080076dc   0x080076dc   0x00000010   Code   RO         4392    i.FLASH_Lock        stm32f10x_flash.o
    0x080076ec   0x080076ec   0x00000034   Code   RO         4395    i.FLASH_ProgramHalfWord  stm32f10x_flash.o
    0x08007720   0x08007720   0x00000018   Code   RO         4400    i.FLASH_Unlock      stm32f10x_flash.o
    0x08007738   0x08007738   0x00000022   Code   RO         4404    i.FLASH_WaitForLastOperation  stm32f10x_flash.o
    0x0800775a   0x0800775a   0x00000002   PAD
    0x0800775c   0x0800775c   0x00000024   Code   RO          578    i.FaultWarnRecord2  fault.o
    0x08007780   0x08007780   0x00000040   Code   RO         3386    i.Fault_ResetOrHold  stm32f10x_it.o
    0x080077c0   0x080077c0   0x0000002e   Code   RO          612    i.FlashErasePageVerified  flash.o
    0x080077ee   0x080077ee   0x00000044   Code   RO          613    i.FlashProgramBytesVerified  flash.o
    0x08007832   0x08007832   0x00000022   Code   RO          614    i.FlashProgramHalfWordVerified  flash.o
    0x08007854   0x08007854   0x00000004   Code   RO          615    i.FlashReadOneHalfWord  flash.o
    0x08007858   0x08007858   0x00000028   Code   RO         4672    i.GPIO_EXTILineConfig  stm32f10x_gpio.o
    0x08007880   0x08007880   0x0000009c   Code   RO         4675    i.GPIO_Init         stm32f10x_gpio.o
    0x0800791c   0x0800791c   0x00000058   Code   RO         4677    i.GPIO_PinRemapConfig  stm32f10x_gpio.o
    0x08007974   0x08007974   0x0000000e   Code   RO         4679    i.GPIO_ReadInputDataBit  stm32f10x_gpio.o
    0x08007982   0x08007982   0x00000004   Code   RO         4682    i.GPIO_ResetBits    stm32f10x_gpio.o
    0x08007986   0x08007986   0x00000004   Code   RO         4683    i.GPIO_SetBits      stm32f10x_gpio.o
    0x0800798a   0x0800798a   0x0000000a   Code   RO         4686    i.GPIO_WriteBit     stm32f10x_gpio.o
    0x08007994   0x08007994   0x000000ba   Code   RO         1168    i.GetEndValue       pubfunc.o
    0x08007a4e   0x08007a4e   0x00000008   Code   RO         3387    i.HardFault_Handler  stm32f10x_it.o
    0x08007a56   0x08007a56   0x00000002   PAD
    0x08007a58   0x08007a58   0x0000005c   Code   RO         6478    i.IOstatus_Base     conf.o
    0x08007ab4   0x08007ab4   0x00000004   Code   RO         6479    i.IOstatus_DeepMode  conf.o
    0x08007ab8   0x08007ab8   0x00000004   Code   RO         1986    i.IWDG_Feed         system_init.o
    0x08007abc   0x08007abc   0x00000010   Code   RO         4989    i.IWDG_ReloadCounter  stm32f10x_iwdg.o
    0x08007acc   0x08007acc   0x00000040   Code   RO            9    i.InitADC           adc.o
    0x08007b0c   0x08007b0c   0x000000cc   Code   RO           10    i.InitADC_ADC1      adc.o
    0x08007bd8   0x08007bd8   0x00000064   Code   RO           11    i.InitADC_DMA       adc.o
    0x08007c3c   0x08007c3c   0x0000002c   Code   RO           12    i.InitADC_GPIO      adc.o
    0x08007c68   0x08007c68   0x00000088   Code   RO           13    i.InitADC_TIMER     adc.o
    0x08007cf0   0x08007cf0   0x00000040   Code   RO          861    i.InitAFE1          i2c_afe1.o
    0x08007d30   0x08007d30   0x000000d0   Code   RO         2217    i.InitCan           can_hdx.o
    0x08007e00   0x08007e00   0x0000007c   Code   RO         2218    i.InitCan_GPIO      can_hdx.o
    0x08007e7c   0x08007e7c   0x00000004   Code   RO         1952    i.InitData_SOC      soc.o
    0x08007e80   0x08007e80   0x0000003c   Code   RO         1987    i.InitDelay         system_init.o
    0x08007ebc   0x08007ebc   0x00000084   Code   RO          472    i.InitE2PROM        eeprom.o
    0x08007f40   0x08007f40   0x00000060   Code   RO         6482    i.InitIO            conf.o
    0x08007fa0   0x08007fa0   0x00000008   Code   RO         1988    i.InitNVIC          system_init.o
    0x08007fa8   0x08007fa8   0x00000004   Code   RO         2173    i.InitProID         productionid.o
    0x08007fac   0x08007fac   0x00000064   Code   RO         2174    i.InitProID_DefaultData  productionid.o
    0x08008010   0x08008010   0x00000030   Code   RO         1430    i.InitSCI1_CommonUpper  sci_upper.o
    0x08008040   0x08008040   0x00000030   Code   RO         1431    i.InitSCI2_CommonUpper  sci_upper.o
    0x08008070   0x08008070   0x0000000c   Code   RO         2090    i.InitSystemMonitorData_EEPROM  system_monitor.o
    0x0800807c   0x0800807c   0x000000dc   Code   RO         1989    i.InitTimer         system_init.o
    0x08008158   0x08008158   0x0000000e   Code   RO         1432    i.InitUSART_CommonUpper  sci_upper.o
    0x08008166   0x08008166   0x00000002   PAD
    0x08008168   0x08008168   0x00000048   Code   RO         6485    i.InitWakeUp_Base   conf.o
    0x080081b0   0x080081b0   0x00000004   Code   RO         6486    i.InitWakeUp_DeepMode  conf.o
    0x080081b4   0x080081b4   0x00000066   Code   RO         1210    i.Init_RTC          rtc.o
    0x0800821a   0x0800821a   0x00000002   PAD
    0x0800821c   0x0800821c   0x00000014   Code   RO          306    i.Init_Registers    datadeal.o
    0x08008230   0x08008230   0x00000002   Code   RO         1417    i.IrqDebug_RecordUnhandledVector  startupdefaulthandler.o
    0x08008232   0x08008232   0x00000002   PAD
    0x08008234   0x08008234   0x00000090   Code   RO         2454    i.LogEvent_EEPROM   logrecord.o
    0x080082c4   0x080082c4   0x00000098   Code   RO         2455    i.LogEvent_Record   logrecord.o
    0x0800835c   0x0800835c   0x00000014   Code   RO         2457    i.LogRecord_RequestStartup  logrecord.o
    0x08008370   0x08008370   0x0000002e   Code   RO         2458    i.LogStorage_ApplyEntry  logrecord.o
    0x0800839e   0x0800839e   0x00000002   PAD
    0x080083a0   0x080083a0   0x00000090   Code   RO         2459    i.LogStorage_CollectPages  logrecord.o
    0x08008430   0x08008430   0x00000006   Code   RO         2460    i.LogStorage_EntryCrc  logrecord.o
    0x08008436   0x08008436   0x00000006   Code   RO         2461    i.LogStorage_HeaderCrc  logrecord.o
    0x0800843c   0x0800843c   0x0000002c   Code   RO         2462    i.LogStorage_IsBlank  logrecord.o
    0x08008468   0x08008468   0x000000bc   Code   RO         2463    i.LogStorage_Load   logrecord.o
    0x08008524   0x08008524   0x000000e4   Code   RO         2464    i.LogStorage_PersistEvent  logrecord.o
    0x08008608   0x08008608   0x0000002a   Code   RO         2465    i.LogStorage_ReadEntry  logrecord.o
    0x08008632   0x08008632   0x00000002   PAD
    0x08008634   0x08008634   0x00000038   Code   RO         2466    i.LogStorage_ReadHeader  logrecord.o
    0x0800866c   0x0800866c   0x0000006c   Code   RO         2467    i.LogStorage_Reset  logrecord.o
    0x080086d8   0x080086d8   0x00000058   Code   RO         2468    i.LogStorage_SelectReusablePage  logrecord.o
    0x08008730   0x08008730   0x0000006a   Code   RO         2469    i.LogStorage_SortOldestFirst  logrecord.o
    0x0800879a   0x0800879a   0x00000002   PAD
    0x0800879c   0x0800879c   0x00000080   Code   RO         2470    i.LogStorage_StartPage  logrecord.o
    0x0800881c   0x0800881c   0x00000030   Code   RO         2472    i.LogTime_MapValue  logrecord.o
    0x0800884c   0x0800884c   0x0000003c   Code   RO         6489    i.LowPower_ClearWakeupPending  conf.o
    0x08008888   0x08008888   0x0000001c   Code   RO         3181    i.LowPower_Request  rtc_sleep.o
    0x080088a4   0x080088a4   0x00000008   Code   RO         3388    i.MemManage_Handler  stm32f10x_it.o
    0x080088ac   0x080088ac   0x00000054   Code   RO          307    i.MonitorAFE        datadeal.o
    0x08008900   0x08008900   0x00000018   Code   RO          308    i.MonitorAFE_GetChannel  datadeal.o
    0x08008918   0x08008918   0x0000000c   Code   RO          309    i.MonitorAFE_SetStatus  datadeal.o
    0x08008924   0x08008924   0x000000b6   Code   RO          310    i.MonitorAFE_UpdateChannel  datadeal.o
    0x080089da   0x080089da   0x00000024   Code   RO          311    i.MonitorAFE_UpdateSleepDelay  datadeal.o
    0x080089fe   0x080089fe   0x00000002   PAD
    0x08008a00   0x08008a00   0x00000078   Code   RO         1169    i.Monitor_TempBreak  pubfunc.o
    0x08008a78   0x08008a78   0x00000094   Code   RO          312    i.MosPolicy_Evaluate  datadeal.o
    0x08008b0c   0x08008b0c   0x00000002   Code   RO         3389    i.NMI_Handler       stm32f10x_it.o
    0x08008b0e   0x08008b0e   0x00000016   Code   RO         1211    i.NVIC_ClearPendingIRQ  rtc.o
    0x08008b24   0x08008b24   0x00000016   Code   RO         6492    i.NVIC_ClearPendingIRQ  conf.o
    0x08008b3a   0x08008b3a   0x00000002   PAD
    0x08008b3c   0x08008b3c   0x00000064   Code   RO         3526    i.NVIC_Init         misc.o
    0x08008ba0   0x08008ba0   0x00000014   Code   RO         3527    i.NVIC_PriorityGroupConfig  misc.o
    0x08008bb4   0x08008bb4   0x0000001c   Code   RO          618    i.NVIC_SystemReset  flash.o
    0x08008bd0   0x08008bd0   0x0000000c   Code   RO         5029    i.PWR_BackupAccessCmd  stm32f10x_pwr.o
    0x08008bdc   0x08008bdc   0x00000034   Code   RO         5033    i.PWR_EnterSTOPMode  stm32f10x_pwr.o
    0x08008c10   0x08008c10   0x00000002   Code   RO         3390    i.PendSV_Handler    stm32f10x_it.o
    0x08008c12   0x08008c12   0x00000002   PAD
    0x08008c14   0x08008c14   0x00000054   Code   RO          313    i.ProtectionMos_Process200ms  datadeal.o
    0x08008c68   0x08008c68   0x00000064   Code   RO          314    i.Protection_UpdateChargeOcp  datadeal.o
    0x08008ccc   0x08008ccc   0x00000064   Code   RO          315    i.Protection_UpdateDischargeOcp  datadeal.o
    0x08008d30   0x08008d30   0x00000014   Code   RO         5089    i.RCC_ADCCLKConfig  stm32f10x_rcc.o
    0x08008d44   0x08008d44   0x00000018   Code   RO         5090    i.RCC_AHBPeriphClockCmd  stm32f10x_rcc.o
    0x08008d5c   0x08008d5c   0x00000018   Code   RO         5091    i.RCC_APB1PeriphClockCmd  stm32f10x_rcc.o
    0x08008d74   0x08008d74   0x00000018   Code   RO         5092    i.RCC_APB1PeriphResetCmd  stm32f10x_rcc.o
    0x08008d8c   0x08008d8c   0x00000018   Code   RO         5093    i.RCC_APB2PeriphClockCmd  stm32f10x_rcc.o
    0x08008da4   0x08008da4   0x00000018   Code   RO         5094    i.RCC_APB2PeriphResetCmd  stm32f10x_rcc.o
    0x08008dbc   0x08008dbc   0x0000000c   Code   RO         5096    i.RCC_BackupResetCmd  stm32f10x_rcc.o
    0x08008dc8   0x08008dc8   0x00000010   Code   RO         5097    i.RCC_ClearFlag     stm32f10x_rcc.o
    0x08008dd8   0x08008dd8   0x00000094   Code   RO         5101    i.RCC_GetClocksFreq  stm32f10x_rcc.o
    0x08008e6c   0x08008e6c   0x00000030   Code   RO         5102    i.RCC_GetFlagStatus  stm32f10x_rcc.o
    0x08008e9c   0x08008e9c   0x00000020   Code   RO         5109    i.RCC_LSEConfig     stm32f10x_rcc.o
    0x08008ebc   0x08008ebc   0x0000000c   Code   RO         5110    i.RCC_LSICmd        stm32f10x_rcc.o
    0x08008ec8   0x08008ec8   0x0000000c   Code   RO         5116    i.RCC_RTCCLKCmd     stm32f10x_rcc.o
    0x08008ed4   0x08008ed4   0x00000010   Code   RO         5117    i.RCC_RTCCLKConfig  stm32f10x_rcc.o
    0x08008ee4   0x08008ee4   0x00000004   Code   RO         1212    i.RTCAlarm_IRQHandler  rtc.o
    0x08008ee8   0x08008ee8   0x0000003a   Code   RO         1213    i.RTC_AlarmConfig   rtc.o
    0x08008f22   0x08008f22   0x00000024   Code   RO         1214    i.RTC_ClearAlarmPending  rtc.o
    0x08008f46   0x08008f46   0x00000002   PAD
    0x08008f48   0x08008f48   0x00000010   Code   RO         5289    i.RTC_ClearFlag     stm32f10x_rtc.o
    0x08008f58   0x08008f58   0x00000010   Code   RO         5290    i.RTC_ClearITPendingBit  stm32f10x_rtc.o
    0x08008f68   0x08008f68   0x000000f0   Code   RO         1216    i.RTC_ClockConfig   rtc.o
    0x08009058   0x08009058   0x00000016   Code   RO         1219    i.RTC_EnableBackupAccess  rtc.o
    0x0800906e   0x0800906e   0x0000004c   Code   RO         1220    i.RTC_EnableLsiClock  rtc.o
    0x080090ba   0x080090ba   0x00000022   Code   RO         1221    i.RTC_EnableLsiOscillator  rtc.o
    0x080090dc   0x080090dc   0x00000010   Code   RO         5291    i.RTC_EnterConfigMode  stm32f10x_rtc.o
    0x080090ec   0x080090ec   0x00000010   Code   RO         5292    i.RTC_ExitConfigMode  stm32f10x_rtc.o
    0x080090fc   0x080090fc   0x00000020   Code   RO         5296    i.RTC_GetITStatus   stm32f10x_rtc.o
    0x0800911c   0x0800911c   0x00000054   Code   RO         1225    i.RTC_HandleAlarmWakeup  rtc.o
    0x08009170   0x08009170   0x00000034   Code   RO         1226    i.RTC_IRQHandler    rtc.o
    0x080091a4   0x080091a4   0x00000018   Code   RO         5297    i.RTC_ITConfig      stm32f10x_rtc.o
    0x080091bc   0x080091bc   0x00000010   Code   RO         1227    i.RTC_IsStopWakeup  rtc.o
    0x080091cc   0x080091cc   0x00000028   Code   RO         1228    i.RTC_NVIC_Config   rtc.o
    0x080091f4   0x080091f4   0x0000001a   Code   RO         1229    i.RTC_ReinitWithLsiClock  rtc.o
    0x0800920e   0x0800920e   0x00000002   PAD
    0x08009210   0x08009210   0x00000020   Code   RO         5299    i.RTC_SetCounter    stm32f10x_rtc.o
    0x08009230   0x08009230   0x00000020   Code   RO         5300    i.RTC_SetPrescaler  stm32f10x_rtc.o
    0x08009250   0x08009250   0x00000028   Code   RO         1231    i.RTC_TimeConfig    rtc.o
    0x08009278   0x08009278   0x00000020   Code   RO         1233    i.RTC_WaitForLastTaskSafe  rtc.o
    0x08009298   0x08009298   0x00000028   Code   RO         1234    i.RTC_WaitForSynchroSafe  rtc.o
    0x080092c0   0x080092c0   0x0000001e   Code   RO         2473    i.ReadEEPROM_EventRecord_Parameters  logrecord.o
    0x080092de   0x080092de   0x00000056   Code   RO         1389    i.Runtime_Boot      runtime.o
    0x08009334   0x08009334   0x00000026   Code   RO         1390    i.Runtime_RunOnce   runtime.o
    0x0800935a   0x0800935a   0x00000004   Code   RO         2958    i.SH367309_DriverMos_Ctrl  sh367309_func.o
    0x0800935e   0x0800935e   0x00000004   Code   RO         2959    i.SH367309_Enable_AFE_Wdt_Cadc_Drivers  sh367309_func.o
    0x08009362   0x08009362   0x00000002   PAD
    0x08009364   0x08009364   0x000000b0   Code   RO         2616    i.SOC_IntEnhance_Ctrl  socenhance.o
    0x08009414   0x08009414   0x00000010   Code   RO         1954    i.SOC_LimitA10      soc.o
    0x08009424   0x08009424   0x00000054   Code   RO         2617    i.SOC_PublishReportData  socenhance.o
    0x08009478   0x08009478   0x00000040   Code   RO         2618    i.SOC_RequestCapacityReset  socenhance.o
    0x080094b8   0x080094b8   0x00000012   Code   RO         2619    i.SOC_RequestSetOnce  socenhance.o
    0x080094ca   0x080094ca   0x00000002   PAD
    0x080094cc   0x080094cc   0x0000005c   Code   RO         2620    i.SOC_ResetStoredSnapshotToDefault  socenhance.o
    0x08009528   0x08009528   0x00000014   Code   RO         5569    i.SPI_Cmd           stm32f10x_spi.o
    0x0800953c   0x0800953c   0x00000054   Code   RO         5576    i.SPI_I2S_DeInit    stm32f10x_spi.o
    0x08009590   0x08009590   0x00000038   Code   RO         5582    i.SPI_Init          stm32f10x_spi.o
    0x080095c8   0x080095c8   0x00000002   Code   RO         3391    i.SVC_Handler       stm32f10x_it.o
    0x080095ca   0x080095ca   0x00000002   PAD
    0x080095cc   0x080095cc   0x0000000c   Code   RO         1433    i.Sci1_CommonUpper_IRQHandler  sci_upper.o
    0x080095d8   0x080095d8   0x0000000c   Code   RO         1434    i.Sci2_CommonUpper_IRQHandler  sci_upper.o
    0x080095e4   0x080095e4   0x0000008c   Code   RO         1435    i.Sci_ACK_0x03      sci_upper.o
    0x08009670   0x08009670   0x00000024   Code   RO         2864    i.Sci_ACK_0x03_RW_AFE_Parameters  sh367309_datadeal.o
    0x08009694   0x08009694   0x0000003c   Code   RO         1436    i.Sci_ACK_0x03_RW_Data_Cali  sci_upper.o
    0x080096d0   0x080096d0   0x0000005c   Code   RO         1437    i.Sci_ACK_0x03_RW_Data_Other  sci_upper.o
    0x0800972c   0x0800972c   0x0000002c   Code   RO         1438    i.Sci_ACK_0x03_RW_Data_OtherCanAdd  sci_upper.o
    0x08009758   0x08009758   0x0000002c   Code   RO         1439    i.Sci_ACK_0x03_RW_Data_Pro  sci_upper.o
    0x08009784   0x08009784   0x0000016c   Code   RO         1440    i.Sci_ACK_0x03_ReadRegs_Data  sci_upper.o
    0x080098f0   0x080098f0   0x00000044   Code   RO         2474    i.Sci_ACK_0x03_ReadRegs_EventRecord  logrecord.o
    0x08009934   0x08009934   0x00000040   Code   RO         1442    i.Sci_ACK_0x06_0x10  sci_upper.o
    0x08009974   0x08009974   0x0000006c   Code   RO         1443    i.Sci_ApplyOtherElementSideEffects  sci_upper.o
    0x080099e0   0x080099e0   0x0000001c   Code   RO         1444    i.Sci_BmsFunctionIdIsSupported  sci_upper.o
    0x080099fc   0x080099fc   0x00000058   Code   RO         1445    i.Sci_BuildReadWindow  sci_upper.o
    0x08009a54   0x08009a54   0x0000002e   Code   RO         1170    i.Sci_CRC16RTU      pubfunc.o
    0x08009a82   0x08009a82   0x0000001e   Code   RO         1446    i.Sci_CopyProductIdBytes  sci_upper.o
    0x08009aa0   0x08009aa0   0x00000038   Code   RO         1447    i.Sci_DataInit      sci_upper.o
    0x08009ad8   0x08009ad8   0x000000f6   Code   RO         1448    i.Sci_Deal_ReadRegs_0x03  sci_upper.o
    0x08009bce   0x08009bce   0x0000006c   Code   RO         1449    i.Sci_Deal_WrReg_0x06  sci_upper.o
    0x08009c3a   0x08009c3a   0x000000ac   Code   RO         1450    i.Sci_Deal_WrRegs_0x10  sci_upper.o
    0x08009ce6   0x08009ce6   0x00000002   PAD
    0x08009ce8   0x08009ce8   0x000000a4   Code   RO         1451    i.Sci_FillReadRegsLCD  sci_upper.o
    0x08009d8c   0x08009d8c   0x00000086   Code   RO         1452    i.Sci_GetReadWindowWordCount  sci_upper.o
    0x08009e12   0x08009e12   0x0000000c   Code   RO         1453    i.Sci_GetWrRegNum   sci_upper.o
    0x08009e1e   0x08009e1e   0x00000010   Code   RO         1454    i.Sci_GetWrValue    sci_upper.o
    0x08009e2e   0x08009e2e   0x00000002   PAD
    0x08009e30   0x08009e30   0x0000009c   Code   RO         1455    i.Sci_HostReadWords  sci_upper.o
    0x08009ecc   0x08009ecc   0x000000a8   Code   RO         1456    i.Sci_HostWriteWords  sci_upper.o
    0x08009f74   0x08009f74   0x0000010e   Code   RO         1457    i.Sci_InitCommonPort  sci_upper.o
    0x0800a082   0x0800a082   0x00000004   Code   RO         1459    i.Sci_ModbusGetTxBuffer  sci_upper.o
    0x0800a086   0x0800a086   0x00000004   Code   RO         1460    i.Sci_ModbusGetTxLength  sci_upper.o
    0x0800a08a   0x0800a08a   0x0000000e   Code   RO         1461    i.Sci_ModbusIsBusy  sci_upper.o
    0x0800a098   0x0800a098   0x00000012   Code   RO         1462    i.Sci_ModbusOnRxIdle  sci_upper.o
    0x0800a0aa   0x0800a0aa   0x00000004   Code   RO         1463    i.Sci_ModbusOnTxComplete  sci_upper.o
    0x0800a0ae   0x0800a0ae   0x00000076   Code   RO         1464    i.Sci_ModbusProcessFrame  sci_upper.o
    0x0800a124   0x0800a124   0x0000009e   Code   RO         1465    i.Sci_ModbusProtocolFeed  sci_upper.o
    0x0800a1c2   0x0800a1c2   0x00000024   Code   RO         1466    i.Sci_ModbusResetMessage  sci_upper.o
    0x0800a1e6   0x0800a1e6   0x00000004   Code   RO         1467    i.Sci_ModbusResetProtocol  sci_upper.o
    0x0800a1ea   0x0800a1ea   0x00000032   Code   RO         1468    i.Sci_PortAbortTransfer  sci_upper.o
    0x0800a21c   0x0800a21c   0x00000034   Code   RO         1469    i.Sci_PortArmReceiver  sci_upper.o
    0x0800a250   0x0800a250   0x0000004c   Code   RO         1470    i.Sci_PortFinishTx  sci_upper.o
    0x0800a29c   0x0800a29c   0x000000f0   Code   RO         1471    i.Sci_PortIRQHandler  sci_upper.o
    0x0800a38c   0x0800a38c   0x00000090   Code   RO         1473    i.Sci_PortService   sci_upper.o
    0x0800a41c   0x0800a41c   0x0000001a   Code   RO         1474    i.Sci_PutBytes      sci_upper.o
    0x0800a436   0x0800a436   0x00000016   Code   RO         1475    i.Sci_PutWordBE     sci_upper.o
    0x0800a44c   0x0800a44c   0x00000020   Code   RO         1476    i.Sci_PutZeroWordsBE  sci_upper.o
    0x0800a46c   0x0800a46c   0x00000016   Code   RO         1477    i.Sci_RangeFits     sci_upper.o
    0x0800a482   0x0800a482   0x00000014   Code   RO         1478    i.Sci_RangeOverlaps  sci_upper.o
    0x0800a496   0x0800a496   0x00000008   Code   RO         1479    i.Sci_ReadNativeWord  sci_upper.o
    0x0800a49e   0x0800a49e   0x00000012   Code   RO         1480    i.Sci_RecordBackIndex  sci_upper.o
    0x0800a4b0   0x0800a4b0   0x00000020   Code   RO         1481    i.Sci_WrReg_0x06_BMS_FunctionOFF  sci_upper.o
    0x0800a4d0   0x0800a4d0   0x0000003a   Code   RO         1482    i.Sci_WrReg_0x06_BMS_FunctionON  sci_upper.o
    0x0800a50a   0x0800a50a   0x00000026   Code   RO         2865    i.Sci_WrReg_0x06_Reset_AFE_Parameters  sh367309_datadeal.o
    0x0800a530   0x0800a530   0x0000006c   Code   RO         1483    i.Sci_WrReg_0x06_Reset_CalibCoef  sci_upper.o
    0x0800a59c   0x0800a59c   0x0000002e   Code   RO         2475    i.Sci_WrReg_0x06_Reset_EventRecord  logrecord.o
    0x0800a5ca   0x0800a5ca   0x00000002   PAD
    0x0800a5cc   0x0800a5cc   0x00000068   Code   RO         1484    i.Sci_WrReg_0x06_Reset_OtherCanAdd  sci_upper.o
    0x0800a634   0x0800a634   0x00000064   Code   RO         1485    i.Sci_WrReg_0x06_Reset_ProtectElement  sci_upper.o
    0x0800a698   0x0800a698   0x00000050   Code   RO         1486    i.Sci_WrReg_0x06_Reset_ProtectRecord  sci_upper.o
    0x0800a6e8   0x0800a6e8   0x0000001e   Code   RO         1487    i.Sci_WrReg_0x06_SetSocOnce  sci_upper.o
    0x0800a706   0x0800a706   0x00000012   Code   RO         1488    i.Sci_WrRegsByteCountValid  sci_upper.o
    0x0800a718   0x0800a718   0x000000fc   Code   RO         2866    i.Sci_WrRegs_0x10_AFE_Parameters  sh367309_datadeal.o
    0x0800a814   0x0800a814   0x000000ec   Code   RO         1490    i.Sci_WrRegs_0x10_CalibCoef  sci_upper.o
    0x0800a900   0x0800a900   0x0000002c   Code   RO         1491    i.Sci_WrRegs_0x10_FlashConnect  sci_upper.o
    0x0800a92c   0x0800a92c   0x000000c4   Code   RO         1492    i.Sci_WrRegs_0x10_OtherElement  sci_upper.o
    0x0800a9f0   0x0800a9f0   0x000000d0   Code   RO         1493    i.Sci_WrRegs_0x10_Protect  sci_upper.o
    0x0800aac0   0x0800aac0   0x0000005c   Code   RO         1495    i.Sci_WrRegs_0x10_SN_Version  sci_upper.o
    0x0800ab1c   0x0800ab1c   0x00000040   Code   RO         1501    i.Sci_WrValuesInRange  sci_upper.o
    0x0800ab5c   0x0800ab5c   0x00000078   Code   RO         1235    i.Seccond_Cal       rtc.o
    0x0800abd4   0x0800abd4   0x00000084   Code   RO         3493    i.SetSysClockToHSE  system_stm32f10x.o
    0x0800ac58   0x0800ac58   0x00000070   Code   RO         1881    i.SleepDeal_HandleBootSleepStartup  sleepdeal.o
    0x0800acc8   0x0800acc8   0x00000038   Code   RO         1884    i.SleepDeal_IsWakeupValid  sleepdeal.o
    0x0800ad00   0x0800ad00   0x00000010   Code   RO         1885    i.SleepDeal_RecordExternalComm  sleepdeal.o
    0x0800ad10   0x0800ad10   0x0000002a   Code   RO          619    i.StorageFlash_CalcRecordCrc  flash.o
    0x0800ad3a   0x0800ad3a   0x0000000c   Code   RO          620    i.StorageFlash_Crc16  flash.o
    0x0800ad46   0x0800ad46   0x00000036   Code   RO          621    i.StorageFlash_Crc16Update  flash.o
    0x0800ad7c   0x0800ad7c   0x00000050   Code   RO          622    i.StorageFlash_EraseStoragePage  flash.o
    0x0800adcc   0x0800adcc   0x00000020   Code   RO          623    i.StorageFlash_IsAreaBlank  flash.o
    0x0800adec   0x0800adec   0x00000034   Code   RO          625    i.StorageFlash_LoadConfigData  flash.o
    0x0800ae20   0x0800ae20   0x0000009a   Code   RO          626    i.StorageFlash_LoadJournalPage  flash.o
    0x0800aeba   0x0800aeba   0x00000072   Code   RO          627    i.StorageFlash_LoadJournalPair  flash.o
    0x0800af2c   0x0800af2c   0x0000006a   Code   RO          628    i.StorageFlash_LoadPair  flash.o
    0x0800af96   0x0800af96   0x00000002   PAD
    0x0800af98   0x0800af98   0x00000034   Code   RO          629    i.StorageFlash_LoadSocData  flash.o
    0x0800afcc   0x0800afcc   0x0000005c   Code   RO          631    i.StorageFlash_ProgramRecord  flash.o
    0x0800b028   0x0800b028   0x00000070   Code   RO          632    i.StorageFlash_ProgramStorageBytes  flash.o
    0x0800b098   0x0800b098   0x00000064   Code   RO          633    i.StorageFlash_ReadRecord  flash.o
    0x0800b0fc   0x0800b0fc   0x0000000a   Code   RO          634    i.StorageFlash_RecordSpan  flash.o
    0x0800b106   0x0800b106   0x00000002   PAD
    0x0800b108   0x0800b108   0x0000003c   Code   RO          635    i.StorageFlash_SaveConfigData  flash.o
    0x0800b144   0x0800b144   0x00000134   Code   RO          636    i.StorageFlash_SaveJournalPair  flash.o
    0x0800b278   0x0800b278   0x000000d4   Code   RO          637    i.StorageFlash_SavePair  flash.o
    0x0800b34c   0x0800b34c   0x00000048   Code   RO          638    i.StorageFlash_SaveSocData  flash.o
    0x0800b394   0x0800b394   0x00000002   Code   RO         3392    i.SysTick_Handler   stm32f10x_it.o
    0x0800b396   0x0800b396   0x00000002   PAD
    0x0800b398   0x0800b398   0x00000018   Code   RO         1991    i.SysTime_Get10msTickCount  system_init.o
    0x0800b3b0   0x0800b3b0   0x00000020   Code   RO         1994    i.SysTime_LatchTaskFlags  system_init.o
    0x0800b3d0   0x0800b3d0   0x00000094   Code   RO         1995    i.SysTime_Post10msTick  system_init.o
    0x0800b464   0x0800b464   0x00000024   Code   RO         1996    i.SysTime_Take200msTaskPeriod  system_init.o
    0x0800b488   0x0800b488   0x00000044   Code   RO         6493    i.Sys_StopMode      conf.o
    0x0800b4cc   0x0800b4cc   0x00000068   Code   RO         3494    i.SystemCoreClockUpdate  system_stm32f10x.o
    0x0800b534   0x0800b534   0x00000054   Code   RO         3495    i.SystemInit        system_stm32f10x.o
    0x0800b588   0x0800b588   0x0000000c   Code   RO         2091    i.SystemRuntime_GetStatusSnapshot  system_monitor.o
    0x0800b594   0x0800b594   0x00000010   Code   RO         2092    i.SystemRuntime_IsChargeMosOpen  system_monitor.o
    0x0800b5a4   0x0800b5a4   0x00000010   Code   RO         2093    i.SystemRuntime_IsDischargeMosOpen  system_monitor.o
    0x0800b5b4   0x0800b5b4   0x00000018   Code   RO         2094    i.SystemRuntime_MarkBootReady  system_monitor.o
    0x0800b5cc   0x0800b5cc   0x00000024   Code   RO         2095    i.SystemRuntime_SetAfeStatus  system_monitor.o
    0x0800b5f0   0x0800b5f0   0x0000002c   Code   RO         2096    i.SystemRuntime_SetMosStatus  system_monitor.o
    0x0800b61c   0x0800b61c   0x00000010   Code   RO         2097    i.SystemRuntime_SetProjectVersion  system_monitor.o
    0x0800b62c   0x0800b62c   0x00000052   Code   RO         2098    i.System_ERROR_UserCallback  system_monitor.o
    0x0800b67e   0x0800b67e   0x00000002   PAD
    0x0800b680   0x0800b680   0x000000a0   Code   RO         2099    i.System_ErrorCommandField  system_monitor.o
    0x0800b720   0x0800b720   0x00000020   Code   RO         2100    i.System_ErrorField  system_monitor.o
    0x0800b740   0x0800b740   0x00000028   Code   RO         1997    i.TIM3_IRQHandler   system_init.o
    0x0800b768   0x0800b768   0x00000006   Code   RO         5717    i.TIM_ClearITPendingBit  stm32f10x_tim.o
    0x0800b76e   0x0800b76e   0x00000014   Code   RO         5722    i.TIM_Cmd           stm32f10x_tim.o
    0x0800b782   0x0800b782   0x00000018   Code   RO         5743    i.TIM_GetITStatus   stm32f10x_tim.o
    0x0800b79a   0x0800b79a   0x00000010   Code   RO         5747    i.TIM_ITConfig      stm32f10x_tim.o
    0x0800b7aa   0x0800b7aa   0x00000002   PAD
    0x0800b7ac   0x0800b7ac   0x00000080   Code   RO         5756    i.TIM_OC2Init       stm32f10x_tim.o
    0x0800b82c   0x0800b82c   0x00000004   Code   RO         5787    i.TIM_SetCounter    stm32f10x_tim.o
    0x0800b830   0x0800b830   0x0000009c   Code   RO         5793    i.TIM_TimeBaseInit  stm32f10x_tim.o
    0x0800b8cc   0x0800b8cc   0x00000010   Code   RO         3393    i.USART1_IRQHandler  stm32f10x_it.o
    0x0800b8dc   0x0800b8dc   0x00000010   Code   RO         3394    i.USART2_IRQHandler  stm32f10x_it.o
    0x0800b8ec   0x0800b8ec   0x00000006   Code   RO         6241    i.USART_ClearFlag   stm32f10x_usart.o
    0x0800b8f2   0x0800b8f2   0x00000014   Code   RO         6245    i.USART_Cmd         stm32f10x_usart.o
    0x0800b906   0x0800b906   0x00000030   Code   RO         6251    i.USART_ITConfig    stm32f10x_usart.o
    0x0800b936   0x0800b936   0x00000002   PAD
    0x0800b938   0x0800b938   0x000000ac   Code   RO         6252    i.USART_Init        stm32f10x_usart.o
    0x0800b9e4   0x0800b9e4   0x00000038   Code   RO         2219    i.USB_LP_CAN1_RX0_IRQHandler  can_hdx.o
    0x0800ba1c   0x0800ba1c   0x000000a8   Code   RO          866    i.UpdateVoltageFromBqMaximo  i2c_afe1.o
    0x0800bac4   0x0800bac4   0x000000e4   Code   RO          473    i.UpgradeParamPolicy_ApplyOnce  eeprom.o
    0x0800bba8   0x0800bba8   0x00000008   Code   RO         3395    i.UsageFault_Handler  stm32f10x_it.o
    0x0800bbb0   0x0800bbb0   0x00000038   Code   RO         1998    i.__delay_ms        system_init.o
    0x0800bbe8   0x0800bbe8   0x0000000e   Code   RO         6922    i.__scatterload_copy  mc_w.l(handlers.o)
    0x0800bbf6   0x0800bbf6   0x00000002   Code   RO         6923    i.__scatterload_null  mc_w.l(handlers.o)
    0x0800bbf8   0x0800bbf8   0x0000000e   Code   RO         6924    i.__scatterload_zeroinit  mc_w.l(handlers.o)
    0x0800bc06   0x0800bc06   0x00000012   Code   RO         3259    i.cpu_frequency_conf  rtc_sleep_port.o
    0x0800bc18   0x0800bc18   0x00000062   Code   RO         2221    i.feidao_can_app_send_frame  can_hdx.o
    0x0800bc7a   0x0800bc7a   0x00000020   Code   RO         2222    i.feidao_can_app_status_from_host_error  can_hdx.o
    0x0800bc9a   0x0800bc9a   0x00000002   PAD
    0x0800bc9c   0x0800bc9c   0x00000040   Code   RO         2223    i.feidao_can_cancel_tx  can_hdx.o
    0x0800bcdc   0x0800bcdc   0x0000001c   Code   RO         2224    i.feidao_can_clear_app_cmd_queue  can_hdx.o
    0x0800bcf8   0x0800bcf8   0x0000001c   Code   RO         2225    i.feidao_can_clear_tx_done  can_hdx.o
    0x0800bd14   0x0800bd14   0x00000018   Code   RO         2226    i.feidao_can_clear_tx_queue  can_hdx.o
    0x0800bd2c   0x0800bd2c   0x0000004c   Code   RO         2227    i.feidao_can_dequeue_tx  can_hdx.o
    0x0800bd78   0x0800bd78   0x00000068   Code   RO         2228    i.feidao_can_enqueue_tx  can_hdx.o
    0x0800bde0   0x0800bde0   0x00000178   Code   RO         2229    i.feidao_can_handle_app_cmd_data  can_hdx.o
    0x0800bf58   0x0800bf58   0x00000050   Code   RO         2230    i.feidao_can_handle_rx_msg  can_hdx.o
    0x0800bfa8   0x0800bfa8   0x00000014   Code   RO         2231    i.feidao_can_mark_tx_idle  can_hdx.o
    0x0800bfbc   0x0800bfbc   0x00000010   Code   RO         2232    i.feidao_can_power_on  can_hdx.o
    0x0800bfcc   0x0800bfcc   0x00000022   Code   RO         2233    i.feidao_can_queue_periodic_mask  can_hdx.o
    0x0800bfee   0x0800bfee   0x00000002   PAD
    0x0800bff0   0x0800bff0   0x00000048   Code   RO         2234    i.feidao_can_schedule_periodic  can_hdx.o
    0x0800c038   0x0800c038   0x00000070   Code   RO         2235    i.feidao_can_service_read_block_stream  can_hdx.o
    0x0800c0a8   0x0800c0a8   0x00000088   Code   RO         2236    i.feidao_can_service_tx  can_hdx.o
    0x0800c130   0x0800c130   0x00000018   Code   RO         2237    i.feidao_can_stop_read_block_stream  can_hdx.o
    0x0800c148   0x0800c148   0x00000048   Code   RO         2238    i.feidao_can_take_app_cmd  can_hdx.o
    0x0800c190   0x0800c190   0x0000000e   Code   RO         2239    i.feidao_can_tick_elapsed  can_hdx.o
    0x0800c19e   0x0800c19e   0x00000026   Code   RO         2240    i.feidao_can_transmit  can_hdx.o
    0x0800c1c4   0x0800c1c4   0x00000024   Code   RO         1171    i.jtag_disableAndConfIO  pubfunc.o
    0x0800c1e8   0x0800c1e8   0x0000001c   Code   RO         3183    i.lp_refresh_status  rtc_sleep.o
    0x0800c204   0x0800c204   0x0000000a   Code   RO         1100    i.main              main.o
    0x0800c20e   0x0800c20e   0x0000000e   Code   RO         2622    i.soc_abs_diff_u16  socenhance.o
    0x0800c21c   0x0800c21c   0x00000058   Code   RO         2624    i.soc_apply_empty_tail  socenhance.o
    0x0800c274   0x0800c274   0x00000048   Code   RO         2625    i.soc_apply_full_confirm  socenhance.o
    0x0800c2bc   0x0800c2bc   0x0000008c   Code   RO         2626    i.soc_apply_long_rest_down_step  socenhance.o
    0x0800c348   0x0800c348   0x0000001c   Code   RO         2628    i.soc_calibration_allowed  socenhance.o
    0x0800c364   0x0800c364   0x0000001a   Code   RO         2629    i.soc_cap_to_ah100  socenhance.o
    0x0800c37e   0x0800c37e   0x00000002   PAD
    0x0800c380   0x0800c380   0x00000014   Code   RO         2630    i.soc_cell_delta    socenhance.o
    0x0800c394   0x0800c394   0x00000014   Code   RO         2631    i.soc_clear_rest_down_target  socenhance.o
    0x0800c3a8   0x0800c3a8   0x0000001c   Code   RO         2632    i.soc_current_limit_a10  socenhance.o
    0x0800c3c4   0x0800c3c4   0x000000bc   Code   RO         2633    i.soc_empty_tail_interpolate  socenhance.o
    0x0800c480   0x0800c480   0x0000001c   Code   RO         2634    i.soc_empty_threshold_mv  socenhance.o
    0x0800c49c   0x0800c49c   0x00000054   Code   RO         2635    i.soc_from_cap      socenhance.o
    0x0800c4f0   0x0800c4f0   0x000000b0   Code   RO         2636    i.soc_integrate     socenhance.o
    0x0800c5a0   0x0800c5a0   0x000000c4   Code   RO         2637    i.soc_load_or_default  socenhance.o
    0x0800c664   0x0800c664   0x00000022   Code   RO         2638    i.soc_net_current_idsg_a10  socenhance.o
    0x0800c686   0x0800c686   0x00000002   PAD
    0x0800c688   0x0800c688   0x00000068   Code   RO         2639    i.soc_ocv_percent   socenhance.o
    0x0800c6f0   0x0800c6f0   0x00000044   Code   RO         2640    i.soc_param_lib_init  socenhance.o
    0x0800c734   0x0800c734   0x0000001c   Code   RO         2641    i.soc_percent_of_u32  socenhance.o
    0x0800c750   0x0800c750   0x00000028   Code   RO         2642    i.soc_refresh_capacity_base  socenhance.o
    0x0800c778   0x0800c778   0x00000018   Code   RO         2643    i.soc_reset_rest_confidence  socenhance.o
    0x0800c790   0x0800c790   0x00000068   Code   RO         2644    i.soc_rest_voltage_stable  socenhance.o
    0x0800c7f8   0x0800c7f8   0x00000030   Code   RO         2645    i.soc_sag_hold_blocks_calibration  socenhance.o
    0x0800c828   0x0800c828   0x00000070   Code   RO         2646    i.soc_save          socenhance.o
    0x0800c898   0x0800c898   0x00000014   Code   RO         2647    i.soc_save_current_snapshot  socenhance.o
    0x0800c8ac   0x0800c8ac   0x00000034   Code   RO         2648    i.soc_save_if_needed  socenhance.o
    0x0800c8e0   0x0800c8e0   0x000000e4   Code   RO         2649    i.soc_select_empty_tail_step  socenhance.o
    0x0800c9c4   0x0800c9c4   0x00000024   Code   RO         2650    i.soc_set           socenhance.o
    0x0800c9e8   0x0800c9e8   0x00000030   Code   RO         2651    i.soc_set_rest_down_target  socenhance.o
    0x0800ca18   0x0800ca18   0x00000018   Code   RO         2652    i.soc_soh_from_cycle  socenhance.o
    0x0800ca30   0x0800ca30   0x0000001e   Code   RO         2653    i.soc_step          socenhance.o
    0x0800ca4e   0x0800ca4e   0x00000002   PAD
    0x0800ca50   0x0800ca50   0x0000008c   Code   RO         2654    i.soc_update_rest_timer  socenhance.o
    0x0800cadc   0x0800cadc   0x00000044   Code   RO         2655    i.soc_update_sag_hold  socenhance.o
    0x0800cb20   0x0800cb20   0x00000020   Code   RO         2656    i.soc_update_save_mark  socenhance.o
    0x0800cb40   0x0800cb40   0x00000034   Code   RO         2657    i.soc_voltage_valid  socenhance.o
    0x0800cb74   0x0800cb74   0x00000070   Data   RO           15    .constdata          adc.o
    0x0800cbe4   0x0800cbe4   0x00000246   Data   RO          475    .constdata          eeprom.o
    0x0800ce2a   0x0800ce2a   0x0000011a   Data   RO          869    .constdata          i2c_afe1.o
    0x0800cf44   0x0800cf44   0x00000024   Data   RO         1238    .constdata          rtc.o
    0x0800cf68   0x0800cf68   0x00000020   Data   RO         1506    .constdata          sci_upper.o
    0x0800cf88   0x0800cf88   0x00000017   Data   RO         2102    .constdata          system_monitor.o
    0x0800cf9f   0x0800cf9f   0x00000001   PAD
    0x0800cfa0   0x0800cfa0   0x00000038   Data   RO         2395    .constdata          canfeidaoframes.o
    0x0800cfd8   0x0800cfd8   0x00000010   Data   RO         2477    .constdata          logrecord.o
    0x0800cfe8   0x0800cfe8   0x00000054   Data   RO         2659    .constdata          socenhance.o
    0x0800d03c   0x0800d03c   0x000000c0   Data   RO         2868    .constdata          sh367309_datadeal.o
    0x0800d0fc   0x0800d0fc   0x00000034   Data   RO         2963    .constdata          sh367309_func.o
    0x0800d130   0x0800d130   0x00000020   Data   RO         6920    Region$$Table       anon$$obj.o


    Execution Region RW_IRAM1 (Exec base: 0x20000000, Load base: 0x0800d150, Size: 0x00002350, Max: 0x00004fe0, ABSOLUTE, COMPRESSED[0x000000cc])

    Exec Addr    Load Addr    Size         Type   Attr      Idx    E Section Name        Object

    0x20000000   COMPRESSED   0x0000000c   Data   RW          323    .data               datadeal.o
    0x2000000c   COMPRESSED   0x00000002   Data   RW          476    .data               eeprom.o
    0x2000000e   COMPRESSED   0x00000002   Data   RW          582    .data               fault.o
    0x20000010   COMPRESSED   0x00000002   Data   RW          583    .data               fault.o
    0x20000012   COMPRESSED   0x00000002   Data   RW          584    .data               fault.o
    0x20000014   COMPRESSED   0x00000001   Data   RW          585    .data               fault.o
    0x20000015   COMPRESSED   0x00000001   Data   RW          586    .data               fault.o
    0x20000016   COMPRESSED   0x00000001   Data   RW          640    .data               flash.o
    0x20000017   COMPRESSED   0x00000005   Data   RW          870    .data               i2c_afe1.o
    0x2000001c   COMPRESSED   0x00000003   Data   RW         1172    .data               pubfunc.o
    0x2000001f   COMPRESSED   0x00000001   Data   RW         1391    .data               runtime.o
    0x20000020   COMPRESSED   0x00000002   Data   RW         1507    .data               sci_upper.o
    0x20000022   COMPRESSED   0x00000001   Data   RW         1508    .data               sci_upper.o
    0x20000023   COMPRESSED   0x00000001   Data   RW         1509    .data               sci_upper.o
    0x20000024   COMPRESSED   0x00000002   Data   RW         1510    .data               sci_upper.o
    0x20000026   COMPRESSED   0x00000001   Data   RW         1511    .data               sci_upper.o
    0x20000027   COMPRESSED   0x00000001   Data   RW         1512    .data               sci_upper.o
    0x20000028   COMPRESSED   0x0000004c   Data   RW         1513    .data               sci_upper.o
    0x20000074   COMPRESSED   0x00000004   Data   RW         1886    .data               sleepdeal.o
    0x20000078   COMPRESSED   0x00000004   Data   RW         1955    .data               soc.o
    0x2000007c   COMPRESSED   0x00000014   Data   RW         2000    .data               system_init.o
    0x20000090   COMPRESSED   0x00000004   Data   RW         2103    .data               system_monitor.o
    0x20000094   COMPRESSED   0x00000004   Data   RW         2478    .data               logrecord.o
    0x20000098   COMPRESSED   0x00000008   Data   RW         2660    .data               socenhance.o
    0x200000a0   COMPRESSED   0x000000c4   Data   RW         2869    .data               sh367309_datadeal.o
    0x20000164   COMPRESSED   0x0000000e   Data   RW         2964    .data               sh367309_func.o
    0x20000172   COMPRESSED   0x00000002   PAD
    0x20000174   COMPRESSED   0x00000028   Data   RW         3188    .data               rtc_sleep.o
    0x2000019c   COMPRESSED   0x00000014   Data   RW         3496    .data               system_stm32f10x.o
    0x200001b0   COMPRESSED   0x00000014   Data   RW         5121    .data               stm32f10x_rcc.o
    0x200001c4   COMPRESSED   0x00000004   PAD
    0x200001c8   COMPRESSED   0x00000058   Data   RW         6495    .data               conf.o
    0x20000220        -       0x00000050   Zero   RW           14    .bss                adc.o
    0x20000270        -       0x000000d0   Zero   RW          320    .bss                datadeal.o
    0x20000340        -       0x00000040   Zero   RW          321    .bss                datadeal.o
    0x20000380        -       0x000001e2   Zero   RW          474    .bss                eeprom.o
    0x20000562        -       0x00000082   Zero   RW          579    .bss                fault.o
    0x200005e4        -       0x00000014   Zero   RW          580    .bss                fault.o
    0x200005f8        -       0x00000014   Zero   RW          581    .bss                fault.o
    0x2000060c        -       0x000000d8   Zero   RW          868    .bss                i2c_afe1.o
    0x200006e4        -       0x00000032   Zero   RW         1237    .bss                rtc.o
    0x20000716        -       0x00000106   Zero   RW         1503    .bss                sci_upper.o
    0x2000081c        -       0x00000106   Zero   RW         1504    .bss                sci_upper.o
    0x20000922        -       0x00000466   Zero   RW         1505    .bss                sci_upper.o
    0x20000d88        -       0x00000018   Zero   RW         2101    .bss                system_monitor.o
    0x20000da0        -       0x0000006c   Zero   RW         2176    .bss                productionid.o
    0x20000e0c        -       0x0000043c   Zero   RW         2241    .bss                can_hdx.o
    0x20001248        -       0x0000047c   Zero   RW         2476    .bss                logrecord.o
    0x200016c4        -       0x00000044   Zero   RW         2658    .bss                socenhance.o
    0x20001708        -       0x00000048   Zero   RW         2962    .bss                sh367309_func.o
    0x20001750        -       0x00000c00   Zero   RW         3371    STACK               startup_stm32f10x_hd.o


==============================================================================

Image component sizes


      Code (inc. data)   RO Data    RW Data    ZI Data      Debug   Object Name

       792         80        112          0         80     327229   adc.o
      1944        152          0          0       1084      18563   can_hdx.o
       794         40         56          0          0       7544   canfeidaoframes.o
       652         54          0         88          0       8765   conf.o
         0          0          0          0          0         32   core_cm3.o
      1616        144          0         12        272      19261   datadeal.o
      1210        188        582          2        482      13530   eeprom.o
        36         10          0          8        170       8834   fault.o
      2020        124          0          1          0      37403   flash.o
      2370        144        282          5        216      25206   i2c_afe1.o
      2000         90         16          4       1148      18736   logrecord.o
        10          0          0          0          0        419   main.o
       120         16          0          0          0       1735   misc.o
       104         38          0          0        108       1802   productionid.o
       398         14          0          3          0       4316   pubfunc.o
      1044         50         36          0         50      26900   rtc.o
        56         14          0         40          0       3322   rtc_sleep.o
        18          0          0          0          0        473   rtc_sleep_port.o
       124          0          0          1          0       1205   runtime.o
      5238        232         32         84       1650      72560   sci_upper.o
       662         16        192        196          0      10734   sh367309_datadeal.o
      2662        140         52         14         72      21571   sh367309_func.o
       314         22          0          4          0       4364   sleepdeal.o
       104         10          0          4          0       2374   soc.o
      2834        206         84          8         68      27577   socenhance.o
        40          8        304          0       3072        852   startup_stm32f10x_hd.o
         2          0          0          0          0        461   startupdefaulthandler.o
       382         22          0          0          0       8966   stm32f10x_adc.o
        50          8          0          0          0       2868   stm32f10x_bkp.o
      1074         40          0          0          0       8857   stm32f10x_can.o
       334         10          0          0          0       4327   stm32f10x_dma.o
       156         14          0          0          0       2440   stm32f10x_exti.o
       238         36          0          0          0       6053   stm32f10x_flash.o
       316         12          0          0          0       6056   stm32f10x_gpio.o
       390         38          0          0          0       9423   stm32f10x_it.o
        16          6          0          0          0        493   stm32f10x_iwdg.o
        64         16          0          0          0       1142   stm32f10x_pwr.o
       436         90          0         20          0      10888   stm32f10x_rcc.o
       184         40          0          0          0       4962   stm32f10x_rtc.o
       160         12          0          0          0       3006   stm32f10x_spi.o
       354         50          0          0          0       6160   stm32f10x_tim.o
       246          6          0          0          0       4576   stm32f10x_usart.o
       648         66          0         20          0       9073   system_init.o
       450        102         23          4         24       9867   system_monitor.o
       320         50          0         20          0       2901   system_stm32f10x.o

    ----------------------------------------------------------------------
     33072       2410       1804        544       8496     767826   Object Totals
         0          0         32          0          0          0   (incl. Generated)
        90          0          1          6          0          0   (incl. Padding)

    ----------------------------------------------------------------------

      Code (inc. data)   RO Data    RW Data    ZI Data      Debug   Library Member Name

        86          0          0          0          0          0   __dczerorl2.o
         0          0          0          0          0          0   entry.o
         0          0          0          0          0          0   entry10a.o
         0          0          0          0          0          0   entry11a.o
         4          0          0          0          0          0   entry12b.o
         8          4          0          0          0          0   entry2.o
         4          0          0          0          0          0   entry5.o
         0          0          0          0          0          0   entry7b.o
         0          0          0          0          0          0   entry8b.o
         8          4          0          0          0          0   entry9a.o
        30          0          0          0          0          0   handlers.o
        36          8          0          0          0         68   init.o
        26          0          0          0          0         80   memcmp.o
        36          0          0          0          0         68   memcpya.o
        36          0          0          0          0        108   memseta.o

    ----------------------------------------------------------------------
       276         16          0          0          0        324   Library Totals
         2          0          0          0          0          0   (incl. Padding)

    ----------------------------------------------------------------------

      Code (inc. data)   RO Data    RW Data    ZI Data      Debug   Library Name

       274         16          0          0          0        324   mc_w.l

    ----------------------------------------------------------------------
       276         16          0          0          0        324   Library Totals

    ----------------------------------------------------------------------

==============================================================================


      Code (inc. data)   RO Data    RW Data    ZI Data      Debug   

     33348       2426       1804        544       8496     743734   Grand Totals
     33348       2426       1804        204       8496     743734   ELF Image Totals (compressed)
     33348       2426       1804        204          0          0   ROM Totals

==============================================================================

    Total RO  Size (Code + RO Data)                35152 (  34.33kB)
    Total RW  Size (RW Data + ZI Data)              9040 (   8.83kB)
    Total ROM Size (Code + RO Data + RW Data)      35356 (  34.53kB)

==============================================================================

