Component: ARM Compiler 5.06 update 7 (build 960) Tool: armlink [4d3601]

==============================================================================

Section Cross References

    adc.o(i.ADC_Current_Smooth) refers to pubfunc.o(i.ModulusSub) for ModulusSub
    adc.o(i.ADC_Current_Smooth) refers to adc.o(.data) for su8_ADcnt
    adc.o(i.ADC_Current_Smooth) refers to adc.o(.bss) for g_u32ADCValFilter2
    adc.o(i.ADC_Current_Smooth) refers to datadeal.o(.bss) for OtherElement
    adc.o(i.ADC_TTC) refers to pubfunc.o(i.GetEndValue) for GetEndValue
    adc.o(i.ADC_TTC) refers to adc.o(.bss) for g_u16ADCValFilter
    adc.o(i.ADC_TTC) refers to adc.o(.constdata) for iSheldTemp_10K
    adc.o(i.ADC_Vbc) refers to adc.o(.data) for s8ADcnt
    adc.o(i.ADC_Vbc) refers to adc.o(.bss) for g_u32ADCValFilter2
    adc.o(i.App_AnlogCal) refers to system_monitor.o(i.System_FUNC_StartUp) for System_FUNC_StartUp
    adc.o(i.App_AnlogCal) refers to adc.o(i.ADC_TTC) for ADC_TTC
    adc.o(i.App_AnlogCal) refers to system_init.o(.data) for g_st_SysTimeFlag
    adc.o(i.InitADC) refers to adc.o(i.InitADC_GPIO) for InitADC_GPIO
    adc.o(i.InitADC) refers to adc.o(i.InitADC_TIMER) for InitADC_TIMER
    adc.o(i.InitADC) refers to adc.o(i.InitADC_DMA) for InitADC_DMA
    adc.o(i.InitADC) refers to adc.o(i.InitADC_ADC1) for InitADC_ADC1
    adc.o(i.InitADC) refers to adc.o(.bss) for g_u16ADCValFilter
    adc.o(i.InitADC_ADC1) refers to stm32f10x_rcc.o(i.RCC_APB2PeriphClockCmd) for RCC_APB2PeriphClockCmd
    adc.o(i.InitADC_ADC1) refers to stm32f10x_adc.o(i.ADC_DeInit) for ADC_DeInit
    adc.o(i.InitADC_ADC1) refers to stm32f10x_adc.o(i.ADC_StructInit) for ADC_StructInit
    adc.o(i.InitADC_ADC1) refers to stm32f10x_adc.o(i.ADC_Init) for ADC_Init
    adc.o(i.InitADC_ADC1) refers to stm32f10x_rcc.o(i.RCC_ADCCLKConfig) for RCC_ADCCLKConfig
    adc.o(i.InitADC_ADC1) refers to stm32f10x_adc.o(i.ADC_RegularChannelConfig) for ADC_RegularChannelConfig
    adc.o(i.InitADC_ADC1) refers to stm32f10x_adc.o(i.ADC_Cmd) for ADC_Cmd
    adc.o(i.InitADC_ADC1) refers to stm32f10x_adc.o(i.ADC_DMACmd) for ADC_DMACmd
    adc.o(i.InitADC_ADC1) refers to stm32f10x_adc.o(i.ADC_ResetCalibration) for ADC_ResetCalibration
    adc.o(i.InitADC_ADC1) refers to stm32f10x_adc.o(i.ADC_GetResetCalibrationStatus) for ADC_GetResetCalibrationStatus
    adc.o(i.InitADC_ADC1) refers to stm32f10x_adc.o(i.ADC_StartCalibration) for ADC_StartCalibration
    adc.o(i.InitADC_ADC1) refers to stm32f10x_adc.o(i.ADC_GetCalibrationStatus) for ADC_GetCalibrationStatus
    adc.o(i.InitADC_ADC1) refers to stm32f10x_adc.o(i.ADC_ExternalTrigConvCmd) for ADC_ExternalTrigConvCmd
    adc.o(i.InitADC_DMA) refers to stm32f10x_rcc.o(i.RCC_AHBPeriphClockCmd) for RCC_AHBPeriphClockCmd
    adc.o(i.InitADC_DMA) refers to stm32f10x_dma.o(i.DMA_DeInit) for DMA_DeInit
    adc.o(i.InitADC_DMA) refers to stm32f10x_dma.o(i.DMA_StructInit) for DMA_StructInit
    adc.o(i.InitADC_DMA) refers to stm32f10x_dma.o(i.DMA_Init) for DMA_Init
    adc.o(i.InitADC_DMA) refers to stm32f10x_dma.o(i.DMA_Cmd) for DMA_Cmd
    adc.o(i.InitADC_DMA) refers to adc.o(.bss) for g_u16ADCValFilter
    adc.o(i.InitADC_GPIO) refers to stm32f10x_gpio.o(i.GPIO_Init) for GPIO_Init
    adc.o(i.InitADC_TIMER) refers to stm32f10x_rcc.o(i.RCC_APB1PeriphClockCmd) for RCC_APB1PeriphClockCmd
    adc.o(i.InitADC_TIMER) refers to stm32f10x_tim.o(i.TIM_Cmd) for TIM_Cmd
    adc.o(i.InitADC_TIMER) refers to stm32f10x_tim.o(i.TIM_TimeBaseInit) for TIM_TimeBaseInit
    adc.o(i.InitADC_TIMER) refers to stm32f10x_tim.o(i.TIM_OC2Init) for TIM_OC2Init
    adc.o(i.InitADC_TIMER) refers to system_monitor.o(.bss) for System_ErrFlag
    datadeal.o(i.App_AFEGet) refers to i2c_afe1.o(i.UpdateVoltageFromBqMaximo) for UpdateVoltageFromBqMaximo
    datadeal.o(i.App_AFEGet) refers to datadeal.o(i.MonitorAFE) for MonitorAFE
    datadeal.o(i.App_AFEGet) refers to datadeal.o(i.DataLoad_CellVolt) for DataLoad_CellVolt
    datadeal.o(i.App_AFEGet) refers to datadeal.o(i.DataLoad_CellVoltMaxMinFind) for DataLoad_CellVoltMaxMinFind
    datadeal.o(i.App_AFEGet) refers to datadeal.o(i.DataLoad_Temperature) for DataLoad_Temperature
    datadeal.o(i.App_AFEGet) refers to datadeal.o(i.DataLoad_TemperatureMaxMinFind) for DataLoad_TemperatureMaxMinFind
    datadeal.o(i.App_AFEGet) refers to datadeal.o(i.DataLoad_Current) for DataLoad_Current
    datadeal.o(i.App_AFEGet) refers to sh367309_func.o(i.App_SH367309) for App_SH367309
    datadeal.o(i.App_AFEGet) refers to io_control.o(i.App_MOS_Relay_Ctrl) for App_MOS_Relay_Ctrl
    datadeal.o(i.App_AFEGet) refers to system_init.o(.data) for g_st_SysTimeFlag
    datadeal.o(i.App_AFEGet) refers to sci_upper.o(.data) for gu8_TxEnable_SCI1
    datadeal.o(i.App_AFEGet) refers to eeprom.o(.data) for u32E2P_Pro_VolCur_WriteFlag
    datadeal.o(i.DataLoad_CellVolt) refers to main.o(.data) for SeriesNum
    datadeal.o(i.DataLoad_CellVolt) refers to main.o(.constdata) for SeriesSelect_AFE1
[...]
    Sci_ACK_0x03_RW_AFE_Parameters           0x0800de41   Thumb Code    50  sh367309_datadeal.o(i.Sci_ACK_0x03_RW_AFE_Parameters)
    Sci_ACK_0x03_RW_Data_Cali                0x0800de79   Thumb Code    70  sci_upper.o(i.Sci_ACK_0x03_RW_Data_Cali)
    Sci_ACK_0x03_RW_Data_Other               0x0800dec9   Thumb Code   208  sci_upper.o(i.Sci_ACK_0x03_RW_Data_Other)
    Sci_ACK_0x03_RW_Data_OtherCanAdd         0x0800dfb9   Thumb Code    80  sci_upper.o(i.Sci_ACK_0x03_RW_Data_OtherCanAdd)
    Sci_ACK_0x03_RW_Data_Pro                 0x0800e011   Thumb Code    44  sci_upper.o(i.Sci_ACK_0x03_RW_Data_Pro)
    Sci_ACK_0x03_ReadRegs_Data               0x0800e041   Thumb Code  1052  sci_upper.o(i.Sci_ACK_0x03_ReadRegs_Data)
    Sci_ACK_0x03_ReadRegs_EventRecord        0x0800e45d   Thumb Code    70  logrecord.o(i.Sci_ACK_0x03_ReadRegs_EventRecord)
    Sci_ACK_0x03_ReadRegs_LCD                0x0800e4ad   Thumb Code   440  sci_upper.o(i.Sci_ACK_0x03_ReadRegs_LCD)
    Sci_ACK_0x06_0x10                        0x0800e679   Thumb Code    90  sci_upper.o(i.Sci_ACK_0x06_0x10)
    Sci_CRC16RTU                             0x0800e6d3   Thumb Code    54  pubfunc.o(i.Sci_CRC16RTU)
    Sci_DataInit                             0x0800e709   Thumb Code    54  sci_upper.o(i.Sci_DataInit)
    Sci_Deal_ReadRegs_0x03                   0x0800e745   Thumb Code   160  sci_upper.o(i.Sci_Deal_ReadRegs_0x03)
    Sci_Deal_WrReg_0x06                      0x0800e7e5   Thumb Code   182  sci_upper.o(i.Sci_Deal_WrReg_0x06)
    Sci_Deal_WrRegs_0x10                     0x0800e89b   Thumb Code   604  sci_upper.o(i.Sci_Deal_WrRegs_0x10)
    Sci_WrReg_0x06_BMS_FunctionOFF           0x0800eaf9   Thumb Code    82  sci_upper.o(i.Sci_WrReg_0x06_BMS_FunctionOFF)
    Sci_WrReg_0x06_BMS_FunctionON            0x0800eb51   Thumb Code   328  sci_upper.o(i.Sci_WrReg_0x06_BMS_FunctionON)
    Sci_WrReg_0x06_Reset_AFE_Parameters      0x0800eca9   Thumb Code    40  sh367309_datadeal.o(i.Sci_WrReg_0x06_Reset_AFE_Parameters)
    Sci_WrReg_0x06_Reset_CalibCoef           0x0800ecd5   Thumb Code   432  sci_upper.o(i.Sci_WrReg_0x06_Reset_CalibCoef)
    Sci_WrReg_0x06_Reset_EventRecord         0x0800ee8d   Thumb Code    66  logrecord.o(i.Sci_WrReg_0x06_Reset_EventRecord)
    Sci_WrReg_0x06_Reset_HeatCool            0x0800eedd   Thumb Code    74  sci_upper.o(i.Sci_WrReg_0x06_Reset_HeatCool)
    Sci_WrReg_0x06_Reset_OtherCanAdd         0x0800ef35   Thumb Code   124  sci_upper.o(i.Sci_WrReg_0x06_Reset_OtherCanAdd)
    Sci_WrReg_0x06_Reset_ProtectElement      0x0800efcd   Thumb Code    92  sci_upper.o(i.Sci_WrReg_0x06_Reset_ProtectElement)
    Sci_WrReg_0x06_Reset_ProtectRecord       0x0800f03d   Thumb Code    88  sci_upper.o(i.Sci_WrReg_0x06_Reset_ProtectRecord)
    Sci_WrReg_0x06_SetSocOnce                0x0800f0b9   Thumb Code    38  sci_upper.o(i.Sci_WrReg_0x06_SetSocOnce)
    Sci_WrReg_0x06_SwitchOFF                 0x0800f0e5   Thumb Code    28  sci_upper.o(i.Sci_WrReg_0x06_SwitchOFF)
    Sci_WrReg_0x06_SwitchON                  0x0800f101   Thumb Code    28  sci_upper.o(i.Sci_WrReg_0x06_SwitchON)
    Sci_WrRegs_0x10_AFE_Parameters           0x0800f11d   Thumb Code   164  sh367309_datadeal.o(i.Sci_WrRegs_0x10_AFE_Parameters)
    Sci_WrRegs_0x10_Balance                  0x0800f1c9   Thumb Code   148  sci_upper.o(i.Sci_WrRegs_0x10_Balance)
    Sci_WrRegs_0x10_CalibCoef                0x0800f265   Thumb Code   160  sci_upper.o(i.Sci_WrRegs_0x10_CalibCoef)
    Sci_WrRegs_0x10_CopperLoss               0x0800f319   Thumb Code   106  sci_upper.o(i.Sci_WrRegs_0x10_CopperLoss)
    Sci_WrRegs_0x10_FlashConnect             0x0800f391   Thumb Code    58  sci_upper.o(i.Sci_WrRegs_0x10_FlashConnect)
    Sci_WrRegs_0x10_HeatCoolElement          0x0800f3d5   Thumb Code    78  sci_upper.o(i.Sci_WrRegs_0x10_HeatCoolElement)
    Sci_WrRegs_0x10_Protect                  0x0800f42d   Thumb Code   144  sci_upper.o(i.Sci_WrRegs_0x10_Protect)
    Sci_WrRegs_0x10_RTC                      0x0800f4cd   Thumb Code    74  sci_upper.o(i.Sci_WrRegs_0x10_RTC)
    Sci_WrRegs_0x10_SN_Version               0x0800f521   Thumb Code   216  sci_upper.o(i.Sci_WrRegs_0x10_SN_Version)
    Sci_WrRegs_0x10_SleepElement             0x0800f5fd   Thumb Code   150  sci_upper.o(i.Sci_WrRegs_0x10_SleepElement)
    Sci_WrRegs_0x10_SocElement               0x0800f69d   Thumb Code   124  sci_upper.o(i.Sci_WrRegs_0x10_SocElement)
    Sci_WrRegs_0x10_SocTable                 0x0800f725   Thumb Code    78  sci_upper.o(i.Sci_WrRegs_0x10_SocTable)
    Sci_WrRegs_0x10_SysOther                 0x0800f77d   Thumb Code   156  sci_upper.o(i.Sci_WrRegs_0x10_SysOther)
    Sci_WrRegs_0x10_SystemElement            0x0800f825   Thumb Code   154  sci_upper.o(i.Sci_WrRegs_0x10_SystemElement)
    SendByte_4G                              0x0800f8d5   Thumb Code    22  adapter_4g.o(i.SendByte_4G)
    SleepDeal_Continue                       0x0800f9a1   Thumb Code   318  sleepdeal.o(i.SleepDeal_Continue)
    SleepDeal_Normal_L2                      0x0800faed   Thumb Code   354  sleepdeal.o(i.SleepDeal_Normal_L2)
    SleepDeal_Normal_L3                      0x0800fc75   Thumb Code   310  sleepdeal.o(i.SleepDeal_Normal_L3)
    SleepDeal_Normal_Select                  0x0800fdc9   Thumb Code   136  sleepdeal.o(i.SleepDeal_Normal_Select)
    SysTick_Handler                          0x0800fe61   Thumb Code     2  stm32f10x_it.o(i.SysTick_Handler)
    Sys_FindProtectFilterMax                 0x0800fe65   Thumb Code    76  system_monitor.o(i.Sys_FindProtectFilterMax)
    Sys_StopMode                             0x0800feb9   Thumb Code    12  conf.o(i.Sys_StopMode)
    SystemInit                               0x0800fec5   Thumb Code    76  system_stm32f10x.o(i.SystemInit)
    SystemMonitorResetData_EEPROM            0x0800ff25   Thumb Code   132  system_monitor.o(i.SystemMonitorResetData_EEPROM)
    System_ERROR_UserCallback                0x0800ffad   Thumb Code   760  system_monitor.o(i.System_ERROR_UserCallback)
    System_FUNC_StartUp                      0x080102a9   Thumb Code   526  system_monitor.o(i.System_FUNC_StartUp)
    TIM3_IRQHandler                          0x080104d5   Thumb Code   148  system_init.o(i.TIM3_IRQHandler)
    TIM_ClearITPendingBit                    0x08010589   Thumb Code     6  stm32f10x_tim.o(i.TIM_ClearITPendingBit)
    TIM_Cmd                                  0x0801058f   Thumb Code    24  stm32f10x_tim.o(i.TIM_Cmd)
    TIM_GetITStatus                          0x080105a7   Thumb Code    34  stm32f10x_tim.o(i.TIM_GetITStatus)
    TIM_ITConfig                             0x080105c9   Thumb Code    18  stm32f10x_tim.o(i.TIM_ITConfig)
    TIM_OC2Init                              0x080105dd   Thumb Code   154  stm32f10x_tim.o(i.TIM_OC2Init)
    TIM_TimeBaseInit                         0x08010681   Thumb Code   122  stm32f10x_tim.o(i.TIM_TimeBaseInit)
    TwiChkClkRelease                         0x08010725   Thumb Code    96  i2c_afe1.o(i.TwiChkClkRelease)
    TwiGetData                               0x0801078d   Thumb Code   152  i2c_afe1.o(i.TwiGetData)
    TwiReStart                               0x08010831   Thumb Code    38  i2c_afe1.o(i.TwiReStart)
    TwiRead                                  0x08010861   Thumb Code   206  i2c_afe1.o(i.TwiRead)
    TwiSendData                              0x08010931   Thumb Code   258  i2c_afe1.o(i.TwiSendData)
    TwiStart                                 0x08010a41   Thumb Code    76  i2c_afe1.o(i.TwiStart)
    TwiStop                                  0x08010a99   Thumb Code   100  i2c_afe1.o(i.TwiStop)
    TwiWrite                                 0x08010b09   Thumb Code   140  i2c_afe1.o(i.TwiWrite)
    U16_SwapEndian                           0x08010b95   Thumb Code    12  pubfunc.o(i.U16_SwapEndian)
    USART1_IRQHandler                        0x08010ba1   Thumb Code    12  stm32f10x_it.o(i.USART1_IRQHandler)
    USART2_IRQHandler                        0x08010bad   Thumb Code    40  stm32f10x_it.o(i.USART2_IRQHandler)
    USART3_IRQHandler                        0x08010be1   Thumb Code    26  stm32f10x_it.o(i.USART3_IRQHandler)
    USART_Cmd                                0x08010c05   Thumb Code    24  stm32f10x_usart.o(i.USART_Cmd)
    USART_GetITStatus                        0x08010c1d   Thumb Code    84  stm32f10x_usart.o(i.USART_GetITStatus)
    USART_ITConfig                           0x08010c71   Thumb Code    74  stm32f10x_usart.o(i.USART_ITConfig)
    USART_Init                               0x08010cbd   Thumb Code   210  stm32f10x_usart.o(i.USART_Init)
    USB_LP_CAN1_RX0_IRQHandler               0x08010d95   Thumb Code    48  can_hdx.o(i.USB_LP_CAN1_RX0_IRQHandler)
    UpdateVoltageFromBqMaximo                0x08010dd1   Thumb Code   304  i2c_afe1.o(i.UpdateVoltageFromBqMaximo)
    UsageFault_Handler                       0x08010f15   Thumb Code     4  stm32f10x_it.o(i.UsageFault_Handler)
    WriteEEPROM_Byte                         0x08010f19   Thumb Code   122  eeprom.o(i.WriteEEPROM_Byte)
    WriteEEPROM_ByteData_Circle              0x08010f99   Thumb Code   522  eeprom.o(i.WriteEEPROM_ByteData_Circle)
    WriteEEPROM_Word_NoZone                  0x080111dd   Thumb Code   102  eeprom.o(i.WriteEEPROM_Word_NoZone)
    WriteProID                               0x08011245   Thumb Code   206  productionid.o(i.WriteProID)
    WriteProID_Default                       0x08011319   Thumb Code    98  productionid.o(i.WriteProID_Default)
    Write_Parameters                         0x0801139d   Thumb Code    70  sh367309_datadeal.o(i.Write_Parameters)
    __delay_ms                               0x080113e9   Thumb Code    78  system_init.o(i.__delay_ms)
    __delay_us                               0x0801143d   Thumb Code    72  system_init.o(i.__delay_us)
    __scatterload_copy                       0x08011489   Thumb Code    14  handlers.o(i.__scatterload_copy)
    __scatterload_null                       0x08011497   Thumb Code     2  handlers.o(i.__scatterload_null)
    __scatterload_zeroinit                   0x08011499   Thumb Code    14  handlers.o(i.__scatterload_zeroinit)
    all_data_update                          0x080114a9   Thumb Code   702  protocol.o(i.all_data_update)
    cellular_protocol_init                   0x08011771   Thumb Code    24  mcu_api.o(i.cellular_protocol_init)
    cellular_service_process                 0x0801179d   Thumb Code   410  protocol.o(i.cellular_service_process)
    cellular_uart_service                    0x08011939   Thumb Code   240  mcu_api.o(i.cellular_uart_service)
    cellular_uart_write_frame                0x08011a55   Thumb Code    68  system.o(i.cellular_uart_write_frame)
    contrl_cellular_mic_gain_result          0x08011a9d   Thumb Code     2  protocol.o(i.contrl_cellular_mic_gain_result)
    contrl_cellular_side_gain_result         0x08011a9f   Thumb Code     2  protocol.o(i.contrl_cellular_side_gain_result)
    data_handle                              0x08011aa1   Thumb Code   278  system.o(i.data_handle)
    dp_download_handle                       0x08011c15   Thumb Code    10  protocol.o(i.dp_download_handle)
    entersleep                               0x08011c21   Thumb Code    66  sleepdeal.o(i.entersleep)
    expand_service_process                   0x08011c69   Thumb Code    48  protocol.o(i.expand_service_process)
    get_cellular_nettype_result              0x08011c9f   Thumb Code    32  protocol.o(i.get_cellular_nettype_result)
    get_cellular_reboot_result               0x08011cbf   Thumb Code    26  protocol.o(i.get_cellular_reboot_result)
    get_cellular_ver_result                  0x08011cdb   Thumb Code     2  protocol.o(i.get_cellular_ver_result)
    get_cellular_warning_result              0x08011cdd   Thumb Code    24  protocol.o(i.get_cellular_warning_result)
    get_check_sum                            0x08011d09   Thumb Code    28  system.o(i.get_check_sum)
    get_download_cmd_total                   0x08011d5d   Thumb Code     4  protocol.o(i.get_download_cmd_total)
    get_dtmf_ack_result                      0x08011d61   Thumb Code     2  protocol.o(i.get_dtmf_ack_result)
    get_dtmf_value_result                    0x08011d63   Thumb Code    62  protocol.o(i.get_dtmf_value_result)
    get_set_cellular_ctrl_dtmf_result        0x08011db3   Thumb Code     2  protocol.o(i.get_set_cellular_ctrl_dtmf_result)
    get_set_cellular_ctrl_mute_result        0x08011db7   Thumb Code    24  protocol.o(i.get_set_cellular_ctrl_mute_result)
    get_set_cellular_ctrl_offline_result     0x08011dcf   Thumb Code     2  protocol.o(i.get_set_cellular_ctrl_offline_result)
    get_set_cellular_sim_hotplug_result      0x08011dd1   Thumb Code     2  protocol.o(i.get_set_cellular_sim_hotplug_result)
    get_set_cellular_wakeup_gpio_result      0x08011de7   Thumb Code     2  protocol.o(i.get_set_cellular_wakeup_gpio_result)
    initAFE1_IIC                             0x08011e65   Thumb Code    70  i2c_afe1.o(i.initAFE1_IIC)
    jtag_disableAndConfIO                    0x08011f39   Thumb Code    28  pubfunc.o(i.jtag_disableAndConfIO)
    main                                     0x08011f59   Thumb Code    76  main.o(i.main)
    mcu_dp_fault_update                      0x08011fa5   Thumb Code   194  mcu_api.o(i.mcu_dp_fault_update)
    mcu_dp_value_update                      0x0801206d   Thumb Code   116  mcu_api.o(i.mcu_dp_value_update)
    my_memcpy                                0x080120e5   Thumb Code    68  mcu_api.o(i.my_memcpy)
    my_strlen                                0x08012129   Thumb Code    28  mcu_api.o(i.my_strlen)
    open_expand_service_reset_result         0x08012145   Thumb Code     2  protocol.o(i.open_expand_service_reset_result)
    process_expand_service_ota_result        0x08012147   Thumb Code    28  protocol.o(i.process_expand_service_ota_result)
    process_expand_service_reset_result      0x08012163   Thumb Code    48  protocol.o(i.process_expand_service_reset_result)
    set_cellular_uart_buffer                 0x08012275   Thumb Code    34  system.o(i.set_cellular_uart_buffer)
    set_cellular_uart_byte                   0x0801229d   Thumb Code    12  system.o(i.set_cellular_uart_byte)
    soc_factory_param_init_first             0x080122ad   Thumb Code    66  socenhance.o(i.soc_factory_param_init_first)
    soc_param_lib_init                       0x080122fd   Thumb Code    74  socenhance.o(i.soc_param_lib_init)
    take_byte_rxbuff                         0x08012351   Thumb Code    46  system.o(i.take_byte_rxbuff)
    uart_receive_input                       0x0801238d   Thumb Code    74  mcu_api.o(i.uart_receive_input)
    uart_transmit_output                     0x080123e5   Thumb Code    12  protocol.o(i.uart_transmit_output)
    with_data_rxbuff                         0x080123f1   Thumb Code    20  system.o(i.with_data_rxbuff)
    iSheldTemp_10K                           0x0801240c   Data         112  adc.o(.constdata)
    iSheldTemp_10K_AFE                       0x08012910   Data         112  i2c_afe1.o(.constdata)
    CRC8Table                                0x08012980   Data         256  i2c_afe1.o(.constdata)
    SeriesSelect_AFE1                        0x08012a80   Data         256  main.o(.constdata)
    AFE_OCD1V_OCCV                           0x08012c74   Data          32  sh367309_datadeal.o(.constdata)
    AFE_SCV                                  0x08012c94   Data          32  sh367309_datadeal.o(.constdata)
    AFE_OVT_UVT                              0x08012cb4   Data          32  sh367309_datadeal.o(.constdata)
    AFE_SCT                                  0x08012cd4   Data          32  sh367309_datadeal.o(.constdata)
    AFE_OCD1T                                0x08012cf4   Data          32  sh367309_datadeal.o(.constdata)
    AFE_OCCT_OCD2T                           0x08012d14   Data          32  sh367309_datadeal.o(.constdata)
    SOC_Table_LiFePO                         0x08012d34   Data          84  socenhance.o(.constdata)
    SocTable_TernaryLi                       0x08012d88   Data          84  socenhance.o(.constdata)
    SocTable_LiFePO2                         0x08012ddc   Data          84  socenhance.o(.constdata)
    download_cmd                             0x08012e30   Data          48  protocol.o(.constdata)
    Region$$Table$$Base                      0x08012e60   Number         0  anon$$obj.o(Region$$Table)
    Region$$Table$$Limit                     0x08012e80   Number         0  anon$$obj.o(Region$$Table)
    u8IICFaultcnt1                           0x20000000   Data           1  datadeal.o(.data)
    u8WakeCnt1                               0x20000001   Data           1  datadeal.o(.data)
    u8IICFaultcnt2                           0x20000002   Data           1  datadeal.o(.data)
    u8WakeCnt2                               0x20000003   Data           1  datadeal.o(.data)
    g_u32CS_Res_AFE                          0x20000004   Data           4  datadeal.o(.data)
    u32_ChgCur_mA                            0x20000008   Data           4  datadeal.o(.data)
    u32_DsgCur_mA                            0x2000000c   Data           4  datadeal.o(.data)
    u32E2P_Pro_VolCur_WriteFlag              0x20000020   Data           4  eeprom.o(.data)
    u32E2P_Pro_Temp_WriteFlag                0x20000024   Data           4  eeprom.o(.data)
    u32E2P_Pro_Other_WriteFlag               0x20000028   Data           4  eeprom.o(.data)
    u32E2P_RTC_Element_WriteFlag             0x2000002c   Data           4  eeprom.o(.data)
    u32E2P_OtherElement1_WriteFlag           0x20000030   Data           4  eeprom.o(.data)
    u32E2P_HeatCool_WriteFlag                0x20000034   Data           4  eeprom.o(.data)
    u8E2P_SocTable_WriteFlag                 0x20000038   Data           1  eeprom.o(.data)
    u8E2P_CopperLoss_WriteFlag               0x20000039   Data           1  eeprom.o(.data)
    u8E2P_KB_WriteFlag                       0x2000003a   Data           1  eeprom.o(.data)
    u8E2P_KB_WritePos                        0x2000003b   Data           1  eeprom.o(.data)
    curr_offset                              0x2000003c   Data           2  eeprom.o(.data)
    OffsetValue_CHG                          0x2000003e   Data           2  eeprom.o(.data)
    OffsetValue_DSG                          0x20000040   Data           2  eeprom.o(.data)
    Fault_Flag_Fisrt                         0x20000050   Data           2  fault.o(.data)
    Fault_Flag_Second                        0x20000052   Data           2  fault.o(.data)
    Fault_Flag_Third                         0x20000054   Data           2  fault.o(.data)
    FaultPoint_First                         0x20000056   Data           1  fault.o(.data)
    FaultPoint_Second                        0x20000057   Data           1  fault.o(.data)
    FaultPoint_Third                         0x20000058   Data           1  fault.o(.data)
    FaultPoint_First2                        0x20000059   Data           1  fault.o(.data)
    FaultPoint_Second2                       0x2000005a   Data           1  fault.o(.data)
    FaultPoint_Third2                        0x2000005b   Data           1  fault.o(.data)
    FaultCnt_StartUp_First                   0x2000005c   Data           2  fault.o(.data)
    FaultCnt_StartUp_Second                  0x2000005e   Data           2  fault.o(.data)
    FaultCnt_StartUp_Third                   0x20000060   Data           2  fault.o(.data)
    HeatCtrl_Command                         0x200000b0   Data           1  heat_cool.o(.data)
    CoolCtrl_Command                         0x200000b1   Data           1  heat_cool.o(.data)
    Heat_Cool_FaultFlag                      0x200000b2   Data           2  heat_cool.o(.data)
    SeriesNum                                0x200000c1   Data           1  main.o(.data)
    TimeDisplay                              0x200000c6   Data           1  rtc.o(.data)
    Systmtime                                0x200000c8   Data          24  rtc.o(.data)
    month_days                               0x200000e0   Data          12  rtc.o(.data)
    gu16_CommuErrCnt_SCI1                    0x200000ec   Data           2  sci_upper.o(.data)
    gu8_TxEnable_SCI1                        0x200000ee   Data           1  sci_upper.o(.data)
    gu8_TxFinishFlag_SCI1                    0x200000ef   Data           1  sci_upper.o(.data)
    gu16_CommuErrCnt_SCI2                    0x200000f0   Data           2  sci_upper.o(.data)
    gu8_TxEnable_SCI2                        0x200000f2   Data           1  sci_upper.o(.data)
    gu8_TxFinishFlag_SCI2                    0x200000f3   Data           1  sci_upper.o(.data)
    gu16_CommuErrCnt_SCI3                    0x200000f4   Data           2  sci_upper.o(.data)
    gu8_TxEnable_SCI3                        0x200000f6   Data           1  sci_upper.o(.data)
    gu8_TxFinishFlag_SCI3                    0x200000f7   Data           1  sci_upper.o(.data)
    u8FlashUpdateFlag                        0x200000f8   Data           1  sci_upper.o(.data)
    u8FlashUpdateE2PROM                      0x200000f9   Data           1  sci_upper.o(.data)
    Sleep_Mode                               0x20000104   Data           2  sleepdeal.o(.data)
    Sleep_Status                             0x20000106   Data           1  sleepdeal.o(.data)
    gu8_SleepStatus                          0x20000107   Data           1  sleepdeal.o(.data)
    RTC_ExtComCnt                            0x20000108   Data           1  sleepdeal.o(.data)
    reset_sleep_state                        0x20000109   Data           1  sleepdeal.o(.data)
    g_st_SysTimeFlag                         0x20000152   Data           2  system_init.o(.data)
    CBC_Element                              0x20000154   Data           4  system_init.o(.data)
    g_u81msCnt                               0x20000158   Data           1  system_init.o(.data)
    g_u810msClockCnt                         0x20000159   Data           1  system_init.o(.data)
    g_u81msClockCnt                          0x2000015a   Data           1  system_init.o(.data)
    gu8_200msCnt                             0x2000015b   Data           1  system_init.o(.data)
    gu8_200msAccClock_Flag                   0x2000015c   Data           1  system_init.o(.data)
    gu8_1000msAccClock_Flag                  0x2000015d   Data           1  system_init.o(.data)
    System_OnOFF_Func                        0x20000170   Data           4  system_monitor.o(.data)
    System_OnOFF_Func_StartUpRec             0x20000174   Data           4  system_monitor.o(.data)
    SystemStatus                             0x20000178   Data           4  system_monitor.o(.data)
    System_Func_StartUp                      0x2000017c   Data           4  system_monitor.o(.data)
    Can_Status_Flag                          0x2000018c   Data           1  can_hdx.o(.data)
    CanTxType_Flag                           0x20000190   Data           4  can_hdx.o(.data)
    g_u16BusOff_InitTestCnt                  0x20000194   Data           2  can_hdx.o(.data)
    g_u16BusOff_RecoverCnt                   0x20000196   Data           2  can_hdx.o(.data)
    g_enBalanceState                         0x2000019a   Data           1  cell_balance.o(.data)
    CellBalFlag_AFE1                         0x2000019c   Data           2  cell_balance.o(.data)
    g_u8CBnMonitor                           0x2000019e   Data           1  cell_balance.o(.data)
    g_u8CBn_StatusFlag                       0x2000019f   Data           1  cell_balance.o(.data)
    gu8_DriverStartUpFlag                    0x200001b0   Data           1  sh367309_func.o(.data)
    iSheldTemp_10K_NTC                       0x200001b2   Data         282  sh367309_func.o(.data)
    ucMTPBuffer                              0x200002cc   Data          26  sh367309_func.o(.data)
    aaaaaa1                                  0x200002e6   Data           2  sh367309_func.o(.data)
    aaaaaa2                                  0x200002e8   Data           2  sh367309_func.o(.data)
    aaaaaa3                                  0x200002ea   Data           2  sh367309_func.o(.data)
    aaaaaa4                                  0x200002ec   Data           2  sh367309_func.o(.data)
    aaa11                                    0x200002ee   Data           1  sh367309_func.o(.data)
    ChargerLoad_Func                         0x200002fc   Data           2  chargerloadfunc.o(.data)
    AFE_PARAM_WRITE_Flag                     0x20000304   Data           4  sh367309_datadeal.o(.data)
    AFE_ResetFlag                            0x20000308   Data           4  sh367309_datadeal.o(.data)
    AFE_Parameters_RS485_Struction           0x2000030c   Data         192  sh367309_datadeal.o(.data)
    BMS_LOG_POINT                            0x200003cc   Data           1  logrecord.o(.data)
    LogRecord_Flag                           0x200003cd   Data           1  logrecord.o(.data)
    gu8_Reset_EventRecord                    0x200003ce   Data           1  logrecord.o(.data)
    su32_Interval_S_Tcnt                     0x200003d0   Data           4  logrecord.o(.data)
    LedBar_Command                           0x200003d6   Data           1  ledbar.o(.data)
    RelayCtrl_Command                        0x200003e0   Data           1  io_control.o(.data)
    MOSCtrl_Command                          0x200003e1   Data           1  io_control.o(.data)
    Switch_OnOFF_Func                        0x200003e4   Data           4  io_control.o(.data)
    gu8_DsgFirstOpen_Flag                    0x200003e8   Data           1  io_control.o(.data)
    Relay_Command_SameDoor_HavePreChg        0x200003ec   Data           1  iodrivers.o(.data)
    Relay_Command_DiffDoor_HavePreChg        0x200003ed   Data           1  iodrivers.o(.data)
    MosCtrl_Command_SameDoor_HavePreChg      0x200003ee   Data           1  iodrivers.o(.data)
    MosCtrl_Command_BootStrap_Cir            0x200003ef   Data           1  iodrivers.o(.data)
    SOC_Cali_Flag                            0x200004f4   Data           1  socenhance.o(.data)
    SystemCoreClock                          0x20000518   Data           4  system_stm32f10x.o(.data)
    AHBPrescTable                            0x2000051c   Data          16  system_stm32f10x.o(.data)
    rx_buf_in                                0x20000544   Data           4  system.o(.data)
    rx_buf_out                               0x20000548   Data           4  system.o(.data)
    stop_update_flag                         0x2000054c   Data           1  system.o(.data)
    reset_cellular_flag                      0x2000054d   Data           1  system.o(.data)
    set_cellularmode_flag                    0x2000054e   Data           1  system.o(.data)
    cellular_work_state                      0x2000054f   Data           1  system.o(.data)
    g_u16ADCValFilter                        0x20000554   Data          22  adc.o(.bss)
    g_u32ADCValFilter2                       0x2000056c   Data          44  adc.o(.bss)
    g_i32ADCResult                           0x20000598   Data          44  adc.o(.bss)
    g_u16CalibCoefK                          0x200005c4   Data          94  datadeal.o(.bss)
    g_i16CalibCoefB                          0x20000622   Data          94  datadeal.o(.bss)
    CopperLoss                               0x20000680   Data          32  datadeal.o(.bss)
    CopperLoss_Num                           0x200006a0   Data          32  datadeal.o(.bss)
    OtherElement                             0x200006c0   Data          64  datadeal.o(.bss)
    PRT_E2ROMParas                           0x20000700   Data         130  fault.o(.bss)
    Fault_record_First                       0x20000782   Data          20  fault.o(.bss)
    Fault_record_Second                      0x20000796   Data          20  fault.o(.bss)
    Fault_record_Third                       0x200007aa   Data          20  fault.o(.bss)
    RTC_Fault_record_Third                   0x200007be   Data         120  fault.o(.bss)
    Fault_record_First2                      0x20000836   Data          20  fault.o(.bss)
    Fault_record_Second2                     0x2000084a   Data          20  fault.o(.bss)
    Fault_record_Third2                      0x2000085e   Data          20  fault.o(.bss)
    Heat_Cool_Element                        0x20000872   Data          48  heat_cool.o(.bss)
    Registers_AFE1                           0x200008a4   Data          42  i2c_afe1.o(.bss)
    SH367309_Read_AFE1                       0x200008d0   Data          48  i2c_afe1.o(.bss)
    RTC_time                                 0x20000900   Data          24  rtc.o(.bss)
    g_stCurrentMsgPtr_SCI1                   0x20000918   Data         262  sci_upper.o(.bss)
    g_stCurrentMsgPtr_SCI2                   0x20000a1e   Data         262  sci_upper.o(.bss)
    g_stCurrentMsgPtr_SCI3                   0x20000b24   Data         262  sci_upper.o(.bss)
    g_u8SCITxBuff                            0x20000c2a   Data         251  sci_upper.o(.bss)
    g_stCellInfoReport                       0x20000d26   Data         126  sci_upper.o(.bss)
    SOC_Table_Set                            0x20000da4   Data          84  soc.o(.bss)
    System_ErrFlag                           0x20000df8   Data          24  system_monitor.o(.bss)
    ProductionInfor                          0x20000e10   Data         112  productionid.o(.bss)
    TxMessage                                0x20000e80   Data          20  can_hdx.o(.bss)
    RxMessage                                0x20000e94   Data          20  can_hdx.o(.bss)
    g_enCellBalanceStatus                    0x20000ea8   Data          16  cell_balance.o(.bss)
    g_u8CellBalanceFilterCnt                 0x20000eb8   Data          16  cell_balance.o(.bss)
    SH367309_Reg_Store                       0x20000ec8   Data          12  sh367309_func.o(.bss)
    AFE_ROM_PARAMETERS_Struction             0x20000ed4   Data          26  sh367309_datadeal.o(.bss)
    BMS_LOG_RECORD                           0x20000eee   Data         200  logrecord.o(.bss)
    Driver_Element                           0x20000fcc   Data          24  iodrivers.o(.bss)
    Driver_Element_last                      0x20000fe4   Data          24  iodrivers.o(.bss)
    Driver_GPIO                              0x20000ffc   Data          32  iodrivers.o(.bss)
    SOC_Enhance_Element                      0x2000101c   Data         162  socenhance.o(.bss)
    SOC_Calculate_Element                    0x200010c0   Data          40  socenhance.o(.bss)
    SOC_Calculate_Element_backup             0x200010e8   Data          40  socenhance.o(.bss)
    sys_time                                 0x20001110   Data         104  conf.o(.bss)
    cellular_data_process_buf                0x20001178   Data          31  system.o(.bss)
    cellular_uart_rx_buf                     0x20001197   Data          23  system.o(.bss)
    cellular_uart_tx_buf                     0x200011ae   Data          55  system.o(.bss)
    __initial_sp                             0x20001de8   Data           0  startup_stm32f10x_hd.o(STACK)



==============================================================================

Memory Map of the image

  Image Entry point : 0x08004931

  Load Region LR_IROM1 (Base: 0x08004800, Size: 0x0000ebd4, Max: 0x00020000, ABSOLUTE, COMPRESSED[0x0000e878])

    Execution Region ER_IROM1 (Exec base: 0x08004800, Load base: 0x08004800, Size: 0x0000e680, Max: 0x00020000, ABSOLUTE)

    Exec Addr    Load Addr    Size         Type   Attr      Idx    E Section Name        Object

    0x08004800   0x08004800   0x00000130   Data   RO         3104    RESET               startup_stm32f10x_hd.o
    0x08004930   0x08004930   0x00000000   Code   RO         6979  * .ARM.Collect$$$$00000000  mc_w.l(entry.o)
    0x08004930   0x08004930   0x00000004   Code   RO         6988    .ARM.Collect$$$$00000001  mc_w.l(entry2.o)
    0x08004934   0x08004934   0x00000004   Code   RO         6991    .ARM.Collect$$$$00000004  mc_w.l(entry5.o)
    0x08004938   0x08004938   0x00000000   Code   RO         6993    .ARM.Collect$$$$00000008  mc_w.l(entry7b.o)
    0x08004938   0x08004938   0x00000000   Code   RO         6995    .ARM.Collect$$$$0000000A  mc_w.l(entry8b.o)
    0x08004938   0x08004938   0x00000008   Code   RO         6996    .ARM.Collect$$$$0000000B  mc_w.l(entry9a.o)
    0x08004940   0x08004940   0x00000004   Code   RO         7003    .ARM.Collect$$$$0000000E  mc_w.l(entry12b.o)
    0x08004944   0x08004944   0x00000000   Code   RO         6998    .ARM.Collect$$$$0000000F  mc_w.l(entry10a.o)
    0x08004944   0x08004944   0x00000000   Code   RO         7000    .ARM.Collect$$$$00000011  mc_w.l(entry11a.o)
    0x08004944   0x08004944   0x00000004   Code   RO         6989    .ARM.Collect$$$$00002712  mc_w.l(entry2.o)
    0x08004948   0x08004948   0x00000002   Code   RO         3109    .emb_text           stm32f10x_it.o
    0x0800494a   0x0800494a   0x00000002   PAD
    0x0800494c   0x0800494c   0x00000024   Code   RO         3105    .text               startup_stm32f10x_hd.o
    0x08004970   0x08004970   0x00000024   Code   RO         6982    .text               mc_w.l(memcpya.o)
    0x08004994   0x08004994   0x00000024   Code   RO         6984    .text               mc_w.l(memseta.o)
    0x080049b8   0x080049b8   0x00000024   Code   RO         7004    .text               mc_w.l(init.o)
    0x080049dc   0x080049dc   0x00000056   Code   RO         7014    .text               mc_w.l(__dczerorl2.o)
    0x08004a32   0x08004a32   0x00000016   Code   RO         3308    i.ADC_Cmd           stm32f10x_adc.o
    0x08004a48   0x08004a48   0x00000016   Code   RO         3309    i.ADC_DMACmd        stm32f10x_adc.o
    0x08004a5e   0x08004a5e   0x00000002   PAD
    0x08004a60   0x08004a60   0x0000005c   Code   RO         3310    i.ADC_DeInit        stm32f10x_adc.o
    0x08004abc   0x08004abc   0x00000016   Code   RO         3313    i.ADC_ExternalTrigConvCmd  stm32f10x_adc.o
    0x08004ad2   0x08004ad2   0x00000014   Code   RO         3316    i.ADC_GetCalibrationStatus  stm32f10x_adc.o
    0x08004ae6   0x08004ae6   0x00000014   Code   RO         3322    i.ADC_GetResetCalibrationStatus  stm32f10x_adc.o
    0x08004afa   0x08004afa   0x00000002   PAD
    0x08004afc   0x08004afc   0x00000050   Code   RO         3326    i.ADC_Init          stm32f10x_adc.o
    0x08004b4c   0x08004b4c   0x000000b8   Code   RO         3330    i.ADC_RegularChannelConfig  stm32f10x_adc.o
    0x08004c04   0x08004c04   0x0000000a   Code   RO         3331    i.ADC_ResetCalibration  stm32f10x_adc.o
    0x08004c0e   0x08004c0e   0x0000000a   Code   RO         3335    i.ADC_StartCalibration  stm32f10x_adc.o
    0x08004c18   0x08004c18   0x00000012   Code   RO         3336    i.ADC_StructInit    stm32f10x_adc.o
    0x08004c2a   0x08004c2a   0x00000002   PAD
    0x08004c2c   0x08004c2c   0x000000b4   Code   RO            2    i.ADC_TTC           adc.o
    0x08004ce0   0x08004ce0   0x00000046   Code   RO         2316    i.AFE_IsReady       sh367309_func.o
    0x08004d26   0x08004d26   0x0000002e   Code   RO         2317    i.AFE_Reset         sh367309_func.o
    0x08004d54   0x08004d54   0x00000020   Code   RO         2319    i.AFE_Sleep         sh367309_func.o
    0x08004d74   0x08004d74   0x00000058   Code   RO         2639    i.APP_LedBar        ledbar.o
    0x08004dcc   0x08004dcc   0x000000b8   Code   RO          280    i.App_AFEGet        datadeal.o
    0x08004e84   0x08004e84   0x00000020   Code   RO            4    i.App_AnlogCal      adc.o
    0x08004ea4   0x08004ea4   0x000000d0   Code   RO          509    i.App_BatOvp_SecondCheck  fault.o
    0x08004f74   0x08004f74   0x000000d0   Code   RO          510    i.App_BatOvp_ThirdCheck  fault.o
    0x08005044   0x08005044   0x000000d0   Code   RO          512    i.App_BatUvp_SecondCheck  fault.o
    0x08005114   0x08005114   0x000000d0   Code   RO          513    i.App_BatUvp_ThirdCheck  fault.o
    0x080051e4   0x080051e4   0x00000028   Code   RO         2022    i.App_Can           can_hdx.o
    0x0800520c   0x0800520c   0x00000078   Code   RO         2240    i.App_CellBalance   cell_balance.o
    0x08005284   0x08005284   0x00000158   Code   RO          515    i.App_CellChgOtp_SecondCheck  fault.o
    0x080053dc   0x080053dc   0x0000015c   Code   RO          516    i.App_CellChgOtp_ThirdCheck  fault.o
    0x08005538   0x08005538   0x0000015c   Code   RO          518    i.App_CellChgUtp_SecondCheck  fault.o
    0x08005694   0x08005694   0x0000015c   Code   RO          519    i.App_CellChgUtp_ThirdCheck  fault.o
    0x080057f0   0x080057f0   0x0000015c   Code   RO          521    i.App_CellDisChgOtp_SecondCheck  fault.o
    0x0800594c   0x0800594c   0x0000015c   Code   RO          522    i.App_CellDisChgOtp_ThirdCheck  fault.o
    0x08005aa8   0x08005aa8   0x0000015c   Code   RO          524    i.App_CellDischgUtp_SecondCheck  fault.o
    0x08005c04   0x08005c04   0x0000015c   Code   RO          525    i.App_CellDischgUtp_ThirdCheck  fault.o
    0x08005d60   0x08005d60   0x000000d0   Code   RO          527    i.App_CellOvp_SecondCheck  fault.o
    0x08005e30   0x08005e30   0x000000d0   Code   RO          528    i.App_CellOvp_ThirdCheck  fault.o
    0x08005f00   0x08005f00   0x000000d8   Code   RO          530    i.App_CellSocUp_SecondCheck  fault.o
    0x08005fd8   0x08005fd8   0x000000d8   Code   RO          531    i.App_CellSocUp_ThirdCheck  fault.o
    0x080060b0   0x080060b0   0x000000d0   Code   RO          533    i.App_CellUvp_SecondCheck  fault.o
    0x08006180   0x08006180   0x000000d0   Code   RO          534    i.App_CellUvp_ThirdCheck  fault.o
    0x08006250   0x08006250   0x00000018   Code   RO         1376    i.App_CommonUpper   sci_upper.o
    0x08006268   0x08006268   0x00000100   Code   RO         1377    i.App_CommonUpperSCI1  sci_upper.o
    0x08006368   0x08006368   0x00000100   Code   RO         1378    i.App_CommonUpperSCI2  sci_upper.o
    0x08006468   0x08006468   0x00000034   Code   RO         2711    i.App_DI1_Switch    io_control.o
    0x0800649c   0x0800649c   0x00000070   Code   RO          367    i.App_E2promDeal    eeprom.o
    0x0800650c   0x0800650c   0x00000054   Code   RO          784    i.App_FlashUpdate   flash.o
    0x08006560   0x08006560   0x000000d4   Code   RO          536    i.App_IchgOcp_SecondCheck  fault.o
    0x08006634   0x08006634   0x000000d4   Code   RO          537    i.App_IchgOcp_ThirdCheck  fault.o
    0x08006708   0x08006708   0x000000d4   Code   RO          539    i.App_IdischgOcp_SecondCheck  fault.o
    0x080067dc   0x080067dc   0x000000d4   Code   RO          540    i.App_IdischgOcp_ThirdCheck  fault.o
    0x080068b0   0x080068b0   0x0000018c   Code   RO         2574    i.App_LogRecord     logrecord.o
    0x08006a3c   0x08006a3c   0x00000028   Code   RO         2712    i.App_MOS_Relay_Ctrl  io_control.o
    0x08006a64   0x08006a64   0x000000d8   Code   RO          542    i.App_MosOtp_SecondCheck  fault.o
    0x08006b3c   0x08006b3c   0x000000d8   Code   RO          543    i.App_MosOtp_ThirdCheck  fault.o
    0x08006c14   0x08006c14   0x00000030   Code   RO         1981    i.App_ProID_Deal    productionid.o
    0x08006c44   0x08006c44   0x0000009a   Code   RO         1186    i.App_PubOPUPChk    pubfunc.o
    0x08006cde   0x08006cde   0x0000000c   Code   RO         2321    i.App_SH367309      sh367309_func.o
    0x08006cea   0x08006cea   0x00000002   PAD
    0x08006cec   0x08006cec   0x00000154   Code   RO         2322    i.App_SH367309_Monitor  sh367309_func.o
    0x08006e40   0x08006e40   0x00000054   Code   RO         1823    i.App_SOC           soc.o
    0x08006e94   0x08006e94   0x00000008   Code   RO         1124    i.App_Sci           main.o
    0x08006e9c   0x08006e9c   0x000000d8   Code   RO         1682    i.App_SleepDeal     sleepdeal.o
    0x08006f74   0x08006f74   0x00000304   Code   RO         1864    i.App_SysTime       system_init.o
    0x08007278   0x08007278   0x000000d8   Code   RO          545    i.App_VdeltaOp_SecondCheck  fault.o
    0x08007350   0x08007350   0x000000e4   Code   RO          546    i.App_VdeltaOp_ThirdCheck  fault.o
    0x08007434   0x08007434   0x0000006c   Code   RO          547    i.App_WarnCtrl      fault.o
    0x080074a0   0x080074a0   0x00000004   Code   RO         3110    i.BusFault_Handler  stm32f10x_it.o
    0x080074a4   0x080074a4   0x00000038   Code   RO         3606    i.CAN_DeInit        stm32f10x_can.o
    0x080074dc   0x080074dc   0x00000108   Code   RO         3608    i.CAN_FilterInit    stm32f10x_can.o
    0x080075e4   0x080075e4   0x00000012   Code   RO         3614    i.CAN_ITConfig      stm32f10x_can.o
    0x080075f6   0x080075f6   0x00000114   Code   RO         3615    i.CAN_Init          stm32f10x_can.o
    0x0800770a   0x0800770a   0x000000f0   Code   RO         3618    i.CAN_Receive       stm32f10x_can.o
    0x080077fa   0x080077fa   0x00000020   Code   RO         3621    i.CAN_StructInit    stm32f10x_can.o
    0x0800781a   0x0800781a   0x00000002   PAD
    0x0800781c   0x0800781c   0x00000094   Code   RO         2024    i.CAN_TX_0x00       can_hdx.o
    0x080078b0   0x080078b0   0x00000060   Code   RO         2025    i.CAN_TX_0x01       can_hdx.o
    0x08007910   0x08007910   0x00000060   Code   RO         2026    i.CAN_TX_0x02       can_hdx.o
    0x08007970   0x08007970   0x0000008c   Code   RO         2027    i.CAN_TX_0x03       can_hdx.o
    0x080079fc   0x080079fc   0x00000070   Code   RO         2028    i.CAN_TX_0x04       can_hdx.o
    0x08007a6c   0x08007a6c   0x00000054   Code   RO         2029    i.CAN_TX_0x05       can_hdx.o
    0x08007ac0   0x08007ac0   0x0000004c   Code   RO         2030    i.CAN_TX_0x06       can_hdx.o
    0x08007b0c   0x08007b0c   0x00000058   Code   RO         2031    i.CAN_TX_0x07       can_hdx.o
    0x08007b64   0x08007b64   0x00000058   Code   RO         2032    i.CAN_TX_0x08       can_hdx.o
    0x08007bbc   0x08007bbc   0x00000058   Code   RO         2033    i.CAN_TX_0x09       can_hdx.o
    0x08007c14   0x08007c14   0x00000058   Code   RO         2034    i.CAN_TX_0x0A       can_hdx.o
    0x08007c6c   0x08007c6c   0x00000058   Code   RO         2035    i.CAN_TX_0x0B       can_hdx.o
    0x08007cc4   0x08007cc4   0x00000058   Code   RO         2036    i.CAN_TX_0x0C       can_hdx.o
    0x08007d1c   0x08007d1c   0x00000058   Code   RO         2037    i.CAN_TX_0x0D       can_hdx.o
    0x08007d74   0x08007d74   0x00000058   Code   RO         2038    i.CAN_TX_0x0E       can_hdx.o
    0x08007dcc   0x08007dcc   0x00000058   Code   RO         2039    i.CAN_TX_0x0F       can_hdx.o
    0x08007e24   0x08007e24   0x00000058   Code   RO         2040    i.CAN_TX_0x10       can_hdx.o
    0x08007e7c   0x08007e7c   0x00000054   Code   RO         2041    i.CAN_TX_0x11       can_hdx.o
    0x08007ed0   0x08007ed0   0x00000070   Code   RO         2042    i.CAN_TX_Test       can_hdx.o
    0x08007f40   0x08007f40   0x00000126   Code   RO         3623    i.CAN_Transmit      stm32f10x_can.o
    0x08008066   0x08008066   0x00000002   PAD
    0x08008068   0x08008068   0x000000a0   Code   RO         3624    i.CAN_TransmitStatus  stm32f10x_can.o
    0x08008108   0x08008108   0x00000040   Code   RO         2043    i.CAN_Tx_Data       can_hdx.o
    0x08008148   0x08008148   0x000000ac   Code   RO         2241    i.CB_AFERegistersCtrl  cell_balance.o
    0x080081f4   0x080081f4   0x000000e4   Code   RO         2242    i.CB_ChangeUpperFlag  cell_balance.o
    0x080082d8   0x080082d8   0x00000140   Code   RO         2243    i.CB_StateCalculate  cell_balance.o
    0x08008418   0x08008418   0x00000020   Code   RO          933    i.CRC8cal           i2c_afe1.o
    0x08008438   0x08008438   0x0000003c   Code   RO         1379    i.CRC_verify        sci_upper.o
    0x08008474   0x08008474   0x00000070   Code   RO         2044    i.Can_BusOFF_FaultChk  can_hdx.o
    0x080084e4   0x080084e4   0x00000044   Code   RO         2045    i.Can_BusOFF_FaultTimeCtrl  can_hdx.o
    0x08008528   0x08008528   0x00000010   Code   RO         2046    i.Can_BusOFF_Monitor  can_hdx.o
    0x08008538   0x08008538   0x00000084   Code   RO         2047    i.Can_BusOFF_Recover  can_hdx.o
    0x080085bc   0x080085bc   0x0000017c   Code   RO         2048    i.Can_ReceiveDeal   can_hdx.o
    0x08008738   0x08008738   0x0000022c   Code   RO         2049    i.Can_TransmitDeal  can_hdx.o
    0x08008964   0x08008964   0x00000064   Code   RO         2244    i.CellBalance_DataInit  cell_balance.o
    0x080089c8   0x080089c8   0x00000108   Code   RO         2245    i.CellBalance_Monitor  cell_balance.o
    0x08008ad0   0x08008ad0   0x00000098   Code   RO         2246    i.CellBalance_StateEvenOn  cell_balance.o
    0x08008b68   0x08008b68   0x0000007c   Code   RO         2247    i.CellBalance_StateOFF  cell_balance.o
    0x08008be4   0x08008be4   0x00000098   Code   RO         2248    i.CellBalance_StateOddOn  cell_balance.o
    0x08008c7c   0x08008c7c   0x0000001c   Code   RO         2501    i.Choose_Right_Value  sh367309_datadeal.o
    0x08008c98   0x08008c98   0x00000002   Code   RO         2971    i.CorrectionTerminal_CC  socenhance.o
    0x08008c9a   0x08008c9a   0x00000002   PAD
    0x08008c9c   0x08008c9c   0x0000031c   Code   RO         2972    i.CorrectionTerminal_CV  socenhance.o
    0x08008fb8   0x08008fb8   0x00000060   Code   RO         2973    i.Correction_Terminal  socenhance.o
    0x08009018   0x08009018   0x00000018   Code   RO         3993    i.DMA_Cmd           stm32f10x_dma.o
    0x08009030   0x08009030   0x0000014c   Code   RO         3994    i.DMA_DeInit        stm32f10x_dma.o
    0x0800917c   0x0800917c   0x0000003c   Code   RO         3999    i.DMA_Init          stm32f10x_dma.o
    0x080091b8   0x080091b8   0x0000001a   Code   RO         4001    i.DMA_StructInit    stm32f10x_dma.o
    0x080091d2   0x080091d2   0x00000002   PAD
    0x080091d4   0x080091d4   0x00000168   Code   RO          281    i.DataLoad_CellVolt  datadeal.o
    0x0800933c   0x0800933c   0x0000009c   Code   RO          282    i.DataLoad_CellVoltMaxMinFind  datadeal.o
    0x080093d8   0x080093d8   0x00000178   Code   RO          284    i.DataLoad_Current  datadeal.o
    0x08009550   0x08009550   0x000000ac   Code   RO          285    i.DataLoad_CurrentCali  datadeal.o
    0x080095fc   0x080095fc   0x000000c4   Code   RO          368    i.DataLoad_CurrentCali_startup  eeprom.o
    0x080096c0   0x080096c0   0x00000124   Code   RO          286    i.DataLoad_Temperature  datadeal.o
    0x080097e4   0x080097e4   0x00000044   Code   RO          287    i.DataLoad_TemperatureMaxMinFind  datadeal.o
    0x08009828   0x08009828   0x00000002   Code   RO         3111    i.DebugMon_Handler  stm32f10x_it.o
    0x0800982a   0x0800982a   0x0000002a   Code   RO         1188    i.Delay1ms          pubfunc.o
    0x08009854   0x08009854   0x0000001a   Code   RO          934    i.Delay4us          i2c_afe1.o
    0x0800986e   0x0800986e   0x00000002   PAD
    0x08009870   0x08009870   0x000000c8   Code   RO         2780    i.DriversOnOFF      iodrivers.o
    0x08009938   0x08009938   0x00000018   Code   RO         2781    i.Drivers_Ctrl      iodrivers.o
    0x08009950   0x08009950   0x00000078   Code   RO         2713    i.Drivers_External_Ctrl  io_control.o
    0x080099c8   0x080099c8   0x00000040   Code   RO         2502    i.EEPROM_ResetData_AFE_ParametersToDefault  sh367309_datadeal.o
    0x08009a08   0x08009a08   0x000000f4   Code   RO          369    i.EEPROM_ResetData_AllToDefault  eeprom.o
    0x08009afc   0x08009afc   0x00000054   Code   RO         2575    i.EEPROM_ResetData_EventRecord_ToDefault  logrecord.o
    0x08009b50   0x08009b50   0x00000010   Code   RO          370    i.EEPROM_ResetData_OtherToDefault  eeprom.o
    0x08009b60   0x08009b60   0x00000024   Code   RO         3112    i.EXTI0_IRQHandler  stm32f10x_it.o
    0x08009b84   0x08009b84   0x00000016   Code   RO         3113    i.EXTI15_10_IRQHandler  stm32f10x_it.o
    0x08009b9a   0x08009b9a   0x00000012   Code   RO         3114    i.EXTI2_IRQHandler  stm32f10x_it.o
    0x08009bac   0x08009bac   0x00000012   Code   RO         3115    i.EXTI3_IRQHandler  stm32f10x_it.o
    0x08009bbe   0x08009bbe   0x00000040   Code   RO         3116    i.EXTI9_5_IRQHandler  stm32f10x_it.o
    0x08009bfe   0x08009bfe   0x00000002   PAD
    0x08009c00   0x08009c00   0x0000000c   Code   RO         4064    i.EXTI_ClearITPendingBit  stm32f10x_exti.o
    0x08009c0c   0x08009c0c   0x00000028   Code   RO         4068    i.EXTI_GetITStatus  stm32f10x_exti.o
    0x08009c34   0x08009c34   0x00000094   Code   RO         4069    i.EXTI_Init         stm32f10x_exti.o
    0x08009cc8   0x08009cc8   0x0000000c   Code   RO         4117    i.FLASH_ClearFlag   stm32f10x_flash.o
    0x08009cd4   0x08009cd4   0x0000004c   Code   RO         4122    i.FLASH_ErasePage   stm32f10x_flash.o
    0x08009d20   0x08009d20   0x00000034   Code   RO         4123    i.FLASH_GetBank1Status  stm32f10x_flash.o
    0x08009d54   0x08009d54   0x00000014   Code   RO         4132    i.FLASH_Lock        stm32f10x_flash.o
    0x08009d68   0x08009d68   0x00000040   Code   RO         4135    i.FLASH_ProgramHalfWord  stm32f10x_flash.o
    0x08009da8   0x08009da8   0x00000018   Code   RO         4140    i.FLASH_Unlock      stm32f10x_flash.o
    0x08009dc0   0x08009dc0   0x00000026   Code   RO         4144    i.FLASH_WaitForLastOperation  stm32f10x_flash.o
    0x08009de6   0x08009de6   0x00000002   Code   RO          548    i.FaultWarnRecord   fault.o
    0x08009de8   0x08009de8   0x00000090   Code   RO          549    i.FaultWarnRecord2  fault.o
    0x08009e78   0x08009e78   0x00000238   Code   RO         2323    i.Fault_ChangeToMCU  sh367309_func.o
    0x0800a0b0   0x0800a0b0   0x00000006   Code   RO          785    i.FlashReadOneHalfWord  flash.o
    0x0800a0b6   0x0800a0b6   0x0000002e   Code   RO          787    i.FlashWriteOneHalfWord  flash.o
    0x0800a0e4   0x0800a0e4   0x00000040   Code   RO         4414    i.GPIO_EXTILineConfig  stm32f10x_gpio.o
    0x0800a124   0x0800a124   0x00000116   Code   RO         4417    i.GPIO_Init         stm32f10x_gpio.o
    0x0800a23a   0x0800a23a   0x00000002   PAD
    0x0800a23c   0x0800a23c   0x00000090   Code   RO         4419    i.GPIO_PinRemapConfig  stm32f10x_gpio.o
    0x0800a2cc   0x0800a2cc   0x00000004   Code   RO         4424    i.GPIO_ResetBits    stm32f10x_gpio.o
    0x0800a2d0   0x0800a2d0   0x00000004   Code   RO         4425    i.GPIO_SetBits      stm32f10x_gpio.o
    0x0800a2d4   0x0800a2d4   0x00000002   Code   RO         2714    i.GetData_Drivers   io_control.o
    0x0800a2d6   0x0800a2d6   0x00000002   PAD
    0x0800a2d8   0x0800a2d8   0x00000088   Code   RO         1824    i.GetData_SOC       soc.o
    0x0800a360   0x0800a360   0x0000010a   Code   RO         1190    i.GetEndValue       pubfunc.o
    0x0800a46a   0x0800a46a   0x00000002   PAD
    0x0800a46c   0x0800a46c   0x00000088   Code   RO         2974    i.Get_OpenCircuit_Value  socenhance.o
    0x0800a4f4   0x0800a4f4   0x00000008   Code   RO         3117    i.HardFault_Handler  stm32f10x_it.o
    0x0800a4fc   0x0800a4fc   0x00000050   Code   RO          371    i.IIC_Ack_SEE       eeprom.o
    0x0800a54c   0x0800a54c   0x00000050   Code   RO          372    i.IIC_NAck_SEE      eeprom.o
    0x0800a59c   0x0800a59c   0x00000070   Code   RO          373    i.IIC_Read_Byte_SEE  eeprom.o
    0x0800a60c   0x0800a60c   0x00000074   Code   RO          374    i.IIC_Send_Byte_SEE  eeprom.o
    0x0800a680   0x0800a680   0x0000004c   Code   RO          375    i.IIC_Start_SEE     eeprom.o
    0x0800a6cc   0x0800a6cc   0x00000054   Code   RO          376    i.IIC_Stop_SEE      eeprom.o
    0x0800a720   0x0800a720   0x00000058   Code   RO          377    i.IIC_Wait_Ack_SEE  eeprom.o
    0x0800a778   0x0800a778   0x00000004   Code   RO         6233    i.IORecover_DeepMode  conf.o
    0x0800a77c   0x0800a77c   0x00000004   Code   RO         6234    i.IORecover_NormalMode  conf.o
    0x0800a780   0x0800a780   0x00000004   Code   RO         6235    i.IORecover_RTCMode  conf.o
    0x0800a784   0x0800a784   0x000000b8   Code   RO         6236    i.IOstatus_Base     conf.o
    0x0800a83c   0x0800a83c   0x00000008   Code   RO         6237    i.IOstatus_DeepMode  conf.o
    0x0800a844   0x0800a844   0x00000008   Code   RO         6238    i.IOstatus_NormalMode  conf.o
    0x0800a84c   0x0800a84c   0x00000138   Code   RO         6239    i.IOstatus_RTCMode  conf.o
    0x0800a984   0x0800a984   0x00000010   Code   RO         4729    i.IWDG_Enable       stm32f10x_iwdg.o
    0x0800a994   0x0800a994   0x00000008   Code   RO         1865    i.IWDG_Feed         system_init.o
    0x0800a99c   0x0800a99c   0x00000010   Code   RO         4731    i.IWDG_ReloadCounter  stm32f10x_iwdg.o
    0x0800a9ac   0x0800a9ac   0x0000000c   Code   RO         4732    i.IWDG_SetPrescaler  stm32f10x_iwdg.o
    0x0800a9b8   0x0800a9b8   0x0000000c   Code   RO         4733    i.IWDG_SetReload    stm32f10x_iwdg.o
    0x0800a9c4   0x0800a9c4   0x0000000c   Code   RO         4734    i.IWDG_WriteAccessCmd  stm32f10x_iwdg.o
    0x0800a9d0   0x0800a9d0   0x00000040   Code   RO            5    i.InitADC           adc.o
    0x0800aa10   0x0800aa10   0x00000098   Code   RO            6    i.InitADC_ADC1      adc.o
    0x0800aaa8   0x0800aaa8   0x00000064   Code   RO            7    i.InitADC_DMA       adc.o
    0x0800ab0c   0x0800ab0c   0x0000001c   Code   RO            8    i.InitADC_GPIO      adc.o
    0x0800ab28   0x0800ab28   0x00000078   Code   RO            9    i.InitADC_TIMER     adc.o
    0x0800aba0   0x0800aba0   0x00000060   Code   RO          945    i.InitAFE1          i2c_afe1.o
    0x0800ac00   0x0800ac00   0x0000003c   Code   RO          946    i.InitAFE1_Sleep    i2c_afe1.o
    0x0800ac3c   0x0800ac3c   0x00000028   Code   RO         2050    i.InitCan           can_hdx.o
    0x0800ac64   0x0800ac64   0x00000064   Code   RO         2051    i.InitCan_CAN1      can_hdx.o
    0x0800acc8   0x0800acc8   0x00000040   Code   RO         2052    i.InitCan_Filter    can_hdx.o
    0x0800ad08   0x0800ad08   0x00000048   Code   RO         2053    i.InitCan_GPIO      can_hdx.o
    0x0800ad50   0x0800ad50   0x0000001e   Code   RO         2054    i.InitCan_NVIC      can_hdx.o
    0x0800ad6e   0x0800ad6e   0x00000002   PAD
    0x0800ad70   0x0800ad70   0x00000024   Code   RO         2715    i.InitData_Drivers  io_control.o
    0x0800ad94   0x0800ad94   0x00000174   Code   RO          378    i.InitData_E2prom   eeprom.o
    0x0800af08   0x0800af08   0x00000060   Code   RO         1825    i.InitData_SOC      soc.o
    0x0800af68   0x0800af68   0x00000048   Code   RO         1866    i.InitDelay         system_init.o
    0x0800afb0   0x0800afb0   0x00000048   Code   RO         1125    i.InitDevice        main.o
    0x0800aff8   0x0800aff8   0x00000068   Code   RO          379    i.InitE2PROM        eeprom.o
    0x0800b060   0x0800b060   0x00000138   Code   RO         6240    i.InitIO            conf.o
    0x0800b198   0x0800b198   0x00000008   Code   RO         2716    i.InitMosRelay_DOx  io_control.o
    0x0800b1a0   0x0800b1a0   0x0000000c   Code   RO         1867    i.InitNVIC          system_init.o
    0x0800b1ac   0x0800b1ac   0x000000a4   Code   RO         1982    i.InitProID         productionid.o
    0x0800b250   0x0800b250   0x000000c0   Code   RO         1380    i.InitSCI1_CommonUpper  sci_upper.o
    0x0800b310   0x0800b310   0x000000b8   Code   RO         1381    i.InitSCI2_CommonUpper  sci_upper.o
    0x0800b3c8   0x0800b3c8   0x00000008   Code   RO         1126    i.InitSci           main.o
    0x0800b3d0   0x0800b3d0   0x000000e0   Code   RO         2694    i.InitShortCur      shortfunc.o
    0x0800b4b0   0x0800b4b0   0x000001b4   Code   RO         1934    i.InitSystemMonitorData_EEPROM  system_monitor.o
    0x0800b664   0x0800b664   0x00000002   Code   RO         1127    i.InitSystemWakeUp  main.o
    0x0800b666   0x0800b666   0x00000002   PAD
    0x0800b668   0x0800b668   0x00000078   Code   RO         1868    i.InitTimer         system_init.o
    0x0800b6e0   0x0800b6e0   0x0000000c   Code   RO         1382    i.InitUSART_CommonUpper  sci_upper.o
    0x0800b6ec   0x0800b6ec   0x00000064   Code   RO         1128    i.InitVar           main.o
    0x0800b750   0x0800b750   0x000000d4   Code   RO         6241    i.InitWakeUp_Base   conf.o
    0x0800b824   0x0800b824   0x00000008   Code   RO         6242    i.InitWakeUp_DeepMode  conf.o
    0x0800b82c   0x0800b82c   0x0000010c   Code   RO         6243    i.InitWakeUp_NormalMode  conf.o
    0x0800b938   0x0800b938   0x0000000c   Code   RO         6244    i.InitWakeUp_RTCMode  conf.o
    0x0800b944   0x0800b944   0x00000044   Code   RO         1869    i.Init_IWDG         system_init.o
    0x0800b988   0x0800b988   0x0000002c   Code   RO          288    i.Init_Registers    datadeal.o
    0x0800b9b4   0x0800b9b4   0x00000090   Code   RO         1686    i.IsSleepStartUp    sleepdeal.o
    0x0800ba44   0x0800ba44   0x00000150   Code   RO         2640    i.LedBar_Show_CHG   ledbar.o
    0x0800bb94   0x0800bb94   0x000000ac   Code   RO         2641    i.LedBar_Show_DSG   ledbar.o
    0x0800bc40   0x0800bc40   0x00000110   Code   RO         2643    i.LedBar_Show_Normal  ledbar.o
    0x0800bd50   0x0800bd50   0x00000074   Code   RO         2645    i.LedBar_StartUp    ledbar.o
    0x0800bdc4   0x0800bdc4   0x0000009c   Code   RO         2576    i.LogEvent_EEPROM   logrecord.o
    0x0800be60   0x0800be60   0x000000b8   Code   RO         2577    i.LogEvent_Record   logrecord.o
    0x0800bf18   0x0800bf18   0x0000004c   Code   RO         2578    i.LogTime_Map       logrecord.o
    0x0800bf64   0x0800bf64   0x0000003c   Code   RO          947    i.MTPRead           i2c_afe1.o
    0x0800bfa0   0x0800bfa0   0x00000064   Code   RO          948    i.MTPWrite          i2c_afe1.o
    0x0800c004   0x0800c004   0x00000064   Code   RO          949    i.MTPWriteROM       i2c_afe1.o
    0x0800c068   0x0800c068   0x00000004   Code   RO         3118    i.MemManage_Handler  stm32f10x_it.o
    0x0800c06c   0x0800c06c   0x000001dc   Code   RO          289    i.MonitorAFE        datadeal.o
    0x0800c248   0x0800c248   0x00000088   Code   RO         1193    i.Monitor_TempBreak  pubfunc.o
    0x0800c2d0   0x0800c2d0   0x00000428   Code   RO         2790    i.MosCtrl_SameDoor_NoPreChg  iodrivers.o
    0x0800c6f8   0x0800c6f8   0x00000002   Code   RO         3119    i.NMI_Handler       stm32f10x_it.o
    0x0800c6fa   0x0800c6fa   0x00000002   PAD
    0x0800c6fc   0x0800c6fc   0x00000070   Code   RO         3266    i.NVIC_Init         misc.o
    0x0800c76c   0x0800c76c   0x00000014   Code   RO         3267    i.NVIC_PriorityGroupConfig  misc.o
    0x0800c780   0x0800c780   0x00000024   Code   RO         1687    i.NVIC_SystemReset  sleepdeal.o
    0x0800c7a4   0x0800c7a4   0x00000024   Code   RO         6245    i.NVIC_SystemReset  conf.o
    0x0800c7c8   0x0800c7c8   0x0000000c   Code   RO         4771    i.PWR_BackupAccessCmd  stm32f10x_pwr.o
    0x0800c7d4   0x0800c7d4   0x00000040   Code   RO         4775    i.PWR_EnterSTOPMode  stm32f10x_pwr.o
    0x0800c814   0x0800c814   0x00000002   Code   RO         3120    i.PendSV_Handler    stm32f10x_it.o
    0x0800c816   0x0800c816   0x00000002   PAD
    0x0800c818   0x0800c818   0x00000018   Code   RO         4831    i.RCC_ADCCLKConfig  stm32f10x_rcc.o
    0x0800c830   0x0800c830   0x00000020   Code   RO         4832    i.RCC_AHBPeriphClockCmd  stm32f10x_rcc.o
    0x0800c850   0x0800c850   0x00000020   Code   RO         4833    i.RCC_APB1PeriphClockCmd  stm32f10x_rcc.o
    0x0800c870   0x0800c870   0x00000020   Code   RO         4834    i.RCC_APB1PeriphResetCmd  stm32f10x_rcc.o
    0x0800c890   0x0800c890   0x00000020   Code   RO         4835    i.RCC_APB2PeriphClockCmd  stm32f10x_rcc.o
    0x0800c8b0   0x0800c8b0   0x00000020   Code   RO         4836    i.RCC_APB2PeriphResetCmd  stm32f10x_rcc.o
    0x0800c8d0   0x0800c8d0   0x000000d4   Code   RO         4843    i.RCC_GetClocksFreq  stm32f10x_rcc.o
    0x0800c9a4   0x0800c9a4   0x0000001c   Code   RO         1284    i.RTCAlarm_IRQHandler  rtc.o
    0x0800c9c0   0x0800c9c0   0x00000010   Code   RO         5032    i.RTC_ClearITPendingBit  stm32f10x_rtc.o
    0x0800c9d0   0x0800c9d0   0x00000014   Code   RO         5033    i.RTC_EnterConfigMode  stm32f10x_rtc.o
    0x0800c9e4   0x0800c9e4   0x00000014   Code   RO         5034    i.RTC_ExitConfigMode  stm32f10x_rtc.o
    0x0800c9f8   0x0800c9f8   0x00000014   Code   RO         5035    i.RTC_GetCounter    stm32f10x_rtc.o
    0x0800ca0c   0x0800ca0c   0x00000024   Code   RO         5038    i.RTC_GetITStatus   stm32f10x_rtc.o
    0x0800ca30   0x0800ca30   0x00000034   Code   RO         1287    i.RTC_IRQHandler    rtc.o
    0x0800ca64   0x0800ca64   0x00000020   Code   RO         5039    i.RTC_ITConfig      stm32f10x_rtc.o
    0x0800ca84   0x0800ca84   0x0000001c   Code   RO         5040    i.RTC_SetAlarm      stm32f10x_rtc.o
    0x0800caa0   0x0800caa0   0x00000038   Code   RO         1290    i.RTC_WKTimeConfig  rtc.o
    0x0800cad8   0x0800cad8   0x00000014   Code   RO         5043    i.RTC_WaitForLastTask  stm32f10x_rtc.o
    0x0800caec   0x0800caec   0x00000060   Code   RO         2503    i.ReadEEPROM_AFE_Parameters  sh367309_datadeal.o
    0x0800cb4c   0x0800cb4c   0x00000094   Code   RO          380    i.ReadEEPROM_Byte   eeprom.o
    0x0800cbe0   0x0800cbe0   0x000001c0   Code   RO          382    i.ReadEEPROM_ByteData_StartUp  eeprom.o
    0x0800cda0   0x0800cda0   0x00000090   Code   RO         2579    i.ReadEEPROM_EventRecord_Parameters  logrecord.o
    0x0800ce30   0x0800ce30   0x00000024   Code   RO          383    i.ReadEEPROM_Word_NoZone  eeprom.o
    0x0800ce54   0x0800ce54   0x00000024   Code   RO         6332    i.RecvByte_4G       adapter_4g.o
    0x0800ce78   0x0800ce78   0x000001b4   Code   RO         2717    i.RefreshData_Drivers  io_control.o
    0x0800d02c   0x0800d02c   0x00000034   Code   RO         1826    i.RefreshData_SOC   soc.o
    0x0800d060   0x0800d060   0x000001dc   Code   RO         2504    i.Refresh_Parameters  sh367309_datadeal.o
    0x0800d23c   0x0800d23c   0x00000054   Code   RO         2324    i.SH367309_DriverMos_Ctrl  sh367309_func.o
    0x0800d290   0x0800d290   0x00000038   Code   RO         2325    i.SH367309_Enable_AFE_Wdt_Cadc_Drivers  sh367309_func.o
    0x0800d2c8   0x0800d2c8   0x00000070   Code   RO         2505    i.SH367309_UpdataAfeConfig  sh367309_datadeal.o
    0x0800d338   0x0800d338   0x0000011c   Code   RO         2976    i.SOC_Cont_AH_Int_CHG  socenhance.o
    0x0800d454   0x0800d454   0x0000012c   Code   RO         2977    i.SOC_Cont_AH_Int_DSG  socenhance.o
    0x0800d580   0x0800d580   0x00000098   Code   RO         2979    i.SOC_DealEEPROM_Data  socenhance.o
    0x0800d618   0x0800d618   0x000000a4   Code   RO         2980    i.SOC_EEPROM_Deal_Monitor  socenhance.o
    0x0800d6bc   0x0800d6bc   0x00000040   Code   RO         2981    i.SOC_IntEnhance_Ctrl  socenhance.o
    0x0800d6fc   0x0800d6fc   0x00000060   Code   RO         2982    i.SOC_RefreshData_Monitor  socenhance.o
    0x0800d75c   0x0800d75c   0x000000ac   Code   RO         2983    i.SOC_Result_Pass   socenhance.o
    0x0800d808   0x0800d808   0x000000c0   Code   RO         2984    i.SOC_State_Transfer  socenhance.o
    0x0800d8c8   0x0800d8c8   0x00000094   Code   RO         2985    i.SOC_Update_StartUp  socenhance.o
    0x0800d95c   0x0800d95c   0x00000002   Code   RO         3121    i.SVC_Handler       stm32f10x_it.o
    0x0800d95e   0x0800d95e   0x00000002   PAD
    0x0800d960   0x0800d960   0x00000080   Code   RO         1383    i.Sci1_CommonUpper_FaultChk  sci_upper.o
    0x0800d9e0   0x0800d9e0   0x000000dc   Code   RO         1385    i.Sci1_CommonUpper_Tx_Deal  sci_upper.o
    0x0800dabc   0x0800dabc   0x00000080   Code   RO         1386    i.Sci2_CommonUpper_FaultChk  sci_upper.o
    0x0800db3c   0x0800db3c   0x00000110   Code   RO         1387    i.Sci2_CommonUpper_Rx_Deal  sci_upper.o
    0x0800dc4c   0x0800dc4c   0x000000dc   Code   RO         1388    i.Sci2_CommonUpper_Tx_Deal  sci_upper.o
    0x0800dd28   0x0800dd28   0x00000118   Code   RO         1389    i.Sci_ACK_0x03      sci_upper.o
    0x0800de40   0x0800de40   0x00000038   Code   RO         2506    i.Sci_ACK_0x03_RW_AFE_Parameters  sh367309_datadeal.o
    0x0800de78   0x0800de78   0x00000050   Code   RO         1390    i.Sci_ACK_0x03_RW_Data_Cali  sci_upper.o
    0x0800dec8   0x0800dec8   0x000000f0   Code   RO         1391    i.Sci_ACK_0x03_RW_Data_Other  sci_upper.o
    0x0800dfb8   0x0800dfb8   0x00000058   Code   RO         1392    i.Sci_ACK_0x03_RW_Data_OtherCanAdd  sci_upper.o
    0x0800e010   0x0800e010   0x00000030   Code   RO         1393    i.Sci_ACK_0x03_RW_Data_Pro  sci_upper.o
    0x0800e040   0x0800e040   0x0000041c   Code   RO         1394    i.Sci_ACK_0x03_ReadRegs_Data  sci_upper.o
    0x0800e45c   0x0800e45c   0x00000050   Code   RO         2580    i.Sci_ACK_0x03_ReadRegs_EventRecord  logrecord.o
    0x0800e4ac   0x0800e4ac   0x000001cc   Code   RO         1395    i.Sci_ACK_0x03_ReadRegs_LCD  sci_upper.o
    0x0800e678   0x0800e678   0x0000005a   Code   RO         1396    i.Sci_ACK_0x06_0x10  sci_upper.o
    0x0800e6d2   0x0800e6d2   0x00000036   Code   RO         1195    i.Sci_CRC16RTU      pubfunc.o
    0x0800e708   0x0800e708   0x0000003c   Code   RO         1397    i.Sci_DataInit      sci_upper.o
    0x0800e744   0x0800e744   0x000000a0   Code   RO         1398    i.Sci_Deal_ReadRegs_0x03  sci_upper.o
    0x0800e7e4   0x0800e7e4   0x000000b6   Code   RO         1399    i.Sci_Deal_WrReg_0x06  sci_upper.o
    0x0800e89a   0x0800e89a   0x0000025c   Code   RO         1400    i.Sci_Deal_WrRegs_0x10  sci_upper.o
    0x0800eaf6   0x0800eaf6   0x00000002   PAD
    0x0800eaf8   0x0800eaf8   0x00000058   Code   RO         1401    i.Sci_WrReg_0x06_BMS_FunctionOFF  sci_upper.o
    0x0800eb50   0x0800eb50   0x00000158   Code   RO         1402    i.Sci_WrReg_0x06_BMS_FunctionON  sci_upper.o
    0x0800eca8   0x0800eca8   0x0000002c   Code   RO         2507    i.Sci_WrReg_0x06_Reset_AFE_Parameters  sh367309_datadeal.o
    0x0800ecd4   0x0800ecd4   0x000001b8   Code   RO         1403    i.Sci_WrReg_0x06_Reset_CalibCoef  sci_upper.o
    0x0800ee8c   0x0800ee8c   0x00000050   Code   RO         2581    i.Sci_WrReg_0x06_Reset_EventRecord  logrecord.o
    0x0800eedc   0x0800eedc   0x00000058   Code   RO         1404    i.Sci_WrReg_0x06_Reset_HeatCool  sci_upper.o
    0x0800ef34   0x0800ef34   0x00000098   Code   RO         1405    i.Sci_WrReg_0x06_Reset_OtherCanAdd  sci_upper.o
    0x0800efcc   0x0800efcc   0x00000070   Code   RO         1406    i.Sci_WrReg_0x06_Reset_ProtectElement  sci_upper.o
    0x0800f03c   0x0800f03c   0x0000007c   Code   RO         1407    i.Sci_WrReg_0x06_Reset_ProtectRecord  sci_upper.o
    0x0800f0b8   0x0800f0b8   0x0000002c   Code   RO         1408    i.Sci_WrReg_0x06_SetSocOnce  sci_upper.o
    0x0800f0e4   0x0800f0e4   0x0000001c   Code   RO         1409    i.Sci_WrReg_0x06_SwitchOFF  sci_upper.o
    0x0800f100   0x0800f100   0x0000001c   Code   RO         1410    i.Sci_WrReg_0x06_SwitchON  sci_upper.o
    0x0800f11c   0x0800f11c   0x000000ac   Code   RO         2508    i.Sci_WrRegs_0x10_AFE_Parameters  sh367309_datadeal.o
    0x0800f1c8   0x0800f1c8   0x0000009c   Code   RO         1411    i.Sci_WrRegs_0x10_Balance  sci_upper.o
    0x0800f264   0x0800f264   0x000000b4   Code   RO         1412    i.Sci_WrRegs_0x10_CalibCoef  sci_upper.o
    0x0800f318   0x0800f318   0x00000078   Code   RO         1413    i.Sci_WrRegs_0x10_CopperLoss  sci_upper.o
    0x0800f390   0x0800f390   0x00000044   Code   RO         1414    i.Sci_WrRegs_0x10_FlashConnect  sci_upper.o
    0x0800f3d4   0x0800f3d4   0x00000058   Code   RO         1415    i.Sci_WrRegs_0x10_HeatCoolElement  sci_upper.o
    0x0800f42c   0x0800f42c   0x000000a0   Code   RO         1416    i.Sci_WrRegs_0x10_Protect  sci_upper.o
    0x0800f4cc   0x0800f4cc   0x00000054   Code   RO         1417    i.Sci_WrRegs_0x10_RTC  sci_upper.o
    0x0800f520   0x0800f520   0x000000dc   Code   RO         1418    i.Sci_WrRegs_0x10_SN_Version  sci_upper.o
    0x0800f5fc   0x0800f5fc   0x000000a0   Code   RO         1419    i.Sci_WrRegs_0x10_SleepElement  sci_upper.o
    0x0800f69c   0x0800f69c   0x00000088   Code   RO         1420    i.Sci_WrRegs_0x10_SocElement  sci_upper.o
    0x0800f724   0x0800f724   0x00000058   Code   RO         1421    i.Sci_WrRegs_0x10_SocTable  sci_upper.o
    0x0800f77c   0x0800f77c   0x000000a8   Code   RO         1422    i.Sci_WrRegs_0x10_SysOther  sci_upper.o
    0x0800f824   0x0800f824   0x000000b0   Code   RO         1423    i.Sci_WrRegs_0x10_SystemElement  sci_upper.o
    0x0800f8d4   0x0800f8d4   0x0000001c   Code   RO         6333    i.SendByte_4G       adapter_4g.o
    0x0800f8f0   0x0800f8f0   0x00000008   Code   RO         3228    i.SetSysClock       system_stm32f10x.o
    0x0800f8f8   0x0800f8f8   0x000000a8   Code   RO         3229    i.SetSysClockToHSE  system_stm32f10x.o
    0x0800f9a0   0x0800f9a0   0x0000014c   Code   RO         1689    i.SleepDeal_Continue  sleepdeal.o
    0x0800faec   0x0800faec   0x00000188   Code   RO         1692    i.SleepDeal_Normal_L2  sleepdeal.o
    0x0800fc74   0x0800fc74   0x00000154   Code   RO         1693    i.SleepDeal_Normal_L3  sleepdeal.o
    0x0800fdc8   0x0800fdc8   0x00000098   Code   RO         1694    i.SleepDeal_Normal_Select  sleepdeal.o
    0x0800fe60   0x0800fe60   0x00000002   Code   RO         3122    i.SysTick_Handler   stm32f10x_it.o
    0x0800fe62   0x0800fe62   0x00000002   PAD
    0x0800fe64   0x0800fe64   0x00000054   Code   RO         1935    i.Sys_FindProtectFilterMax  system_monitor.o
    0x0800feb8   0x0800feb8   0x0000000c   Code   RO         6246    i.Sys_StopMode      conf.o
    0x0800fec4   0x0800fec4   0x00000060   Code   RO         3231    i.SystemInit        system_stm32f10x.o
    0x0800ff24   0x0800ff24   0x00000088   Code   RO         1936    i.SystemMonitorResetData_EEPROM  system_monitor.o
    0x0800ffac   0x0800ffac   0x000002fc   Code   RO         1937    i.System_ERROR_UserCallback  system_monitor.o
    0x080102a8   0x080102a8   0x0000022c   Code   RO         1938    i.System_FUNC_StartUp  system_monitor.o
    0x080104d4   0x080104d4   0x000000b4   Code   RO         1870    i.TIM3_IRQHandler   system_init.o
    0x08010588   0x08010588   0x00000006   Code   RO         5462    i.TIM_ClearITPendingBit  stm32f10x_tim.o
    0x0801058e   0x0801058e   0x00000018   Code   RO         5467    i.TIM_Cmd           stm32f10x_tim.o
    0x080105a6   0x080105a6   0x00000022   Code   RO         5488    i.TIM_GetITStatus   stm32f10x_tim.o
    0x080105c8   0x080105c8   0x00000012   Code   RO         5492    i.TIM_ITConfig      stm32f10x_tim.o
    0x080105da   0x080105da   0x00000002   PAD
    0x080105dc   0x080105dc   0x000000a4   Code   RO         5501    i.TIM_OC2Init       stm32f10x_tim.o
    0x08010680   0x08010680   0x000000a4   Code   RO         5538    i.TIM_TimeBaseInit  stm32f10x_tim.o
    0x08010724   0x08010724   0x00000068   Code   RO          950    i.TwiChkClkRelease  i2c_afe1.o
    0x0801078c   0x0801078c   0x000000a4   Code   RO          951    i.TwiGetData        i2c_afe1.o
    0x08010830   0x08010830   0x00000030   Code   RO          952    i.TwiReStart        i2c_afe1.o
    0x08010860   0x08010860   0x000000ce   Code   RO          953    i.TwiRead           i2c_afe1.o
    0x0801092e   0x0801092e   0x00000002   PAD
    0x08010930   0x08010930   0x00000110   Code   RO          955    i.TwiSendData       i2c_afe1.o
    0x08010a40   0x08010a40   0x00000058   Code   RO          956    i.TwiStart          i2c_afe1.o
    0x08010a98   0x08010a98   0x00000070   Code   RO          957    i.TwiStop           i2c_afe1.o
    0x08010b08   0x08010b08   0x0000008c   Code   RO          958    i.TwiWrite          i2c_afe1.o
    0x08010b94   0x08010b94   0x0000000c   Code   RO         1196    i.U16_SwapEndian    pubfunc.o
    0x08010ba0   0x08010ba0   0x0000000c   Code   RO         3123    i.USART1_IRQHandler  stm32f10x_it.o
    0x08010bac   0x08010bac   0x00000034   Code   RO         3124    i.USART2_IRQHandler  stm32f10x_it.o
    0x08010be0   0x08010be0   0x00000024   Code   RO         3125    i.USART3_IRQHandler  stm32f10x_it.o
    0x08010c04   0x08010c04   0x00000018   Code   RO         6003    i.USART_Cmd         stm32f10x_usart.o
    0x08010c1c   0x08010c1c   0x00000054   Code   RO         6007    i.USART_GetITStatus  stm32f10x_usart.o
    0x08010c70   0x08010c70   0x0000004a   Code   RO         6009    i.USART_ITConfig    stm32f10x_usart.o
    0x08010cba   0x08010cba   0x00000002   PAD
    0x08010cbc   0x08010cbc   0x000000d8   Code   RO         6010    i.USART_Init        stm32f10x_usart.o
    0x08010d94   0x08010d94   0x0000003c   Code   RO         2055    i.USB_LP_CAN1_RX0_IRQHandler  can_hdx.o
    0x08010dd0   0x08010dd0   0x00000144   Code   RO          960    i.UpdateVoltageFromBqMaximo  i2c_afe1.o
    0x08010f14   0x08010f14   0x00000004   Code   RO         3126    i.UsageFault_Handler  stm32f10x_it.o
    0x08010f18   0x08010f18   0x00000080   Code   RO          384    i.WriteEEPROM_Byte  eeprom.o
    0x08010f98   0x08010f98   0x00000244   Code   RO          385    i.WriteEEPROM_ByteData_Circle  eeprom.o
    0x080111dc   0x080111dc   0x00000066   Code   RO          386    i.WriteEEPROM_Word_NoZone  eeprom.o
    0x08011242   0x08011242   0x00000002   PAD
    0x08011244   0x08011244   0x000000d4   Code   RO         1983    i.WriteProID        productionid.o
    0x08011318   0x08011318   0x00000084   Code   RO         1984    i.WriteProID_Default  productionid.o
    0x0801139c   0x0801139c   0x0000004c   Code   RO         2509    i.Write_Parameters  sh367309_datadeal.o
    0x080113e8   0x080113e8   0x00000054   Code   RO         1871    i.__delay_ms        system_init.o
    0x0801143c   0x0801143c   0x0000004c   Code   RO         1872    i.__delay_us        system_init.o
    0x08011488   0x08011488   0x0000000e   Code   RO         7008    i.__scatterload_copy  mc_w.l(handlers.o)
    0x08011496   0x08011496   0x00000002   Code   RO         7009    i.__scatterload_null  mc_w.l(handlers.o)
    0x08011498   0x08011498   0x0000000e   Code   RO         7010    i.__scatterload_zeroinit  mc_w.l(handlers.o)
    0x080114a6   0x080114a6   0x00000002   PAD
    0x080114a8   0x080114a8   0x000002c4   Code   RO         6667    i.all_data_update   protocol.o
    0x0801176c   0x0801176c   0x00000002   Code   RO         6880    i.cellular_heatbeat_reset_timer  system.o
    0x0801176e   0x0801176e   0x00000002   PAD
    0x08011770   0x08011770   0x0000002c   Code   RO         6355    i.cellular_protocol_init  mcu_api.o
    0x0801179c   0x0801179c   0x0000019a   Code   RO         6668    i.cellular_service_process  protocol.o
    0x08011936   0x08011936   0x00000002   PAD
    0x08011938   0x08011938   0x000000f8   Code   RO         6356    i.cellular_uart_service  mcu_api.o
    0x08011a30   0x08011a30   0x00000024   Code   RO         6881    i.cellular_uart_write_data  system.o
    0x08011a54   0x08011a54   0x00000048   Code   RO         6882    i.cellular_uart_write_frame  system.o
    0x08011a9c   0x08011a9c   0x00000002   Code   RO         6669    i.contrl_cellular_mic_gain_result  protocol.o
    0x08011a9e   0x08011a9e   0x00000002   Code   RO         6670    i.contrl_cellular_side_gain_result  protocol.o
    0x08011aa0   0x08011aa0   0x00000128   Code   RO         6883    i.data_handle       system.o
    0x08011bc8   0x08011bc8   0x0000004c   Code   RO         6884    i.data_point_handle  system.o
    0x08011c14   0x08011c14   0x0000000a   Code   RO         6671    i.dp_download_handle  protocol.o
    0x08011c1e   0x08011c1e   0x00000002   PAD
    0x08011c20   0x08011c20   0x00000048   Code   RO         1702    i.entersleep        sleepdeal.o
    0x08011c68   0x08011c68   0x00000030   Code   RO         6672    i.expand_service_process  protocol.o
    0x08011c98   0x08011c98   0x00000002   Code   RO         6673    i.get_cellular_IMCI_result  protocol.o
    0x08011c9a   0x08011c9a   0x00000002   Code   RO         6674    i.get_cellular_IMEI_result  protocol.o
    0x08011c9c   0x08011c9c   0x00000002   Code   RO         6675    i.get_cellular_IMSI_result  protocol.o
    0x08011c9e   0x08011c9e   0x00000020   Code   RO         6677    i.get_cellular_nettype_result  protocol.o
    0x08011cbe   0x08011cbe   0x0000001a   Code   RO         6678    i.get_cellular_reboot_result  protocol.o
    0x08011cd8   0x08011cd8   0x00000002   Code   RO         6679    i.get_cellular_vbat_vol_result  protocol.o
    0x08011cda   0x08011cda   0x00000002   Code   RO         6680    i.get_cellular_ver_result  protocol.o
    0x08011cdc   0x08011cdc   0x00000018   Code   RO         6681    i.get_cellular_warning_result  protocol.o
    0x08011cf4   0x08011cf4   0x00000014   Code   RO         6682    i.get_cellular_work_mode_result  protocol.o
    0x08011d08   0x08011d08   0x0000001c   Code   RO         6885    i.get_check_sum     system.o
    0x08011d24   0x08011d24   0x0000000c   Code   RO         6683    i.get_contrl_cellulat_audio_play_result  protocol.o
    0x08011d30   0x08011d30   0x0000002c   Code   RO         6886    i.get_dowmload_dpid_index  system.o
    0x08011d5c   0x08011d5c   0x00000004   Code   RO         6684    i.get_download_cmd_total  protocol.o
    0x08011d60   0x08011d60   0x00000002   Code   RO         6685    i.get_dtmf_ack_result  protocol.o
    0x08011d62   0x08011d62   0x0000003e   Code   RO         6686    i.get_dtmf_value_result  protocol.o
    0x08011da0   0x08011da0   0x00000010   Code   RO         6887    i.get_mcu_cellular_mode  system.o
    0x08011db0   0x08011db0   0x00000002   Code   RO         6687    i.get_set_cellular_ctrl_ble_conn_result  protocol.o
    0x08011db2   0x08011db2   0x00000002   Code   RO         6688    i.get_set_cellular_ctrl_dtmf_result  protocol.o
    0x08011db4   0x08011db4   0x00000002   Code   RO         6689    i.get_set_cellular_ctrl_low_vol_power_result  protocol.o
    0x08011db6   0x08011db6   0x00000018   Code   RO         6690    i.get_set_cellular_ctrl_mute_result  protocol.o
    0x08011dce   0x08011dce   0x00000002   Code   RO         6691    i.get_set_cellular_ctrl_offline_result  protocol.o
    0x08011dd0   0x08011dd0   0x00000002   Code   RO         6692    i.get_set_cellular_sim_hotplug_result  protocol.o
    0x08011dd2   0x08011dd2   0x00000014   Code   RO         6693    i.get_set_cellular_volume_result  protocol.o
    0x08011de6   0x08011de6   0x00000002   Code   RO         6694    i.get_set_cellular_wakeup_gpio_result  protocol.o
    0x08011de8   0x08011de8   0x00000022   Code   RO         6695    i.get_vbat_charging_status_result  protocol.o
    0x08011e0a   0x08011e0a   0x00000002   Code   RO         6696    i.get_voice_play_finish_result  protocol.o
    0x08011e0c   0x08011e0c   0x0000001e   Code   RO         6697    i.get_voice_play_status_result  protocol.o
    0x08011e2a   0x08011e2a   0x00000002   PAD
    0x08011e2c   0x08011e2c   0x00000038   Code   RO         6888    i.heat_beat_check   system.o
    0x08011e64   0x08011e64   0x00000050   Code   RO          961    i.initAFE1_IIC      i2c_afe1.o
    0x08011eb4   0x08011eb4   0x00000084   Code   RO         2718    i.isforceClose      io_control.o
    0x08011f38   0x08011f38   0x00000020   Code   RO         1199    i.jtag_disableAndConfIO  pubfunc.o
    0x08011f58   0x08011f58   0x0000004c   Code   RO         1129    i.main              main.o
    0x08011fa4   0x08011fa4   0x000000c8   Code   RO         6370    i.mcu_dp_fault_update  mcu_api.o
    0x0801206c   0x0801206c   0x00000078   Code   RO         6373    i.mcu_dp_value_update  mcu_api.o
    0x080120e4   0x080120e4   0x00000044   Code   RO         6395    i.my_memcpy         mcu_api.o
    0x08012128   0x08012128   0x0000001c   Code   RO         6399    i.my_strlen         mcu_api.o
    0x08012144   0x08012144   0x00000002   Code   RO         6698    i.open_expand_service_reset_result  protocol.o
    0x08012146   0x08012146   0x0000001c   Code   RO         6699    i.process_expand_service_ota_result  protocol.o
    0x08012162   0x08012162   0x00000030   Code   RO         6700    i.process_expand_service_reset_result  protocol.o
    0x08012192   0x08012192   0x00000002   PAD
    0x08012194   0x08012194   0x000000e0   Code   RO         6889    i.product_info_update  system.o
    0x08012274   0x08012274   0x00000028   Code   RO         6890    i.set_cellular_uart_buffer  system.o
    0x0801229c   0x0801229c   0x00000010   Code   RO         6891    i.set_cellular_uart_byte  system.o
    0x080122ac   0x080122ac   0x00000050   Code   RO         2986    i.soc_factory_param_init_first  socenhance.o
    0x080122fc   0x080122fc   0x00000054   Code   RO         2987    i.soc_param_lib_init  socenhance.o
    0x08012350   0x08012350   0x0000003c   Code   RO         6892    i.take_byte_rxbuff  system.o
    0x0801238c   0x0801238c   0x00000058   Code   RO         6401    i.uart_receive_input  mcu_api.o
    0x080123e4   0x080123e4   0x0000000c   Code   RO         6701    i.uart_transmit_output  protocol.o
    0x080123f0   0x080123f0   0x0000001c   Code   RO         6893    i.with_data_rxbuff  system.o
    0x0801240c   0x0801240c   0x00000070   Data   RO           11    .constdata          adc.o
    0x0801247c   0x0801247c   0x00000494   Data   RO          387    .constdata          eeprom.o
    0x08012910   0x08012910   0x00000170   Data   RO          963    .constdata          i2c_afe1.o
    0x08012a80   0x08012a80   0x00000100   Data   RO         1130    .constdata          main.o
    0x08012b80   0x08012b80   0x000000f4   Data   RO         1425    .constdata          sci_upper.o
    0x08012c74   0x08012c74   0x000000c0   Data   RO         2511    .constdata          sh367309_datadeal.o
    0x08012d34   0x08012d34   0x000000fc   Data   RO         2989    .constdata          socenhance.o
    0x08012e30   0x08012e30   0x00000030   Data   RO         6702    .constdata          protocol.o
    0x08012e60   0x08012e60   0x00000020   Data   RO         7006    Region$$Table       anon$$obj.o


    Execution Region RW_IRAM1 (Exec base: 0x20000000, Load base: 0x08012e80, Size: 0x00001de8, Max: 0x00005000, ABSOLUTE, COMPRESSED[0x000001f8])

    Exec Addr    Load Addr    Size         Type   Attr      Idx    E Section Name        Object

    0x20000000   COMPRESSED   0x0000001e   Data   RW          292    .data               datadeal.o
    0x2000001e   COMPRESSED   0x00000002   PAD
    0x20000020   COMPRESSED   0x00000030   Data   RW          388    .data               eeprom.o
    0x20000050   COMPRESSED   0x00000060   Data   RW          552    .data               fault.o
    0x200000b0   COMPRESSED   0x00000011   Data   RW          847    .data               heat_cool.o
    0x200000c1   COMPRESSED   0x00000001   Data   RW         1131    .data               main.o
    0x200000c2   COMPRESSED   0x00000003   Data   RW         1200    .data               pubfunc.o
    0x200000c5   COMPRESSED   0x00000001   PAD
    0x200000c6   COMPRESSED   0x00000026   Data   RW         1295    .data               rtc.o
    0x200000ec   COMPRESSED   0x00000018   Data   RW         1426    .data               sci_upper.o
    0x20000104   COMPRESSED   0x0000004e   Data   RW         1703    .data               sleepdeal.o
    0x20000152   COMPRESSED   0x0000001e   Data   RW         1873    .data               system_init.o
    0x20000170   COMPRESSED   0x0000001a   Data   RW         1940    .data               system_monitor.o
    0x2000018a   COMPRESSED   0x00000001   Data   RW         1986    .data               productionid.o
    0x2000018b   COMPRESSED   0x00000001   PAD
    0x2000018c   COMPRESSED   0x0000000e   Data   RW         2057    .data               can_hdx.o
    0x2000019a   COMPRESSED   0x00000016   Data   RW         2250    .data               cell_balance.o
    0x200001b0   COMPRESSED   0x0000014b   Data   RW         2330    .data               sh367309_func.o
    0x200002fb   COMPRESSED   0x00000001   PAD
    0x200002fc   COMPRESSED   0x00000006   Data   RW         2440    .data               chargerloadfunc.o
    0x20000302   COMPRESSED   0x00000002   PAD
    0x20000304   COMPRESSED   0x000000c8   Data   RW         2512    .data               sh367309_datadeal.o
    0x200003cc   COMPRESSED   0x00000009   Data   RW         2583    .data               logrecord.o
    0x200003d5   COMPRESSED   0x00000001   PAD
    0x200003d6   COMPRESSED   0x0000000a   Data   RW         2646    .data               ledbar.o
    0x200003e0   COMPRESSED   0x0000000c   Data   RW         2719    .data               io_control.o
    0x200003ec   COMPRESSED   0x00000108   Data   RW         2805    .data               iodrivers.o
    0x200004f4   COMPRESSED   0x00000024   Data   RW         2990    .data               socenhance.o
    0x20000518   COMPRESSED   0x00000014   Data   RW         3232    .data               system_stm32f10x.o
    0x2000052c   COMPRESSED   0x00000014   Data   RW         4863    .data               stm32f10x_rcc.o
    0x20000540   COMPRESSED   0x00000002   Data   RW         6402    .data               mcu_api.o
    0x20000542   COMPRESSED   0x00000002   PAD
    0x20000544   COMPRESSED   0x0000000d   Data   RW         6895    .data               system.o
    0x20000551   COMPRESSED   0x00000003   PAD
    0x20000554        -       0x00000070   Zero   RW           10    .bss                adc.o
    0x200005c4        -       0x0000013c   Zero   RW          291    .bss                datadeal.o
    0x20000700        -       0x00000172   Zero   RW          551    .bss                fault.o
    0x20000872        -       0x00000030   Zero   RW          846    .bss                heat_cool.o
    0x200008a2   COMPRESSED   0x00000002   PAD
    0x200008a4        -       0x0000005c   Zero   RW          962    .bss                i2c_afe1.o
    0x20000900        -       0x00000018   Zero   RW         1294    .bss                rtc.o
    0x20000918        -       0x0000048c   Zero   RW         1424    .bss                sci_upper.o
    0x20000da4        -       0x00000054   Zero   RW         1827    .bss                soc.o
    0x20000df8        -       0x00000018   Zero   RW         1939    .bss                system_monitor.o
    0x20000e10        -       0x00000070   Zero   RW         1985    .bss                productionid.o
    0x20000e80        -       0x00000028   Zero   RW         2056    .bss                can_hdx.o
    0x20000ea8        -       0x00000020   Zero   RW         2249    .bss                cell_balance.o
    0x20000ec8        -       0x0000000c   Zero   RW         2329    .bss                sh367309_func.o
    0x20000ed4        -       0x0000001a   Zero   RW         2510    .bss                sh367309_datadeal.o
    0x20000eee        -       0x000000dd   Zero   RW         2582    .bss                logrecord.o
    0x20000fcb   COMPRESSED   0x00000001   PAD
    0x20000fcc        -       0x00000050   Zero   RW         2804    .bss                iodrivers.o
    0x2000101c        -       0x000000f4   Zero   RW         2988    .bss                socenhance.o
    0x20001110        -       0x00000068   Zero   RW         6247    .bss                conf.o
    0x20001178        -       0x0000006d   Zero   RW         6894    .bss                system.o
    0x200011e5   COMPRESSED   0x00000003   PAD
    0x200011e8        -       0x00000c00   Zero   RW         3102    STACK               startup_stm32f10x_hd.o


==============================================================================

Image component sizes


      Code (inc. data)   RO Data    RW Data    ZI Data      Debug   Object Name

        64         10          0          0          0        968   adapter_4g.o
       676         58        112          0        112     322994   adc.o
      3562        306          0         14         40      17739   can_hdx.o
      1632        192          0         22         32       7653   cell_balance.o
         0          0          0          6          0       1904   chargerloadfunc.o
      1384         98          0          0        104       8801   conf.o
         0          0          0          0          0         32   core_cm3.o
      2128        214          0         30        316      10409   datadeal.o
      3122        380       1172         48          0      28409   eeprom.o
      6854        578          0         96        370      31927   fault.o
       136         14          0          0          0       1621   flash.o
         0          0          0         17         48       4010   heat_cool.o
      2012        120        368          0         92      12709   i2c_afe1.o
       826         70          0         12          0       6204   io_control.o
      1288         86          0        264         80      24780   iodrivers.o
       984        124          0         10          0       3352   ledbar.o
      1200        106          0          9        221       6475   logrecord.o
       266         22        256          1          0       3903   main.o
       796         52          0          2          0       6408   mcu_api.o
       132         22          0          0          0       1691   misc.o
       556         50          0          1        112       3097   productionid.o
      1584         28         48          0          0      18740   protocol.o
       696         16          0          3          0       5314   pubfunc.o
       136         16          0         38         24       3026   rtc.o
      8548        696        244         24       1164      44590   sci_upper.o
      1124         94        192        200         26      10277   sh367309_datadeal.o
      1208         76          0        331         12       9613   sh367309_func.o
       224         22          0          0          0        487   shortfunc.o
      1684        142          0         78          0       9232   sleepdeal.o
       368         54          0          0         84       2407   soc.o
      2766        222        252         36        244      12552   socenhance.o
        36          8        304          0       3072        840   startup_stm32f10x_hd.o
       500         24          0          0          0       8686   stm32f10x_adc.o
      1340         34          0          0          0       6347   stm32f10x_can.o
       442          8          0          0          0       4111   stm32f10x_dma.o
       200         18          0          0          0       2268   stm32f10x_exti.o
       286         36          0          0          0       3980   stm32f10x_flash.o
       494         10          0          0          0       4664   stm32f10x_gpio.o
       290         26          0          0          0       8791   stm32f10x_it.o
        68         30          0          0          0       2490   stm32f10x_iwdg.o
        76         16          0          0          0       1170   stm32f10x_pwr.o
       396         56          0         20          0       6867   stm32f10x_rcc.o
       192         36          0          0          0       4158   stm32f10x_rtc.o
       410         52          0          0          0       4440   stm32f10x_tim.o
       398          6          0          0          0       4626   stm32f10x_usart.o
       994        136          0         13        109      11361   system.o
      1392        140          0         30          0       8412   system_init.o
      1976        142          0         26         24       8969   system_monitor.o
       272         28          0         20          0       2517   system_stm32f10x.o

    ----------------------------------------------------------------------
     55778       4674       2980       1364       6292     716021   Object Totals
         0          0         32          0          0          0   (incl. Generated)
        60          0          0         13          6          0   (incl. Padding)

    ----------------------------------------------------------------------

      Code (inc. data)   RO Data    RW Data    ZI Data      Debug   Library Member Name

        86          0          0          0          0          0   __dczerorl2.o
         0          0          0          0          0          0   entry.o
         0          0          0          0          0          0   entry10a.o
         0          0          0          0          0          0   entry11a.o
         4          0          0          0          0          0   entry12b.o
         8          4          0          0          0          0   entry2.o
         4          0          0          0          0          0   entry5.o
         0          0          0          0          0          0   entry7b.o
         0          0          0          0          0          0   entry8b.o
         8          4          0          0          0          0   entry9a.o
        30          0          0          0          0          0   handlers.o
        36          8          0          0          0         68   init.o
        36          0          0          0          0         68   memcpya.o
        36          0          0          0          0        108   memseta.o

    ----------------------------------------------------------------------
       250         16          0          0          0        244   Library Totals
         2          0          0          0          0          0   (incl. Padding)

    ----------------------------------------------------------------------

      Code (inc. data)   RO Data    RW Data    ZI Data      Debug   Library Name

       248         16          0          0          0        244   mc_w.l

    ----------------------------------------------------------------------
       250         16          0          0          0        244   Library Totals

    ----------------------------------------------------------------------

==============================================================================


      Code (inc. data)   RO Data    RW Data    ZI Data      Debug   

     56028       4690       2980       1364       6292     693825   Grand Totals
     56028       4690       2980        504       6292     693825   ELF Image Totals (compressed)
     56028       4690       2980        504          0          0   ROM Totals

==============================================================================

    Total RO  Size (Code + RO Data)                59008 (  57.63kB)
    Total RW  Size (RW Data + ZI Data)              7656 (   7.48kB)
    Total ROM Size (Code + RO Data + RW Data)      59512 (  58.12kB)

==============================================================================

